[2024-01-26T13:43:58.875+0000][35219][info][gc,init] CardTable entry size: 512
[2024-01-26T13:43:58.875+0000][35219][info][gc     ] Using G1
[2024-01-26T13:43:58.887+0000][35219][info][gc,init] Version: 21.0.1+12-29 (release)
[2024-01-26T13:43:58.887+0000][35219][info][gc,init] CPUs: 8 total, 8 available
[2024-01-26T13:43:58.887+0000][35219][info][gc,init] Memory: 7665M
[2024-01-26T13:43:58.887+0000][35219][info][gc,init] Large Page Support: Disabled
[2024-01-26T13:43:58.887+0000][35219][info][gc,init] NUMA Support: Disabled
[2024-01-26T13:43:58.887+0000][35219][info][gc,init] Compressed Oops: Enabled (Zero based)
[2024-01-26T13:43:58.887+0000][35219][info][gc,init] Heap Region Size: 2M
[2024-01-26T13:43:58.887+0000][35219][info][gc,init] Heap Min Capacity: 3832M
[2024-01-26T13:43:58.887+0000][35219][info][gc,init] Heap Initial Capacity: 3832M
[2024-01-26T13:43:58.887+0000][35219][info][gc,init] Heap Max Capacity: 3832M
[2024-01-26T13:43:58.887+0000][35219][info][gc,init] Pre-touch: Disabled
[2024-01-26T13:43:58.887+0000][35219][info][gc,init] Parallel Workers: 8
[2024-01-26T13:43:58.887+0000][35219][info][gc,init] Concurrent Workers: 2
[2024-01-26T13:43:58.887+0000][35219][info][gc,init] Concurrent Refinement Workers: 8
[2024-01-26T13:43:58.887+0000][35219][info][gc,init] Periodic GC: Disabled
[2024-01-26T13:43:58.897+0000][35219][info][gc,metaspace] CDS archive(s) mapped at: [0x00007f64a3000000-0x00007f64a3ca5000-0x00007f64a3ca5000), size 13258752, SharedBaseAddress: 0x00007f64a3000000, ArchiveRelocationMode: 1.
[2024-01-26T13:43:58.897+0000][35219][info][gc,metaspace] Compressed class space mapped at: 0x00007f64a4000000-0x00007f64e4000000, reserved size: 1073741824
[2024-01-26T13:43:58.897+0000][35219][info][gc,metaspace] Narrow klass base: 0x00007f64a3000000, Narrow klass shift: 0, Narrow klass range: 0x100000000
[2024-01-26T13:43:58.974+0000][35219][info][gc,heap,exit] Heap
[2024-01-26T13:43:58.974+0000][35219][info][gc,heap,exit]  garbage-first heap   total 3923968K, used 5149K [0x0000000710800000, 0x0000000800000000)
[2024-01-26T13:43:58.974+0000][35219][info][gc,heap,exit]   region size 2048K, 2 young (4096K), 0 survivors (0K)
[2024-01-26T13:43:58.974+0000][35219][info][gc,heap,exit]  Metaspace       used 217K, committed 448K, reserved 1114112K
[2024-01-26T13:43:58.974+0000][35219][info][gc,heap,exit]   class space    used 6K, committed 128K, reserved 1048576K
