[2024-01-26T13:54:15.367+0000][38092][info][gc,init] CardTable entry size: 512
[2024-01-26T13:54:15.367+0000][38092][info][gc     ] Using G1
[2024-01-26T13:54:15.764+0000][38092][info][gc,init] Version: 21.0.1+12-29 (release)
[2024-01-26T13:54:15.764+0000][38092][info][gc,init] CPUs: 8 total, 8 available
[2024-01-26T13:54:15.764+0000][38092][info][gc,init] Memory: 7665M
[2024-01-26T13:54:15.764+0000][38092][info][gc,init] Large Page Support: Disabled
[2024-01-26T13:54:15.764+0000][38092][info][gc,init] NUMA Support: Disabled
[2024-01-26T13:54:15.764+0000][38092][info][gc,init] Compressed Oops: Enabled (Zero based)
[2024-01-26T13:54:15.764+0000][38092][info][gc,init] Heap Region Size: 4M
[2024-01-26T13:54:15.764+0000][38092][info][gc,init] Heap Min Capacity: 3832M
[2024-01-26T13:54:15.764+0000][38092][info][gc,init] Heap Initial Capacity: 3832M
[2024-01-26T13:54:15.764+0000][38092][info][gc,init] Heap Max Capacity: 3832M
[2024-01-26T13:54:15.764+0000][38092][info][gc,init] Pre-touch: Enabled
[2024-01-26T13:54:15.764+0000][38092][info][gc,init] Parallel Workers: 8
[2024-01-26T13:54:15.764+0000][38092][info][gc,init] Concurrent Workers: 2
[2024-01-26T13:54:15.764+0000][38092][info][gc,init] Concurrent Refinement Workers: 8
[2024-01-26T13:54:15.764+0000][38092][info][gc,init] Periodic GC: Disabled
[2024-01-26T13:54:15.774+0000][38092][info][gc,metaspace] CDS archive(s) mapped at: [0x00007fa5ab000000-0x00007fa5abca5000-0x00007fa5abca5000), size 13258752, SharedBaseAddress: 0x00007fa5ab000000, ArchiveRelocationMode: 1.
[2024-01-26T13:54:15.774+0000][38092][info][gc,metaspace] Compressed class space mapped at: 0x00007fa5ac000000-0x00007fa5ec000000, reserved size: 1073741824
[2024-01-26T13:54:15.774+0000][38092][info][gc,metaspace] Narrow klass base: 0x00007fa5ab000000, Narrow klass shift: 0, Narrow klass range: 0x100000000
[2024-01-26T13:54:15.983+0000][38092][info][safepoint   ] Safepoint "ICBufferFull", Time since last: 202544626 ns, Reaching safepoint: 70963 ns, Cleanup: 98136 ns, At safepoint: 2614 ns, Total: 171713 ns
[2024-01-26T13:54:16.291+0000][38092][info][safepoint   ] Safepoint "ICBufferFull", Time since last: 307490930 ns, Reaching safepoint: 4897 ns, Cleanup: 99883 ns, At safepoint: 3293 ns, Total: 108073 ns
[2024-01-26T13:54:16.640+0000][38092][info][safepoint   ] Safepoint "ICBufferFull", Time since last: 348986603 ns, Reaching safepoint: 80481 ns, Cleanup: 153748 ns, At safepoint: 4493 ns, Total: 238722 ns
[2024-01-26T13:54:16.931+0000][38092][info][safepoint   ] Safepoint "ICBufferFull", Time since last: 291383268 ns, Reaching safepoint: 4940 ns, Cleanup: 109922 ns, At safepoint: 2914 ns, Total: 117776 ns
[2024-01-26T13:54:17.464+0000][38092][info][safepoint   ] Safepoint "ICBufferFull", Time since last: 533084150 ns, Reaching safepoint: 5161 ns, Cleanup: 118005 ns, At safepoint: 3158 ns, Total: 126324 ns
[2024-01-26T13:54:17.773+0000][38092][info][gc,start    ] GC(0) Pause Young (Normal) (G1 Evacuation Pause)
[2024-01-26T13:54:17.773+0000][38092][info][gc,task     ] GC(0) Using 8 workers of 8 for evacuation
[2024-01-26T13:54:17.773+0000][38092][debug][gc,age      ] GC(0) Desired survivor size 12582912 bytes, new threshold 15 (max threshold 15)
[2024-01-26T13:54:17.782+0000][38092][info ][gc,phases   ] GC(0)   Pre Evacuate Collection Set: 0.2ms
[2024-01-26T13:54:17.783+0000][38092][info ][gc,phases   ] GC(0)   Merge Heap Roots: 0.1ms
[2024-01-26T13:54:17.783+0000][38092][info ][gc,phases   ] GC(0)   Evacuate Collection Set: 7.4ms
[2024-01-26T13:54:17.783+0000][38092][info ][gc,phases   ] GC(0)   Post Evacuate Collection Set: 1.5ms
[2024-01-26T13:54:17.783+0000][38092][info ][gc,phases   ] GC(0)   Other: 0.1ms
[2024-01-26T13:54:17.783+0000][38092][trace][gc,age      ] GC(0) Age table with threshold 15 (max threshold 15)
[2024-01-26T13:54:17.783+0000][38092][trace][gc,age      ] GC(0) - age   1:   10564912 bytes,   10564912 total
[2024-01-26T13:54:17.783+0000][38092][info ][gc,heap     ] GC(0) Eden regions: 47->0(44)
[2024-01-26T13:54:17.783+0000][38092][info ][gc,heap     ] GC(0) Survivor regions: 0->3(6)
[2024-01-26T13:54:17.783+0000][38092][info ][gc,heap     ] GC(0) Old regions: 1->1
[2024-01-26T13:54:17.783+0000][38092][info ][gc,heap     ] GC(0) Humongous regions: 0->0
[2024-01-26T13:54:17.783+0000][38092][info ][gc,metaspace] GC(0) Metaspace: 19594K(20096K)->19594K(20096K) NonClass: 17492K(17792K)->17492K(17792K) Class: 2102K(2304K)->2102K(2304K)
[2024-01-26T13:54:17.783+0000][38092][info ][gc          ] GC(0) Pause Young (Normal) (G1 Evacuation Pause) 189M->11M(3832M) 9.690ms
[2024-01-26T13:54:17.783+0000][38092][info ][gc,cpu      ] GC(0) User=0.06s Sys=0.00s Real=0.01s
[2024-01-26T13:54:17.783+0000][38092][info ][safepoint   ] Safepoint "G1CollectForAllocation", Time since last: 308406250 ns, Reaching safepoint: 5129 ns, Cleanup: 92323 ns, At safepoint: 9741390 ns, Total: 9838842 ns
[2024-01-26T13:54:18.021+0000][38092][info ][gc,start    ] GC(1) Pause Young (Concurrent Start) (Metadata GC Threshold)
[2024-01-26T13:54:18.021+0000][38092][info ][gc,task     ] GC(1) Using 8 workers of 8 for evacuation
[2024-01-26T13:54:18.021+0000][38092][debug][gc,age      ] GC(1) Desired survivor size 12582912 bytes, new threshold 15 (max threshold 15)
[2024-01-26T13:54:18.028+0000][38092][info ][gc,phases   ] GC(1)   Pre Evacuate Collection Set: 0.2ms
[2024-01-26T13:54:18.028+0000][38092][info ][gc,phases   ] GC(1)   Merge Heap Roots: 0.0ms
[2024-01-26T13:54:18.028+0000][38092][info ][gc,phases   ] GC(1)   Evacuate Collection Set: 5.5ms
[2024-01-26T13:54:18.028+0000][38092][info ][gc,phases   ] GC(1)   Post Evacuate Collection Set: 0.8ms
[2024-01-26T13:54:18.028+0000][38092][info ][gc,phases   ] GC(1)   Other: 0.1ms
[2024-01-26T13:54:18.028+0000][38092][trace][gc,age      ] GC(1) Age table with threshold 15 (max threshold 15)
[2024-01-26T13:54:18.028+0000][38092][trace][gc,age      ] GC(1) - age   1:    2355096 bytes,    2355096 total
[2024-01-26T13:54:18.028+0000][38092][trace][gc,age      ] GC(1) - age   2:    9658520 bytes,   12013616 total
[2024-01-26T13:54:18.028+0000][38092][info ][gc,heap     ] GC(1) Eden regions: 35->0(52)
[2024-01-26T13:54:18.028+0000][38092][info ][gc,heap     ] GC(1) Survivor regions: 3->4(6)
[2024-01-26T13:54:18.028+0000][38092][info ][gc,heap     ] GC(1) Old regions: 1->1
[2024-01-26T13:54:18.028+0000][38092][info ][gc,heap     ] GC(1) Humongous regions: 0->0
[2024-01-26T13:54:18.028+0000][38092][info ][gc,metaspace] GC(1) Metaspace: 20965K(21504K)->20965K(21504K) NonClass: 18724K(19008K)->18724K(19008K) Class: 2240K(2496K)->2240K(2496K)
[2024-01-26T13:54:18.028+0000][38092][info ][gc          ] GC(1) Pause Young (Concurrent Start) (Metadata GC Threshold) 151M->13M(3832M) 6.938ms
[2024-01-26T13:54:18.028+0000][38092][info ][gc,cpu      ] GC(1) User=0.04s Sys=0.01s Real=0.01s
[2024-01-26T13:54:18.028+0000][38092][info ][gc          ] GC(2) Concurrent Mark Cycle
[2024-01-26T13:54:18.028+0000][38092][info ][gc,marking  ] GC(2) Concurrent Scan Root Regions
[2024-01-26T13:54:18.028+0000][38092][info ][safepoint   ] Safepoint "CollectForMetadataAllocation", Time since last: 238249769 ns, Reaching safepoint: 4817 ns, Cleanup: 119456 ns, At safepoint: 7094012 ns, Total: 7218285 ns
[2024-01-26T13:54:18.032+0000][38092][info ][gc,marking  ] GC(2) Concurrent Scan Root Regions 3.425ms
[2024-01-26T13:54:18.032+0000][38092][info ][gc,marking  ] GC(2) Concurrent Mark
[2024-01-26T13:54:18.032+0000][38092][info ][gc,marking  ] GC(2) Concurrent Mark From Roots
[2024-01-26T13:54:18.032+0000][38092][info ][gc,task     ] GC(2) Using 2 workers of 2 for marking
[2024-01-26T13:54:18.033+0000][38092][info ][gc,marking  ] GC(2) Concurrent Mark From Roots 1.581ms
[2024-01-26T13:54:18.033+0000][38092][info ][gc,marking  ] GC(2) Concurrent Preclean
[2024-01-26T13:54:18.033+0000][38092][info ][gc,marking  ] GC(2) Concurrent Preclean 0.012ms
[2024-01-26T13:54:18.035+0000][38092][info ][gc,start    ] GC(2) Pause Remark
[2024-01-26T13:54:18.038+0000][38092][info ][gc          ] GC(2) Pause Remark 15M->15M(3832M) 2.286ms
[2024-01-26T13:54:18.038+0000][38092][info ][gc,cpu      ] GC(2) User=0.01s Sys=0.01s Real=0.00s
[2024-01-26T13:54:18.038+0000][38092][info ][safepoint   ] Safepoint "G1PauseRemark", Time since last: 5070584 ns, Reaching safepoint: 2103202 ns, Cleanup: 13694 ns, At safepoint: 2355173 ns, Total: 4472069 ns
[2024-01-26T13:54:18.038+0000][38092][info ][gc,marking  ] GC(2) Concurrent Mark 6.166ms
[2024-01-26T13:54:18.038+0000][38092][info ][gc,marking  ] GC(2) Concurrent Rebuild Remembered Sets and Scrub Regions
[2024-01-26T13:54:18.038+0000][38092][info ][gc,marking  ] GC(2) Concurrent Rebuild Remembered Sets and Scrub Regions 0.547ms
[2024-01-26T13:54:18.038+0000][38092][info ][gc,start    ] GC(2) Pause Cleanup
[2024-01-26T13:54:18.039+0000][38092][info ][gc          ] GC(2) Pause Cleanup 15M->15M(3832M) 0.156ms
[2024-01-26T13:54:18.039+0000][38092][info ][gc,cpu      ] GC(2) User=0.00s Sys=0.00s Real=0.00s
[2024-01-26T13:54:18.039+0000][38092][info ][safepoint   ] Safepoint "G1PauseCleanup", Time since last: 639341 ns, Reaching safepoint: 69282 ns, Cleanup: 2057 ns, At safepoint: 187278 ns, Total: 258617 ns
[2024-01-26T13:54:18.039+0000][38092][info ][gc,marking  ] GC(2) Concurrent Clear Claimed Marks
[2024-01-26T13:54:18.039+0000][38092][info ][gc,marking  ] GC(2) Concurrent Clear Claimed Marks 0.038ms
[2024-01-26T13:54:18.039+0000][38092][info ][gc,marking  ] GC(2) Concurrent Cleanup for Next Mark
[2024-01-26T13:54:18.044+0000][38092][info ][gc,marking  ] GC(2) Concurrent Cleanup for Next Mark 5.283ms
[2024-01-26T13:54:18.044+0000][38092][info ][gc          ] GC(2) Concurrent Mark Cycle 15.949ms
[2024-01-26T13:54:18.476+0000][38092][info ][safepoint   ] Safepoint "ICBufferFull", Time since last: 436889389 ns, Reaching safepoint: 4661 ns, Cleanup: 129586 ns, At safepoint: 3479 ns, Total: 137726 ns
[2024-01-26T13:54:18.645+0000][38092][info ][gc,start    ] GC(3) Pause Young (Prepare Mixed) (G1 Evacuation Pause)
[2024-01-26T13:54:18.645+0000][38092][info ][gc,task     ] GC(3) Using 8 workers of 8 for evacuation
[2024-01-26T13:54:18.645+0000][38092][debug][gc,age      ] GC(3) Desired survivor size 14680064 bytes, new threshold 15 (max threshold 15)
[2024-01-26T13:54:18.654+0000][38092][info ][gc,phases   ] GC(3)   Pre Evacuate Collection Set: 0.2ms
[2024-01-26T13:54:18.654+0000][38092][info ][gc,phases   ] GC(3)   Merge Heap Roots: 0.0ms
[2024-01-26T13:54:18.654+0000][38092][info ][gc,phases   ] GC(3)   Evacuate Collection Set: 7.6ms
[2024-01-26T13:54:18.654+0000][38092][info ][gc,phases   ] GC(3)   Post Evacuate Collection Set: 0.9ms
[2024-01-26T13:54:18.654+0000][38092][info ][gc,phases   ] GC(3)   Other: 0.1ms
[2024-01-26T13:54:18.654+0000][38092][trace][gc,age      ] GC(3) Age table with threshold 15 (max threshold 15)
[2024-01-26T13:54:18.654+0000][38092][trace][gc,age      ] GC(3) - age   1:    8274104 bytes,    8274104 total
[2024-01-26T13:54:18.654+0000][38092][trace][gc,age      ] GC(3) - age   2:    2240376 bytes,   10514480 total
[2024-01-26T13:54:18.654+0000][38092][trace][gc,age      ] GC(3) - age   3:    9653296 bytes,   20167776 total
[2024-01-26T13:54:18.654+0000][38092][info ][gc,heap     ] GC(3) Eden regions: 52->0(83)
[2024-01-26T13:54:18.654+0000][38092][info ][gc,heap     ] GC(3) Survivor regions: 4->6(7)
[2024-01-26T13:54:18.654+0000][38092][info ][gc,heap     ] GC(3) Old regions: 1->1
[2024-01-26T13:54:18.654+0000][38092][info ][gc,heap     ] GC(3) Humongous regions: 0->0
[2024-01-26T13:54:18.654+0000][38092][info ][gc,metaspace] GC(3) Metaspace: 27498K(28224K)->27498K(28224K) NonClass: 24419K(24832K)->24419K(24832K) Class: 3079K(3392K)->3079K(3392K)
[2024-01-26T13:54:18.654+0000][38092][info ][gc          ] GC(3) Pause Young (Prepare Mixed) (G1 Evacuation Pause) 221M->22M(3832M) 9.039ms
[2024-01-26T13:54:18.654+0000][38092][info ][gc,cpu      ] GC(3) User=0.07s Sys=0.00s Real=0.01s
[2024-01-26T13:54:18.654+0000][38092][info ][safepoint   ] Safepoint "G1CollectForAllocation", Time since last: 169527927 ns, Reaching safepoint: 4797 ns, Cleanup: 46924 ns, At safepoint: 9087317 ns, Total: 9139038 ns
[2024-01-26T13:54:18.958+0000][38092][info ][safepoint   ] Safepoint "ICBufferFull", Time since last: 303282016 ns, Reaching safepoint: 3585 ns, Cleanup: 89448 ns, At safepoint: 2168 ns, Total: 95201 ns
[2024-01-26T13:54:19.067+0000][38092][info ][gc,start    ] GC(4) Pause Young (Mixed) (G1 Evacuation Pause)
[2024-01-26T13:54:19.067+0000][38092][info ][gc,task     ] GC(4) Using 8 workers of 8 for evacuation
[2024-01-26T13:54:19.067+0000][38092][debug][gc,age      ] GC(4) Desired survivor size 25165824 bytes, new threshold 15 (max threshold 15)
[2024-01-26T13:54:19.076+0000][38092][info ][gc,phases   ] GC(4)   Pre Evacuate Collection Set: 0.3ms
[2024-01-26T13:54:19.076+0000][38092][info ][gc,phases   ] GC(4)   Merge Heap Roots: 0.0ms
[2024-01-26T13:54:19.076+0000][38092][info ][gc,phases   ] GC(4)   Evacuate Collection Set: 7.5ms
[2024-01-26T13:54:19.076+0000][38092][info ][gc,phases   ] GC(4)   Post Evacuate Collection Set: 0.9ms
[2024-01-26T13:54:19.076+0000][38092][info ][gc,phases   ] GC(4)   Other: 0.1ms
[2024-01-26T13:54:19.076+0000][38092][trace][gc,age      ] GC(4) Age table with threshold 15 (max threshold 15)
[2024-01-26T13:54:19.076+0000][38092][trace][gc,age      ] GC(4) - age   1:    4797768 bytes,    4797768 total
[2024-01-26T13:54:19.076+0000][38092][trace][gc,age      ] GC(4) - age   2:    5993016 bytes,   10790784 total
[2024-01-26T13:54:19.076+0000][38092][trace][gc,age      ] GC(4) - age   3:    2239624 bytes,   13030408 total
[2024-01-26T13:54:19.076+0000][38092][trace][gc,age      ] GC(4) - age   4:    9653168 bytes,   22683576 total
[2024-01-26T13:54:19.076+0000][38092][info ][gc,heap     ] GC(4) Eden regions: 83->0(52)
[2024-01-26T13:54:19.076+0000][38092][info ][gc,heap     ] GC(4) Survivor regions: 6->6(12)
[2024-01-26T13:54:19.076+0000][38092][info ][gc,heap     ] GC(4) Old regions: 1->1
[2024-01-26T13:54:19.076+0000][38092][info ][gc,heap     ] GC(4) Humongous regions: 0->0
[2024-01-26T13:54:19.076+0000][38092][info ][gc,metaspace] GC(4) Metaspace: 28193K(28928K)->28193K(28928K) NonClass: 25036K(25472K)->25036K(25472K) Class: 3157K(3456K)->3157K(3456K)
[2024-01-26T13:54:19.076+0000][38092][info ][gc          ] GC(4) Pause Young (Mixed) (G1 Evacuation Pause) 354M->24M(3832M) 8.935ms
[2024-01-26T13:54:19.076+0000][38092][info ][gc,cpu      ] GC(4) User=0.05s Sys=0.01s Real=0.00s
[2024-01-26T13:54:19.076+0000][38092][info ][safepoint   ] Safepoint "G1CollectForAllocation", Time since last: 109032584 ns, Reaching safepoint: 4189 ns, Cleanup: 36602 ns, At safepoint: 8970528 ns, Total: 9011319 ns
[2024-01-26T13:54:19.582+0000][38092][info ][gc,start    ] GC(5) Pause Young (Normal) (G1 Evacuation Pause)
[2024-01-26T13:54:19.582+0000][38092][info ][gc,task     ] GC(5) Using 8 workers of 8 for evacuation
[2024-01-26T13:54:19.582+0000][38092][debug][gc,age      ] GC(5) Desired survivor size 16777216 bytes, new threshold 4 (max threshold 15)
[2024-01-26T13:54:19.591+0000][38092][info ][gc,phases   ] GC(5)   Pre Evacuate Collection Set: 0.2ms
[2024-01-26T13:54:19.591+0000][38092][info ][gc,phases   ] GC(5)   Merge Heap Roots: 0.0ms
[2024-01-26T13:54:19.591+0000][38092][info ][gc,phases   ] GC(5)   Evacuate Collection Set: 8.2ms
[2024-01-26T13:54:19.591+0000][38092][info ][gc,phases   ] GC(5)   Post Evacuate Collection Set: 0.7ms
[2024-01-26T13:54:19.591+0000][38092][info ][gc,phases   ] GC(5)   Other: 0.1ms
[2024-01-26T13:54:19.591+0000][38092][trace][gc,age      ] GC(5) Age table with threshold 4 (max threshold 15)
[2024-01-26T13:54:19.591+0000][38092][trace][gc,age      ] GC(5) - age   1:    3264208 bytes,    3264208 total
[2024-01-26T13:54:19.591+0000][38092][trace][gc,age      ] GC(5) - age   2:    2804536 bytes,    6068744 total
[2024-01-26T13:54:19.591+0000][38092][trace][gc,age      ] GC(5) - age   3:    5988984 bytes,   12057728 total
[2024-01-26T13:54:19.591+0000][38092][trace][gc,age      ] GC(5) - age   4:    2238504 bytes,   14296232 total
[2024-01-26T13:54:19.591+0000][38092][info ][gc,heap     ] GC(5) Eden regions: 52->0(224)
[2024-01-26T13:54:19.591+0000][38092][info ][gc,heap     ] GC(5) Survivor regions: 6->4(8)
[2024-01-26T13:54:19.591+0000][38092][info ][gc,heap     ] GC(5) Old regions: 1->3
[2024-01-26T13:54:19.591+0000][38092][info ][gc,heap     ] GC(5) Humongous regions: 0->0
[2024-01-26T13:54:19.591+0000][38092][info ][gc,metaspace] GC(5) Metaspace: 33044K(33792K)->33044K(33792K) NonClass: 29391K(29824K)->29391K(29824K) Class: 3653K(3968K)->3653K(3968K)
[2024-01-26T13:54:19.591+0000][38092][info ][gc          ] GC(5) Pause Young (Normal) (G1 Evacuation Pause) 232M->26M(3832M) 9.429ms
[2024-01-26T13:54:19.591+0000][38092][info ][gc,cpu      ] GC(5) User=0.06s Sys=0.00s Real=0.01s
[2024-01-26T13:54:19.591+0000][38092][info ][safepoint   ] Safepoint "G1CollectForAllocation", Time since last: 505643617 ns, Reaching safepoint: 4215 ns, Cleanup: 84445 ns, At safepoint: 9470867 ns, Total: 9559527 ns
[2024-01-26T13:54:20.089+0000][38092][info ][gc,start    ] GC(6) Pause Young (Concurrent Start) (Metadata GC Threshold)
[2024-01-26T13:54:20.090+0000][38092][info ][gc,task     ] GC(6) Using 8 workers of 8 for evacuation
[2024-01-26T13:54:20.090+0000][38092][debug][gc,age      ] GC(6) Desired survivor size 60817408 bytes, new threshold 15 (max threshold 15)
[2024-01-26T13:54:20.096+0000][38092][info ][gc,phases   ] GC(6)   Pre Evacuate Collection Set: 0.2ms
[2024-01-26T13:54:20.096+0000][38092][info ][gc,phases   ] GC(6)   Merge Heap Roots: 0.0ms
[2024-01-26T13:54:20.096+0000][38092][info ][gc,phases   ] GC(6)   Evacuate Collection Set: 5.6ms
[2024-01-26T13:54:20.096+0000][38092][info ][gc,phases   ] GC(6)   Post Evacuate Collection Set: 0.5ms
[2024-01-26T13:54:20.096+0000][38092][info ][gc,phases   ] GC(6)   Other: 0.1ms
[2024-01-26T13:54:20.096+0000][38092][trace][gc,age      ] GC(6) Age table with threshold 15 (max threshold 15)
[2024-01-26T13:54:20.096+0000][38092][trace][gc,age      ] GC(6) - age   1:    5609360 bytes,    5609360 total
[2024-01-26T13:54:20.096+0000][38092][trace][gc,age      ] GC(6) - age   2:    3248256 bytes,    8857616 total
[2024-01-26T13:54:20.096+0000][38092][trace][gc,age      ] GC(6) - age   3:    2802448 bytes,   11660064 total
[2024-01-26T13:54:20.096+0000][38092][trace][gc,age      ] GC(6) - age   4:    5987568 bytes,   17647632 total
[2024-01-26T13:54:20.096+0000][38092][trace][gc,age      ] GC(6) - age   5:    2238024 bytes,   19885656 total
[2024-01-26T13:54:20.096+0000][38092][info ][gc,heap     ] GC(6) Eden regions: 73->0(230)
[2024-01-26T13:54:20.096+0000][38092][info ][gc,heap     ] GC(6) Survivor regions: 4->6(29)
[2024-01-26T13:54:20.096+0000][38092][info ][gc,heap     ] GC(6) Old regions: 3->3
[2024-01-26T13:54:20.096+0000][38092][info ][gc,heap     ] GC(6) Humongous regions: 0->0
[2024-01-26T13:54:20.096+0000][38092][info ][gc,metaspace] GC(6) Metaspace: 35253K(36096K)->35253K(36096K) NonClass: 31287K(31744K)->31287K(31744K) Class: 3966K(4352K)->3966K(4352K)
[2024-01-26T13:54:20.096+0000][38092][info ][gc          ] GC(6) Pause Young (Concurrent Start) (Metadata GC Threshold) 318M->30M(3832M) 6.584ms
[2024-01-26T13:54:20.096+0000][38092][info ][gc,cpu      ] GC(6) User=0.05s Sys=0.00s Real=0.00s
[2024-01-26T13:54:20.096+0000][38092][info ][gc          ] GC(7) Concurrent Mark Cycle
[2024-01-26T13:54:20.096+0000][38092][info ][gc,marking  ] GC(7) Concurrent Scan Root Regions
[2024-01-26T13:54:20.096+0000][38092][info ][safepoint   ] Safepoint "CollectForMetadataAllocation", Time since last: 498437238 ns, Reaching safepoint: 3424 ns, Cleanup: 67317 ns, At safepoint: 6678295 ns, Total: 6749036 ns
[2024-01-26T13:54:20.101+0000][38092][info ][gc,marking  ] GC(7) Concurrent Scan Root Regions 4.638ms
[2024-01-26T13:54:20.101+0000][38092][info ][gc,marking  ] GC(7) Concurrent Mark
[2024-01-26T13:54:20.101+0000][38092][info ][gc,marking  ] GC(7) Concurrent Mark From Roots
[2024-01-26T13:54:20.101+0000][38092][info ][gc,task     ] GC(7) Using 2 workers of 2 for marking
[2024-01-26T13:54:20.110+0000][38092][info ][gc,marking  ] GC(7) Concurrent Mark From Roots 9.355ms
[2024-01-26T13:54:20.110+0000][38092][info ][gc,marking  ] GC(7) Concurrent Preclean
[2024-01-26T13:54:20.110+0000][38092][info ][gc,marking  ] GC(7) Concurrent Preclean 0.064ms
[2024-01-26T13:54:20.110+0000][38092][info ][gc,start    ] GC(7) Pause Remark
[2024-01-26T13:54:20.114+0000][38092][info ][gc          ] GC(7) Pause Remark 33M->33M(3832M) 3.528ms
[2024-01-26T13:54:20.114+0000][38092][info ][gc,cpu      ] GC(7) User=0.01s Sys=0.00s Real=0.00s
[2024-01-26T13:54:20.114+0000][38092][info ][safepoint   ] Safepoint "G1PauseRemark", Time since last: 14193485 ns, Reaching safepoint: 69779 ns, Cleanup: 2822 ns, At safepoint: 3595878 ns, Total: 3668479 ns
[2024-01-26T13:54:20.114+0000][38092][info ][gc,marking  ] GC(7) Concurrent Mark 13.235ms
[2024-01-26T13:54:20.114+0000][38092][info ][gc,marking  ] GC(7) Concurrent Rebuild Remembered Sets and Scrub Regions
[2024-01-26T13:54:20.118+0000][38092][info ][gc,marking  ] GC(7) Concurrent Rebuild Remembered Sets and Scrub Regions 3.447ms
[2024-01-26T13:54:20.118+0000][38092][info ][gc,start    ] GC(7) Pause Cleanup
[2024-01-26T13:54:20.118+0000][38092][info ][gc          ] GC(7) Pause Cleanup 33M->33M(3832M) 0.130ms
[2024-01-26T13:54:20.118+0000][38092][info ][gc,cpu      ] GC(7) User=0.00s Sys=0.00s Real=0.00s
[2024-01-26T13:54:20.118+0000][38092][info ][safepoint   ] Safepoint "G1PauseCleanup", Time since last: 3557425 ns, Reaching safepoint: 132244 ns, Cleanup: 9098 ns, At safepoint: 154060 ns, Total: 295402 ns
[2024-01-26T13:54:20.118+0000][38092][info ][gc,marking  ] GC(7) Concurrent Clear Claimed Marks
[2024-01-26T13:54:20.118+0000][38092][info ][gc,marking  ] GC(7) Concurrent Clear Claimed Marks 0.061ms
[2024-01-26T13:54:20.118+0000][38092][info ][gc,marking  ] GC(7) Concurrent Cleanup for Next Mark
[2024-01-26T13:54:20.122+0000][38092][info ][gc,marking  ] GC(7) Concurrent Cleanup for Next Mark 3.719ms
[2024-01-26T13:54:20.122+0000][38092][info ][gc          ] GC(7) Concurrent Mark Cycle 25.628ms
[2024-01-26T13:54:20.982+0000][38092][info ][safepoint   ] Safepoint "ICBufferFull", Time since last: 864128836 ns, Reaching safepoint: 74537 ns, Cleanup: 130181 ns, At safepoint: 3329 ns, Total: 208047 ns
[2024-01-26T13:54:21.645+0000][38092][info ][safepoint   ] Safepoint "ICBufferFull", Time since last: 662743299 ns, Reaching safepoint: 4365 ns, Cleanup: 125392 ns, At safepoint: 2436 ns, Total: 132193 ns
[2024-01-26T13:54:22.215+0000][38092][info ][gc,start    ] GC(8) Pause Young (Concurrent Start) (Metadata GC Threshold)
[2024-01-26T13:54:22.215+0000][38092][info ][gc,task     ] GC(8) Using 8 workers of 8 for evacuation
[2024-01-26T13:54:22.215+0000][38092][debug][gc,age      ] GC(8) Desired survivor size 62914560 bytes, new threshold 15 (max threshold 15)
[2024-01-26T13:54:22.227+0000][38092][info ][gc,phases   ] GC(8)   Pre Evacuate Collection Set: 0.2ms
[2024-01-26T13:54:22.227+0000][38092][info ][gc,phases   ] GC(8)   Merge Heap Roots: 0.1ms
[2024-01-26T13:54:22.227+0000][38092][info ][gc,phases   ] GC(8)   Evacuate Collection Set: 9.8ms
[2024-01-26T13:54:22.227+0000][38092][info ][gc,phases   ] GC(8)   Post Evacuate Collection Set: 1.6ms
[2024-01-26T13:54:22.227+0000][38092][info ][gc,phases   ] GC(8)   Other: 0.1ms
[2024-01-26T13:54:22.227+0000][38092][trace][gc,age      ] GC(8) Age table with threshold 15 (max threshold 15)
[2024-01-26T13:54:22.227+0000][38092][trace][gc,age      ] GC(8) - age   1:   10292376 bytes,   10292376 total
[2024-01-26T13:54:22.227+0000][38092][trace][gc,age      ] GC(8) - age   2:    5523432 bytes,   15815808 total
[2024-01-26T13:54:22.227+0000][38092][trace][gc,age      ] GC(8) - age   3:    3238824 bytes,   19054632 total
[2024-01-26T13:54:22.227+0000][38092][trace][gc,age      ] GC(8) - age   4:    2797992 bytes,   21852624 total
[2024-01-26T13:54:22.227+0000][38092][trace][gc,age      ] GC(8) - age   5:    5969408 bytes,   27822032 total
[2024-01-26T13:54:22.227+0000][38092][trace][gc,age      ] GC(8) - age   6:    2233832 bytes,   30055864 total
[2024-01-26T13:54:22.227+0000][38092][info ][gc,heap     ] GC(8) Eden regions: 202->0(321)
[2024-01-26T13:54:22.227+0000][38092][info ][gc,heap     ] GC(8) Survivor regions: 6->8(30)
[2024-01-26T13:54:22.227+0000][38092][info ][gc,heap     ] GC(8) Old regions: 3->3
[2024-01-26T13:54:22.227+0000][38092][info ][gc,heap     ] GC(8) Humongous regions: 0->0
[2024-01-26T13:54:22.227+0000][38092][info ][gc,metaspace] GC(8) Metaspace: 59246K(60480K)->59246K(60480K) NonClass: 51974K(52736K)->51974K(52736K) Class: 7271K(7744K)->7271K(7744K)
[2024-01-26T13:54:22.227+0000][38092][info ][gc          ] GC(8) Pause Young (Concurrent Start) (Metadata GC Threshold) 836M->42M(3832M) 11.974ms
[2024-01-26T13:54:22.227+0000][38092][info ][gc,cpu      ] GC(8) User=0.08s Sys=0.00s Real=0.02s
[2024-01-26T13:54:22.227+0000][38092][info ][gc          ] GC(9) Concurrent Mark Cycle
[2024-01-26T13:54:22.227+0000][38092][info ][gc,marking  ] GC(9) Concurrent Scan Root Regions
[2024-01-26T13:54:22.227+0000][38092][info ][safepoint   ] Safepoint "CollectForMetadataAllocation", Time since last: 569751555 ns, Reaching safepoint: 5207 ns, Cleanup: 66261 ns, At safepoint: 12072138 ns, Total: 12143606 ns
[2024-01-26T13:54:22.235+0000][38092][info ][gc,marking  ] GC(9) Concurrent Scan Root Regions 7.990ms
[2024-01-26T13:54:22.235+0000][38092][info ][gc,marking  ] GC(9) Concurrent Mark
[2024-01-26T13:54:22.235+0000][38092][info ][gc,marking  ] GC(9) Concurrent Mark From Roots
[2024-01-26T13:54:22.235+0000][38092][info ][gc,task     ] GC(9) Using 2 workers of 2 for marking
[2024-01-26T13:54:22.243+0000][38092][info ][safepoint   ] Safepoint "CollectForMetadataAllocation", Time since last: 16402325 ns, Reaching safepoint: 19170 ns, Cleanup: 8179 ns, At safepoint: 50151 ns, Total: 77500 ns
[2024-01-26T13:54:22.244+0000][38092][info ][gc,marking  ] GC(9) Concurrent Mark From Roots 8.940ms
[2024-01-26T13:54:22.244+0000][38092][info ][gc,marking  ] GC(9) Concurrent Preclean
[2024-01-26T13:54:22.244+0000][38092][info ][gc,marking  ] GC(9) Concurrent Preclean 0.084ms
[2024-01-26T13:54:22.244+0000][38092][info ][gc,start    ] GC(9) Pause Remark
[2024-01-26T13:54:22.248+0000][38092][info ][gc          ] GC(9) Pause Remark 46M->46M(3832M) 3.368ms
[2024-01-26T13:54:22.248+0000][38092][info ][gc,cpu      ] GC(9) User=0.02s Sys=0.00s Real=0.01s
[2024-01-26T13:54:22.248+0000][38092][info ][safepoint   ] Safepoint "G1PauseRemark", Time since last: 634871 ns, Reaching safepoint: 67348 ns, Cleanup: 1689 ns, At safepoint: 3443027 ns, Total: 3512064 ns
[2024-01-26T13:54:22.248+0000][38092][info ][gc,marking  ] GC(9) Concurrent Mark 12.628ms
[2024-01-26T13:54:22.248+0000][38092][info ][gc,marking  ] GC(9) Concurrent Rebuild Remembered Sets and Scrub Regions
[2024-01-26T13:54:22.251+0000][38092][info ][gc,marking  ] GC(9) Concurrent Rebuild Remembered Sets and Scrub Regions 3.394ms
[2024-01-26T13:54:22.251+0000][38092][info ][gc,start    ] GC(9) Pause Cleanup
[2024-01-26T13:54:22.251+0000][38092][info ][gc          ] GC(9) Pause Cleanup 48M->48M(3832M) 0.131ms
[2024-01-26T13:54:22.251+0000][38092][info ][gc,cpu      ] GC(9) User=0.01s Sys=0.00s Real=0.00s
[2024-01-26T13:54:22.251+0000][38092][info ][safepoint   ] Safepoint "G1PauseCleanup", Time since last: 3492834 ns, Reaching safepoint: 67278 ns, Cleanup: 10949 ns, At safepoint: 156120 ns, Total: 234347 ns
[2024-01-26T13:54:22.251+0000][38092][info ][gc,marking  ] GC(9) Concurrent Clear Claimed Marks
[2024-01-26T13:54:22.251+0000][38092][info ][gc,marking  ] GC(9) Concurrent Clear Claimed Marks 0.073ms
[2024-01-26T13:54:22.251+0000][38092][info ][gc,marking  ] GC(9) Concurrent Cleanup for Next Mark
[2024-01-26T13:54:22.254+0000][38092][info ][gc,marking  ] GC(9) Concurrent Cleanup for Next Mark 2.752ms
[2024-01-26T13:54:22.254+0000][38092][info ][gc          ] GC(9) Concurrent Mark Cycle 27.330ms
[2024-01-26T13:54:23.419+0000][38092][info ][safepoint   ] Safepoint "ICBufferFull", Time since last: 1167863282 ns, Reaching safepoint: 7365 ns, Cleanup: 122649 ns, At safepoint: 3570 ns, Total: 133584 ns
[2024-01-26T13:54:24.347+0000][38092][info ][safepoint   ] Safepoint "ICBufferFull", Time since last: 927374516 ns, Reaching safepoint: 4517 ns, Cleanup: 92512 ns, At safepoint: 2429 ns, Total: 99458 ns
[2024-01-26T13:54:25.259+0000][38092][info ][safepoint   ] Safepoint "ICBufferFull", Time since last: 911979283 ns, Reaching safepoint: 4508 ns, Cleanup: 110695 ns, At safepoint: 2590 ns, Total: 117793 ns
[2024-01-26T13:54:25.782+0000][38092][info ][safepoint   ] Safepoint "ICBufferFull", Time since last: 523178735 ns, Reaching safepoint: 7314 ns, Cleanup: 231043 ns, At safepoint: 2593 ns, Total: 240950 ns
[2024-01-26T13:54:26.871+0000][38092][info ][safepoint   ] Safepoint "Cleanup", Time since last: 1088715831 ns, Reaching safepoint: 3230 ns, Cleanup: 79093 ns, At safepoint: 1990 ns, Total: 84313 ns
[2024-01-26T13:54:27.704+0000][38092][info ][gc,start    ] GC(10) Pause Young (Concurrent Start) (Metadata GC Threshold)
[2024-01-26T13:54:27.704+0000][38092][info ][gc,task     ] GC(10) Using 8 workers of 8 for evacuation
[2024-01-26T13:54:27.704+0000][38092][debug][gc,age      ] GC(10) Desired survivor size 88080384 bytes, new threshold 15 (max threshold 15)
[2024-01-26T13:54:27.726+0000][38092][info ][gc,phases   ] GC(10)   Pre Evacuate Collection Set: 0.2ms
[2024-01-26T13:54:27.726+0000][38092][info ][gc,phases   ] GC(10)   Merge Heap Roots: 0.1ms
[2024-01-26T13:54:27.726+0000][38092][info ][gc,phases   ] GC(10)   Evacuate Collection Set: 19.7ms
[2024-01-26T13:54:27.726+0000][38092][info ][gc,phases   ] GC(10)   Post Evacuate Collection Set: 1.6ms
[2024-01-26T13:54:27.726+0000][38092][info ][gc,phases   ] GC(10)   Other: 0.1ms
[2024-01-26T13:54:27.726+0000][38092][trace][gc,age      ] GC(10) Age table with threshold 15 (max threshold 15)
[2024-01-26T13:54:27.726+0000][38092][trace][gc,age      ] GC(10) - age   1:   30362856 bytes,   30362856 total
[2024-01-26T13:54:27.726+0000][38092][trace][gc,age      ] GC(10) - age   2:    9672472 bytes,   40035328 total
[2024-01-26T13:54:27.726+0000][38092][trace][gc,age      ] GC(10) - age   3:    5501888 bytes,   45537216 total
[2024-01-26T13:54:27.726+0000][38092][trace][gc,age      ] GC(10) - age   4:    3206880 bytes,   48744096 total
[2024-01-26T13:54:27.726+0000][38092][trace][gc,age      ] GC(10) - age   5:    2779008 bytes,   51523104 total
[2024-01-26T13:54:27.726+0000][38092][trace][gc,age      ] GC(10) - age   6:    5935696 bytes,   57458800 total
[2024-01-26T13:54:27.726+0000][38092][trace][gc,age      ] GC(10) - age   7:    2224440 bytes,   59683240 total
[2024-01-26T13:54:27.726+0000][38092][info ][gc,heap     ] GC(10) Eden regions: 242->0(356)
[2024-01-26T13:54:27.726+0000][38092][info ][gc,heap     ] GC(10) Survivor regions: 8->16(42)
[2024-01-26T13:54:27.726+0000][38092][info ][gc,heap     ] GC(10) Old regions: 3->3
[2024-01-26T13:54:27.726+0000][38092][info ][gc,heap     ] GC(10) Humongous regions: 0->0
[2024-01-26T13:54:27.726+0000][38092][info ][gc,metaspace] GC(10) Metaspace: 99479K(101440K)->99479K(101440K) NonClass: 86445K(87552K)->86445K(87552K) Class: 13033K(13888K)->13033K(13888K)
[2024-01-26T13:54:27.726+0000][38092][info ][gc          ] GC(10) Pause Young (Concurrent Start) (Metadata GC Threshold) 1008M->72M(3832M) 21.955ms
[2024-01-26T13:54:27.726+0000][38092][info ][gc          ] GC(11) Concurrent Mark Cycle
[2024-01-26T13:54:27.726+0000][38092][info ][gc,cpu      ] GC(10) User=0.16s Sys=0.00s Real=0.02s
[2024-01-26T13:54:27.726+0000][38092][info ][gc,marking  ] GC(11) Concurrent Scan Root Regions
[2024-01-26T13:54:27.726+0000][38092][info ][safepoint   ] Safepoint "CollectForMetadataAllocation", Time since last: 832782082 ns, Reaching safepoint: 4614 ns, Cleanup: 71014 ns, At safepoint: 22086079 ns, Total: 22161707 ns
[2024-01-26T13:54:27.744+0000][38092][info ][gc,marking  ] GC(11) Concurrent Scan Root Regions 17.532ms
[2024-01-26T13:54:27.744+0000][38092][info ][gc,marking  ] GC(11) Concurrent Mark
[2024-01-26T13:54:27.744+0000][38092][info ][gc,marking  ] GC(11) Concurrent Mark From Roots
[2024-01-26T13:54:27.744+0000][38092][info ][gc,task     ] GC(11) Using 2 workers of 2 for marking
[2024-01-26T13:54:27.745+0000][38092][info ][safepoint   ] Safepoint "CollectForMetadataAllocation", Time since last: 19223353 ns, Reaching safepoint: 25584 ns, Cleanup: 12464 ns, At safepoint: 46325 ns, Total: 84373 ns
[2024-01-26T13:54:27.751+0000][38092][info ][gc,marking  ] GC(11) Concurrent Mark From Roots 6.920ms
[2024-01-26T13:54:27.751+0000][38092][info ][gc,marking  ] GC(11) Concurrent Preclean
[2024-01-26T13:54:27.751+0000][38092][info ][gc,marking  ] GC(11) Concurrent Preclean 0.077ms
[2024-01-26T13:54:27.751+0000][38092][info ][gc,start    ] GC(11) Pause Remark
[2024-01-26T13:54:27.756+0000][38092][info ][gc          ] GC(11) Pause Remark 79M->79M(3832M) 4.781ms
[2024-01-26T13:54:27.756+0000][38092][info ][gc,cpu      ] GC(11) User=0.02s Sys=0.00s Real=0.00s
[2024-01-26T13:54:27.756+0000][38092][info ][safepoint   ] Safepoint "G1PauseRemark", Time since last: 5325497 ns, Reaching safepoint: 71057 ns, Cleanup: 9449 ns, At safepoint: 4858559 ns, Total: 4939065 ns
[2024-01-26T13:54:27.756+0000][38092][info ][gc,marking  ] GC(11) Concurrent Mark 12.086ms
[2024-01-26T13:54:27.756+0000][38092][info ][gc,marking  ] GC(11) Concurrent Rebuild Remembered Sets and Scrub Regions
[2024-01-26T13:54:27.759+0000][38092][info ][gc,marking  ] GC(11) Concurrent Rebuild Remembered Sets and Scrub Regions 3.548ms
[2024-01-26T13:54:27.759+0000][38092][info ][gc,start    ] GC(11) Pause Cleanup
[2024-01-26T13:54:27.759+0000][38092][info ][gc          ] GC(11) Pause Cleanup 79M->79M(3832M) 0.170ms
[2024-01-26T13:54:27.759+0000][38092][info ][gc,cpu      ] GC(11) User=0.00s Sys=0.00s Real=0.00s
[2024-01-26T13:54:27.759+0000][38092][info ][safepoint   ] Safepoint "G1PauseCleanup", Time since last: 3647448 ns, Reaching safepoint: 5151 ns, Cleanup: 9225 ns, At safepoint: 197531 ns, Total: 211907 ns
[2024-01-26T13:54:27.760+0000][38092][info ][gc,marking  ] GC(11) Concurrent Clear Claimed Marks
[2024-01-26T13:54:27.760+0000][38092][info ][gc,marking  ] GC(11) Concurrent Clear Claimed Marks 0.116ms
[2024-01-26T13:54:27.760+0000][38092][info ][gc,marking  ] GC(11) Concurrent Cleanup for Next Mark
[2024-01-26T13:54:27.764+0000][38092][info ][gc,marking  ] GC(11) Concurrent Cleanup for Next Mark 4.539ms
[2024-01-26T13:54:27.764+0000][38092][info ][gc          ] GC(11) Concurrent Mark Cycle 38.272ms
[2024-01-26T13:54:28.312+0000][38092][info ][safepoint   ] Safepoint "ICBufferFull", Time since last: 552039573 ns, Reaching safepoint: 6179 ns, Cleanup: 102647 ns, At safepoint: 3754 ns, Total: 112580 ns
[2024-01-26T13:54:29.055+0000][38092][info ][safepoint   ] Safepoint "ICBufferFull", Time since last: 743521981 ns, Reaching safepoint: 6800 ns, Cleanup: 93802 ns, At safepoint: 3913 ns, Total: 104515 ns
[2024-01-26T13:54:29.422+0000][38092][info ][safepoint   ] Safepoint "ICBufferFull", Time since last: 367036112 ns, Reaching safepoint: 9985 ns, Cleanup: 122707 ns, At safepoint: 3998 ns, Total: 136690 ns
[2024-01-26T13:54:29.643+0000][38092][info ][safepoint   ] Safepoint "ICBufferFull", Time since last: 219960862 ns, Reaching safepoint: 6350 ns, Cleanup: 95550 ns, At safepoint: 4421 ns, Total: 106321 ns
[2024-01-26T13:54:30.046+0000][38092][info ][safepoint   ] Safepoint "ICBufferFull", Time since last: 403580309 ns, Reaching safepoint: 11556 ns, Cleanup: 141218 ns, At safepoint: 4893 ns, Total: 157667 ns
[2024-01-26T13:54:31.046+0000][38092][info ][safepoint   ] Safepoint "Cleanup", Time since last: 1000135187 ns, Reaching safepoint: 15020 ns, Cleanup: 63042 ns, At safepoint: 11868 ns, Total: 89930 ns
[2024-01-26T13:54:32.047+0000][38092][info ][safepoint   ] Safepoint "Cleanup", Time since last: 1000190613 ns, Reaching safepoint: 15879 ns, Cleanup: 20379 ns, At safepoint: 5606 ns, Total: 41864 ns
[2024-01-26T13:54:34.047+0000][38092][info ][safepoint   ] Safepoint "Cleanup", Time since last: 2000250158 ns, Reaching safepoint: 44365 ns, Cleanup: 18715 ns, At safepoint: 4848 ns, Total: 67928 ns
[2024-01-26T13:54:38.048+0000][38092][info ][safepoint   ] Safepoint "Cleanup", Time since last: 4000710781 ns, Reaching safepoint: 43336 ns, Cleanup: 23232 ns, At safepoint: 5568 ns, Total: 72136 ns
[2024-01-26T13:54:39.048+0000][38092][info ][safepoint   ] Safepoint "Cleanup", Time since last: 1000258392 ns, Reaching safepoint: 16141 ns, Cleanup: 17591 ns, At safepoint: 5656 ns, Total: 39388 ns
[2024-01-26T13:54:40.048+0000][38092][info ][safepoint   ] Safepoint "Cleanup", Time since last: 1000234194 ns, Reaching safepoint: 11108 ns, Cleanup: 11738 ns, At safepoint: 2904 ns, Total: 25750 ns
[2024-01-26T13:54:41.049+0000][38092][info ][safepoint   ] Safepoint "Cleanup", Time since last: 1000136483 ns, Reaching safepoint: 13310 ns, Cleanup: 16849 ns, At safepoint: 4616 ns, Total: 34775 ns
[2024-01-26T13:54:47.049+0000][38092][info ][safepoint   ] Safepoint "Cleanup", Time since last: 6000708116 ns, Reaching safepoint: 44096 ns, Cleanup: 18754 ns, At safepoint: 4291 ns, Total: 67141 ns
[2024-01-26T13:54:50.050+0000][38092][info ][safepoint   ] Safepoint "Cleanup", Time since last: 3000713581 ns, Reaching safepoint: 128717 ns, Cleanup: 21721 ns, At safepoint: 10737 ns, Total: 161175 ns
[2024-01-26T13:54:51.050+0000][38092][info ][safepoint   ] Safepoint "Cleanup", Time since last: 1000155051 ns, Reaching safepoint: 14611 ns, Cleanup: 15706 ns, At safepoint: 4750 ns, Total: 35067 ns
[2024-01-26T13:54:56.051+0000][38092][info ][safepoint   ] Safepoint "Cleanup", Time since last: 5000869206 ns, Reaching safepoint: 51690 ns, Cleanup: 17134 ns, At safepoint: 5301 ns, Total: 74125 ns
[2024-01-26T13:54:58.052+0000][38092][info ][safepoint   ] Safepoint "Cleanup", Time since last: 2000477619 ns, Reaching safepoint: 15072 ns, Cleanup: 18484 ns, At safepoint: 5141 ns, Total: 38697 ns
[2024-01-26T13:55:00.052+0000][38092][info ][safepoint   ] Safepoint "Cleanup", Time since last: 2000382387 ns, Reaching safepoint: 21807 ns, Cleanup: 58035 ns, At safepoint: 7230 ns, Total: 87072 ns
[2024-01-26T13:55:01.053+0000][38092][info ][safepoint   ] Safepoint "Cleanup", Time since last: 1000274751 ns, Reaching safepoint: 15521 ns, Cleanup: 19955 ns, At safepoint: 5119 ns, Total: 40595 ns
[2024-01-26T13:55:02.053+0000][38092][info ][safepoint   ] Safepoint "Cleanup", Time since last: 1000279230 ns, Reaching safepoint: 48279 ns, Cleanup: 17550 ns, At safepoint: 9363 ns, Total: 75192 ns
[2024-01-26T13:55:04.053+0000][38092][info ][safepoint   ] Safepoint "Cleanup", Time since last: 2000443543 ns, Reaching safepoint: 44169 ns, Cleanup: 17948 ns, At safepoint: 9018 ns, Total: 71135 ns
[2024-01-26T13:55:06.054+0000][38092][info ][safepoint   ] Safepoint "Cleanup", Time since last: 2000465545 ns, Reaching safepoint: 16572 ns, Cleanup: 21198 ns, At safepoint: 5636 ns, Total: 43406 ns
[2024-01-26T13:55:09.055+0000][38092][info ][safepoint   ] Safepoint "Cleanup", Time since last: 3000533026 ns, Reaching safepoint: 49718 ns, Cleanup: 20316 ns, At safepoint: 5610 ns, Total: 75644 ns
[2024-01-26T13:55:14.056+0000][38092][info ][safepoint   ] Safepoint "Cleanup", Time since last: 5000989585 ns, Reaching safepoint: 52189 ns, Cleanup: 22355 ns, At safepoint: 6234 ns, Total: 80778 ns
[2024-01-26T13:55:19.572+0000][38092][info ][safepoint   ] Safepoint "Cleanup", Time since last: 5516542287 ns, Reaching safepoint: 50948 ns, Cleanup: 18275 ns, At safepoint: 10889 ns, Total: 80112 ns
[2024-01-26T13:55:28.574+0000][38092][info ][safepoint   ] Safepoint "Cleanup", Time since last: 9001826902 ns, Reaching safepoint: 16448 ns, Cleanup: 21728 ns, At safepoint: 5417 ns, Total: 43593 ns
[2024-01-26T13:55:29.574+0000][38092][info ][safepoint   ] Safepoint "Cleanup", Time since last: 1000173009 ns, Reaching safepoint: 14969 ns, Cleanup: 18151 ns, At safepoint: 4887 ns, Total: 38007 ns
[2024-01-26T13:55:30.575+0000][38092][info ][safepoint   ] Safepoint "Cleanup", Time since last: 1000177921 ns, Reaching safepoint: 19539 ns, Cleanup: 19843 ns, At safepoint: 5092 ns, Total: 44474 ns
[2024-01-26T13:55:45.577+0000][38092][info ][safepoint   ] Safepoint "Cleanup", Time since last: 15002508588 ns, Reaching safepoint: 57093 ns, Cleanup: 22121 ns, At safepoint: 5943 ns, Total: 85157 ns
[2024-01-26T13:55:47.577+0000][38092][info ][safepoint   ] Safepoint "Cleanup", Time since last: 2000234563 ns, Reaching safepoint: 31608 ns, Cleanup: 13041 ns, At safepoint: 5212 ns, Total: 49861 ns
[2024-01-26T13:55:49.578+0000][38092][info ][safepoint   ] Safepoint "Cleanup", Time since last: 2000330990 ns, Reaching safepoint: 11961 ns, Cleanup: 14270 ns, At safepoint: 4850 ns, Total: 31081 ns
[2024-01-26T13:55:52.578+0000][38092][info ][safepoint   ] Safepoint "Cleanup", Time since last: 3000363187 ns, Reaching safepoint: 11069 ns, Cleanup: 26862 ns, At safepoint: 2717 ns, Total: 40648 ns
[2024-01-26T13:55:53.579+0000][38092][info ][safepoint   ] Safepoint "Cleanup", Time since last: 1000269461 ns, Reaching safepoint: 15431 ns, Cleanup: 17643 ns, At safepoint: 4925 ns, Total: 37999 ns
[2024-01-26T13:55:54.579+0000][38092][info ][safepoint   ] Safepoint "Cleanup", Time since last: 1000329605 ns, Reaching safepoint: 14692 ns, Cleanup: 16767 ns, At safepoint: 4945 ns, Total: 36404 ns
[2024-01-26T13:55:59.580+0000][38092][info ][safepoint   ] Safepoint "Cleanup", Time since last: 5000864709 ns, Reaching safepoint: 11036 ns, Cleanup: 13919 ns, At safepoint: 7440 ns, Total: 32395 ns
[2024-01-26T13:56:00.580+0000][38092][info ][safepoint   ] Safepoint "Cleanup", Time since last: 1000262520 ns, Reaching safepoint: 14418 ns, Cleanup: 17582 ns, At safepoint: 4984 ns, Total: 36984 ns
[2024-01-26T13:56:29.585+0000][38092][info ][safepoint   ] Safepoint "Cleanup", Time since last: 29004736356 ns, Reaching safepoint: 34535 ns, Cleanup: 10683 ns, At safepoint: 3682 ns, Total: 48900 ns
[2024-01-26T13:56:30.585+0000][38092][info ][safepoint   ] Safepoint "Cleanup", Time since last: 1000256940 ns, Reaching safepoint: 14429 ns, Cleanup: 15746 ns, At safepoint: 4547 ns, Total: 34722 ns
[2024-01-26T13:56:34.586+0000][38092][info ][safepoint   ] Safepoint "Cleanup", Time since last: 4000696633 ns, Reaching safepoint: 10927 ns, Cleanup: 12526 ns, At safepoint: 3133 ns, Total: 26586 ns
[2024-01-26T13:56:35.586+0000][38092][info ][safepoint   ] Safepoint "Cleanup", Time since last: 1000225020 ns, Reaching safepoint: 33793 ns, Cleanup: 13306 ns, At safepoint: 4449 ns, Total: 51548 ns
[2024-01-26T13:56:39.587+0000][38092][info ][safepoint   ] Safepoint "Cleanup", Time since last: 4000510987 ns, Reaching safepoint: 13516 ns, Cleanup: 44379 ns, At safepoint: 5693 ns, Total: 63588 ns
[2024-01-26T13:56:40.689+0000][38092][info ][safepoint   ] Safepoint "Cleanup", Time since last: 1102404403 ns, Reaching safepoint: 6975 ns, Cleanup: 38657 ns, At safepoint: 4001 ns, Total: 49633 ns
[2024-01-26T13:56:41.676+0000][38092][info ][gc,heap,exit] Heap
[2024-01-26T13:56:41.676+0000][38092][info ][gc,heap,exit]  garbage-first heap   total 3923968K, used 529021K [0x0000000710800000, 0x0000000800000000)
[2024-01-26T13:56:41.676+0000][38092][info ][gc,heap,exit]   region size 4096K, 125 young (512000K), 16 survivors (65536K)
[2024-01-26T13:56:41.676+0000][38092][info ][gc,heap,exit]  Metaspace       used 134087K, committed 137856K, reserved 1179648K
[2024-01-26T13:56:41.676+0000][38092][info ][gc,heap,exit]   class space    used 18585K, committed 20416K, reserved 1048576K
