[2024-01-26T14:06:59.830+0000][40930][info][gc,init] CardTable entry size: 512
[2024-01-26T14:06:59.831+0000][40930][info][gc     ] Using G1
[2024-01-26T14:07:00.084+0000][40930][info][gc,init] Version: 21.0.1+12-29 (release)
[2024-01-26T14:07:00.084+0000][40930][info][gc,init] CPUs: 8 total, 8 available
[2024-01-26T14:07:00.084+0000][40930][info][gc,init] Memory: 7665M
[2024-01-26T14:07:00.084+0000][40930][info][gc,init] Large Page Support: Disabled
[2024-01-26T14:07:00.084+0000][40930][info][gc,init] NUMA Support: Disabled
[2024-01-26T14:07:00.084+0000][40930][info][gc,init] Compressed Oops: Enabled (Zero based)
[2024-01-26T14:07:00.084+0000][40930][info][gc,init] Heap Region Size: 4M
[2024-01-26T14:07:00.084+0000][40930][info][gc,init] Heap Min Capacity: 3832M
[2024-01-26T14:07:00.084+0000][40930][info][gc,init] Heap Initial Capacity: 3832M
[2024-01-26T14:07:00.084+0000][40930][info][gc,init] Heap Max Capacity: 3832M
[2024-01-26T14:07:00.084+0000][40930][info][gc,init] Pre-touch: Enabled
[2024-01-26T14:07:00.084+0000][40930][info][gc,init] Parallel Workers: 8
[2024-01-26T14:07:00.084+0000][40930][info][gc,init] Concurrent Workers: 2
[2024-01-26T14:07:00.084+0000][40930][info][gc,init] Concurrent Refinement Workers: 8
[2024-01-26T14:07:00.084+0000][40930][info][gc,init] Periodic GC: Disabled
[2024-01-26T14:07:00.090+0000][40930][info][gc,metaspace] CDS archive(s) mapped at: [0x00007f1d43000000-0x00007f1d43ca5000-0x00007f1d43ca5000), size 13258752, SharedBaseAddress: 0x00007f1d43000000, ArchiveRelocationMode: 1.
[2024-01-26T14:07:00.090+0000][40930][info][gc,metaspace] Compressed class space mapped at: 0x00007f1d44000000-0x00007f1d84000000, reserved size: 1073741824
[2024-01-26T14:07:00.090+0000][40930][info][gc,metaspace] Narrow klass base: 0x00007f1d43000000, Narrow klass shift: 0, Narrow klass range: 0x100000000
[2024-01-26T14:07:00.328+0000][40930][info][safepoint   ] Safepoint "ICBufferFull", Time since last: 233610542 ns, Reaching safepoint: 69241 ns, Cleanup: 72734 ns, At safepoint: 3253 ns, Total: 145228 ns
[2024-01-26T14:07:00.544+0000][40930][info][safepoint   ] Safepoint "ICBufferFull", Time since last: 216463891 ns, Reaching safepoint: 4170 ns, Cleanup: 92373 ns, At safepoint: 2403 ns, Total: 98946 ns
[2024-01-26T14:07:00.828+0000][40930][info][safepoint   ] Safepoint "ICBufferFull", Time since last: 283357952 ns, Reaching safepoint: 3523 ns, Cleanup: 93324 ns, At safepoint: 2720 ns, Total: 99567 ns
[2024-01-26T14:07:01.085+0000][40930][info][safepoint   ] Safepoint "ICBufferFull", Time since last: 256849829 ns, Reaching safepoint: 73119 ns, Cleanup: 107449 ns, At safepoint: 2669 ns, Total: 183237 ns
[2024-01-26T14:07:01.560+0000][40930][info][safepoint   ] Safepoint "ICBufferFull", Time since last: 475417842 ns, Reaching safepoint: 3331 ns, Cleanup: 117515 ns, At safepoint: 2053 ns, Total: 122899 ns
[2024-01-26T14:07:01.717+0000][40930][info][gc,start    ] GC(0) Pause Young (Normal) (G1 Evacuation Pause)
[2024-01-26T14:07:01.717+0000][40930][info][gc,task     ] GC(0) Using 8 workers of 8 for evacuation
[2024-01-26T14:07:01.717+0000][40930][debug][gc,age      ] GC(0) Desired survivor size 12582912 bytes, new threshold 15 (max threshold 15)
[2024-01-26T14:07:01.724+0000][40930][info ][gc,phases   ] GC(0)   Pre Evacuate Collection Set: 0.2ms
[2024-01-26T14:07:01.724+0000][40930][info ][gc,phases   ] GC(0)   Merge Heap Roots: 0.1ms
[2024-01-26T14:07:01.724+0000][40930][info ][gc,phases   ] GC(0)   Evacuate Collection Set: 5.2ms
[2024-01-26T14:07:01.724+0000][40930][info ][gc,phases   ] GC(0)   Post Evacuate Collection Set: 1.4ms
[2024-01-26T14:07:01.724+0000][40930][info ][gc,phases   ] GC(0)   Other: 0.1ms
[2024-01-26T14:07:01.724+0000][40930][trace][gc,age      ] GC(0) Age table with threshold 15 (max threshold 15)
[2024-01-26T14:07:01.724+0000][40930][trace][gc,age      ] GC(0) - age   1:   10580856 bytes,   10580856 total
[2024-01-26T14:07:01.724+0000][40930][info ][gc,heap     ] GC(0) Eden regions: 47->0(44)
[2024-01-26T14:07:01.724+0000][40930][info ][gc,heap     ] GC(0) Survivor regions: 0->3(6)
[2024-01-26T14:07:01.724+0000][40930][info ][gc,heap     ] GC(0) Old regions: 1->1
[2024-01-26T14:07:01.724+0000][40930][info ][gc,heap     ] GC(0) Humongous regions: 0->0
[2024-01-26T14:07:01.724+0000][40930][info ][gc,metaspace] GC(0) Metaspace: 19885K(20288K)->19885K(20288K) NonClass: 17744K(17984K)->17744K(17984K) Class: 2141K(2304K)->2141K(2304K)
[2024-01-26T14:07:01.724+0000][40930][info ][gc          ] GC(0) Pause Young (Normal) (G1 Evacuation Pause) 189M->11M(3832M) 7.225ms
[2024-01-26T14:07:01.724+0000][40930][info ][gc,cpu      ] GC(0) User=0.04s Sys=0.00s Real=0.01s
[2024-01-26T14:07:01.724+0000][40930][info ][safepoint   ] Safepoint "G1CollectForAllocation", Time since last: 156378391 ns, Reaching safepoint: 4286 ns, Cleanup: 59450 ns, At safepoint: 7282470 ns, Total: 7346206 ns
[2024-01-26T14:07:01.965+0000][40930][info ][gc,start    ] GC(1) Pause Young (Concurrent Start) (Metadata GC Threshold)
[2024-01-26T14:07:01.965+0000][40930][info ][gc,task     ] GC(1) Using 8 workers of 8 for evacuation
[2024-01-26T14:07:01.965+0000][40930][debug][gc,age      ] GC(1) Desired survivor size 12582912 bytes, new threshold 15 (max threshold 15)
[2024-01-26T14:07:01.970+0000][40930][info ][gc,phases   ] GC(1)   Pre Evacuate Collection Set: 0.2ms
[2024-01-26T14:07:01.970+0000][40930][info ][gc,phases   ] GC(1)   Merge Heap Roots: 0.0ms
[2024-01-26T14:07:01.970+0000][40930][info ][gc,phases   ] GC(1)   Evacuate Collection Set: 3.9ms
[2024-01-26T14:07:01.970+0000][40930][info ][gc,phases   ] GC(1)   Post Evacuate Collection Set: 0.5ms
[2024-01-26T14:07:01.970+0000][40930][info ][gc,phases   ] GC(1)   Other: 0.1ms
[2024-01-26T14:07:01.970+0000][40930][trace][gc,age      ] GC(1) Age table with threshold 15 (max threshold 15)
[2024-01-26T14:07:01.970+0000][40930][trace][gc,age      ] GC(1) - age   1:    2315104 bytes,    2315104 total
[2024-01-26T14:07:01.970+0000][40930][trace][gc,age      ] GC(1) - age   2:    9698072 bytes,   12013176 total
[2024-01-26T14:07:01.970+0000][40930][info ][gc,heap     ] GC(1) Eden regions: 31->0(52)
[2024-01-26T14:07:01.970+0000][40930][info ][gc,heap     ] GC(1) Survivor regions: 3->4(6)
[2024-01-26T14:07:01.970+0000][40930][info ][gc,heap     ] GC(1) Old regions: 1->1
[2024-01-26T14:07:01.970+0000][40930][info ][gc,heap     ] GC(1) Humongous regions: 0->0
[2024-01-26T14:07:01.970+0000][40930][info ][gc,metaspace] GC(1) Metaspace: 20965K(21504K)->20965K(21504K) NonClass: 18725K(19008K)->18725K(19008K) Class: 2240K(2496K)->2240K(2496K)
[2024-01-26T14:07:01.970+0000][40930][info ][gc          ] GC(1) Pause Young (Concurrent Start) (Metadata GC Threshold) 135M->13M(3832M) 4.931ms
[2024-01-26T14:07:01.970+0000][40930][info ][gc,cpu      ] GC(1) User=0.03s Sys=0.00s Real=0.01s
[2024-01-26T14:07:01.970+0000][40930][info ][gc          ] GC(2) Concurrent Mark Cycle
[2024-01-26T14:07:01.970+0000][40930][info ][gc,marking  ] GC(2) Concurrent Scan Root Regions
[2024-01-26T14:07:01.970+0000][40930][info ][safepoint   ] Safepoint "CollectForMetadataAllocation", Time since last: 241235789 ns, Reaching safepoint: 3546 ns, Cleanup: 70829 ns, At safepoint: 5031095 ns, Total: 5105470 ns
[2024-01-26T14:07:01.974+0000][40930][info ][gc,marking  ] GC(2) Concurrent Scan Root Regions 3.732ms
[2024-01-26T14:07:01.974+0000][40930][info ][gc,marking  ] GC(2) Concurrent Mark
[2024-01-26T14:07:01.974+0000][40930][info ][gc,marking  ] GC(2) Concurrent Mark From Roots
[2024-01-26T14:07:01.974+0000][40930][info ][gc,task     ] GC(2) Using 2 workers of 2 for marking
[2024-01-26T14:07:01.976+0000][40930][info ][gc,marking  ] GC(2) Concurrent Mark From Roots 1.784ms
[2024-01-26T14:07:01.976+0000][40930][info ][gc,marking  ] GC(2) Concurrent Preclean
[2024-01-26T14:07:01.976+0000][40930][info ][gc,marking  ] GC(2) Concurrent Preclean 0.010ms
[2024-01-26T14:07:01.976+0000][40930][info ][gc,start    ] GC(2) Pause Remark
[2024-01-26T14:07:01.978+0000][40930][info ][gc          ] GC(2) Pause Remark 16M->16M(3832M) 1.708ms
[2024-01-26T14:07:01.978+0000][40930][info ][gc,cpu      ] GC(2) User=0.01s Sys=0.00s Real=0.00s
[2024-01-26T14:07:01.978+0000][40930][info ][safepoint   ] Safepoint "G1PauseRemark", Time since last: 5585088 ns, Reaching safepoint: 63597 ns, Cleanup: 10147 ns, At safepoint: 1783260 ns, Total: 1857004 ns
[2024-01-26T14:07:01.978+0000][40930][info ][gc,marking  ] GC(2) Concurrent Mark 3.766ms
[2024-01-26T14:07:01.978+0000][40930][info ][gc,marking  ] GC(2) Concurrent Rebuild Remembered Sets and Scrub Regions
[2024-01-26T14:07:01.978+0000][40930][info ][gc,marking  ] GC(2) Concurrent Rebuild Remembered Sets and Scrub Regions 0.549ms
[2024-01-26T14:07:01.979+0000][40930][info ][gc,start    ] GC(2) Pause Cleanup
[2024-01-26T14:07:01.979+0000][40930][info ][gc          ] GC(2) Pause Cleanup 16M->16M(3832M) 0.129ms
[2024-01-26T14:07:01.979+0000][40930][info ][gc,cpu      ] GC(2) User=0.00s Sys=0.00s Real=0.00s
[2024-01-26T14:07:01.979+0000][40930][info ][safepoint   ] Safepoint "G1PauseCleanup", Time since last: 668026 ns, Reaching safepoint: 69508 ns, Cleanup: 2333 ns, At safepoint: 161502 ns, Total: 233343 ns
[2024-01-26T14:07:01.979+0000][40930][info ][gc,marking  ] GC(2) Concurrent Clear Claimed Marks
[2024-01-26T14:07:01.979+0000][40930][info ][gc,marking  ] GC(2) Concurrent Clear Claimed Marks 0.032ms
[2024-01-26T14:07:01.979+0000][40930][info ][gc,marking  ] GC(2) Concurrent Cleanup for Next Mark
[2024-01-26T14:07:01.982+0000][40930][info ][gc,marking  ] GC(2) Concurrent Cleanup for Next Mark 2.976ms
[2024-01-26T14:07:01.982+0000][40930][info ][gc          ] GC(2) Concurrent Mark Cycle 11.472ms
[2024-01-26T14:07:02.458+0000][40930][info ][safepoint   ] Safepoint "ICBufferFull", Time since last: 479628937 ns, Reaching safepoint: 70118 ns, Cleanup: 97226 ns, At safepoint: 2625 ns, Total: 169969 ns
[2024-01-26T14:07:02.592+0000][40930][info ][gc,start    ] GC(3) Pause Young (Prepare Mixed) (G1 Evacuation Pause)
[2024-01-26T14:07:02.592+0000][40930][info ][gc,task     ] GC(3) Using 8 workers of 8 for evacuation
[2024-01-26T14:07:02.592+0000][40930][debug][gc,age      ] GC(3) Desired survivor size 14680064 bytes, new threshold 15 (max threshold 15)
[2024-01-26T14:07:02.599+0000][40930][info ][gc,phases   ] GC(3)   Pre Evacuate Collection Set: 0.2ms
[2024-01-26T14:07:02.599+0000][40930][info ][gc,phases   ] GC(3)   Merge Heap Roots: 0.0ms
[2024-01-26T14:07:02.599+0000][40930][info ][gc,phases   ] GC(3)   Evacuate Collection Set: 5.8ms
[2024-01-26T14:07:02.599+0000][40930][info ][gc,phases   ] GC(3)   Post Evacuate Collection Set: 0.7ms
[2024-01-26T14:07:02.599+0000][40930][info ][gc,phases   ] GC(3)   Other: 0.1ms
[2024-01-26T14:07:02.599+0000][40930][trace][gc,age      ] GC(3) Age table with threshold 15 (max threshold 15)
[2024-01-26T14:07:02.599+0000][40930][trace][gc,age      ] GC(3) - age   1:    6416216 bytes,    6416216 total
[2024-01-26T14:07:02.599+0000][40930][trace][gc,age      ] GC(3) - age   2:    2200864 bytes,    8617080 total
[2024-01-26T14:07:02.599+0000][40930][trace][gc,age      ] GC(3) - age   3:    9692816 bytes,   18309896 total
[2024-01-26T14:07:02.599+0000][40930][info ][gc,heap     ] GC(3) Eden regions: 52->0(82)
[2024-01-26T14:07:02.599+0000][40930][info ][gc,heap     ] GC(3) Survivor regions: 4->5(7)
[2024-01-26T14:07:02.599+0000][40930][info ][gc,heap     ] GC(3) Old regions: 1->1
[2024-01-26T14:07:02.599+0000][40930][info ][gc,heap     ] GC(3) Humongous regions: 0->0
[2024-01-26T14:07:02.599+0000][40930][info ][gc,metaspace] GC(3) Metaspace: 27524K(28224K)->27524K(28224K) NonClass: 24438K(24832K)->24438K(24832K) Class: 3085K(3392K)->3085K(3392K)
[2024-01-26T14:07:02.599+0000][40930][info ][gc          ] GC(3) Pause Young (Prepare Mixed) (G1 Evacuation Pause) 221M->20M(3832M) 6.972ms
[2024-01-26T14:07:02.599+0000][40930][info ][gc,cpu      ] GC(3) User=0.04s Sys=0.00s Real=0.01s
[2024-01-26T14:07:02.599+0000][40930][info ][safepoint   ] Safepoint "G1CollectForAllocation", Time since last: 133865569 ns, Reaching safepoint: 4224 ns, Cleanup: 57513 ns, At safepoint: 7019508 ns, Total: 7081245 ns
[2024-01-26T14:07:03.026+0000][40930][info ][gc,start    ] GC(4) Pause Young (Mixed) (G1 Evacuation Pause)
[2024-01-26T14:07:03.026+0000][40930][info ][gc,task     ] GC(4) Using 8 workers of 8 for evacuation
[2024-01-26T14:07:03.026+0000][40930][debug][gc,age      ] GC(4) Desired survivor size 23068672 bytes, new threshold 15 (max threshold 15)
[2024-01-26T14:07:03.035+0000][40930][info ][gc,phases   ] GC(4)   Pre Evacuate Collection Set: 0.2ms
[2024-01-26T14:07:03.035+0000][40930][info ][gc,phases   ] GC(4)   Merge Heap Roots: 0.0ms
[2024-01-26T14:07:03.035+0000][40930][info ][gc,phases   ] GC(4)   Evacuate Collection Set: 8.4ms
[2024-01-26T14:07:03.035+0000][40930][info ][gc,phases   ] GC(4)   Post Evacuate Collection Set: 0.8ms
[2024-01-26T14:07:03.035+0000][40930][info ][gc,phases   ] GC(4)   Other: 0.1ms
[2024-01-26T14:07:03.035+0000][40930][trace][gc,age      ] GC(4) Age table with threshold 15 (max threshold 15)
[2024-01-26T14:07:03.035+0000][40930][trace][gc,age      ] GC(4) - age   1:    5034984 bytes,    5034984 total
[2024-01-26T14:07:03.035+0000][40930][trace][gc,age      ] GC(4) - age   2:    6182712 bytes,   11217696 total
[2024-01-26T14:07:03.035+0000][40930][trace][gc,age      ] GC(4) - age   3:    2200176 bytes,   13417872 total
[2024-01-26T14:07:03.035+0000][40930][trace][gc,age      ] GC(4) - age   4:    9692688 bytes,   23110560 total
[2024-01-26T14:07:03.035+0000][40930][info ][gc,heap     ] GC(4) Eden regions: 82->0(250)
[2024-01-26T14:07:03.035+0000][40930][info ][gc,heap     ] GC(4) Survivor regions: 5->6(11)
[2024-01-26T14:07:03.035+0000][40930][info ][gc,heap     ] GC(4) Old regions: 1->1
[2024-01-26T14:07:03.035+0000][40930][info ][gc,heap     ] GC(4) Humongous regions: 0->0
[2024-01-26T14:07:03.035+0000][40930][info ][gc,metaspace] GC(4) Metaspace: 28298K(29056K)->28298K(29056K) NonClass: 25120K(25536K)->25120K(25536K) Class: 3178K(3520K)->3178K(3520K)
[2024-01-26T14:07:03.035+0000][40930][info ][gc          ] GC(4) Pause Young (Mixed) (G1 Evacuation Pause) 348M->25M(3832M) 9.792ms
[2024-01-26T14:07:03.035+0000][40930][info ][gc,cpu      ] GC(4) User=0.07s Sys=0.00s Real=0.01s
[2024-01-26T14:07:03.035+0000][40930][info ][safepoint   ] Safepoint "G1CollectForAllocation", Time since last: 426118459 ns, Reaching safepoint: 3958 ns, Cleanup: 78063 ns, At safepoint: 9842278 ns, Total: 9924299 ns
[2024-01-26T14:07:03.631+0000][40930][info ][safepoint   ] Safepoint "ICBufferFull", Time since last: 594848245 ns, Reaching safepoint: 8549 ns, Cleanup: 198603 ns, At safepoint: 4607 ns, Total: 211759 ns
[2024-01-26T14:07:03.866+0000][40930][info ][gc,start    ] GC(5) Pause Young (Concurrent Start) (Metadata GC Threshold)
[2024-01-26T14:07:03.866+0000][40930][info ][gc,task     ] GC(5) Using 8 workers of 8 for evacuation
[2024-01-26T14:07:03.866+0000][40930][debug][gc,age      ] GC(5) Desired survivor size 67108864 bytes, new threshold 15 (max threshold 15)
[2024-01-26T14:07:03.877+0000][40930][info ][gc,phases   ] GC(5)   Pre Evacuate Collection Set: 0.3ms
[2024-01-26T14:07:03.877+0000][40930][info ][gc,phases   ] GC(5)   Merge Heap Roots: 0.1ms
[2024-01-26T14:07:03.877+0000][40930][info ][gc,phases   ] GC(5)   Evacuate Collection Set: 9.5ms
[2024-01-26T14:07:03.877+0000][40930][info ][gc,phases   ] GC(5)   Post Evacuate Collection Set: 1.0ms
[2024-01-26T14:07:03.877+0000][40930][info ][gc,phases   ] GC(5)   Other: 0.1ms
[2024-01-26T14:07:03.877+0000][40930][trace][gc,age      ] GC(5) Age table with threshold 15 (max threshold 15)
[2024-01-26T14:07:03.877+0000][40930][trace][gc,age      ] GC(5) - age   1:    8535192 bytes,    8535192 total
[2024-01-26T14:07:03.877+0000][40930][trace][gc,age      ] GC(5) - age   2:    2916936 bytes,   11452128 total
[2024-01-26T14:07:03.877+0000][40930][trace][gc,age      ] GC(5) - age   3:    6177136 bytes,   17629264 total
[2024-01-26T14:07:03.877+0000][40930][trace][gc,age      ] GC(5) - age   4:    2198576 bytes,   19827840 total
[2024-01-26T14:07:03.877+0000][40930][trace][gc,age      ] GC(5) - age   5:    9685480 bytes,   29513320 total
[2024-01-26T14:07:03.877+0000][40930][info ][gc,heap     ] GC(5) Eden regions: 97->0(167)
[2024-01-26T14:07:03.877+0000][40930][info ][gc,heap     ] GC(5) Survivor regions: 6->8(32)
[2024-01-26T14:07:03.877+0000][40930][info ][gc,heap     ] GC(5) Old regions: 1->1
[2024-01-26T14:07:03.877+0000][40930][info ][gc,heap     ] GC(5) Humongous regions: 0->0
[2024-01-26T14:07:03.877+0000][40930][info ][gc,metaspace] GC(5) Metaspace: 35302K(36160K)->35302K(36160K) NonClass: 31331K(31808K)->31331K(31808K) Class: 3971K(4352K)->3971K(4352K)
[2024-01-26T14:07:03.877+0000][40930][info ][gc          ] GC(5) Pause Young (Concurrent Start) (Metadata GC Threshold) 411M->30M(3832M) 11.299ms
[2024-01-26T14:07:03.877+0000][40930][info ][gc          ] GC(6) Concurrent Mark Cycle
[2024-01-26T14:07:03.877+0000][40930][info ][gc,cpu      ] GC(5) User=0.07s Sys=0.00s Real=0.01s
[2024-01-26T14:07:03.877+0000][40930][info ][gc,marking  ] GC(6) Concurrent Scan Root Regions
[2024-01-26T14:07:03.877+0000][40930][info ][safepoint   ] Safepoint "CollectForMetadataAllocation", Time since last: 234991043 ns, Reaching safepoint: 7792 ns, Cleanup: 83357 ns, At safepoint: 11441748 ns, Total: 11532897 ns
[2024-01-26T14:07:03.884+0000][40930][info ][gc,marking  ] GC(6) Concurrent Scan Root Regions 7.205ms
[2024-01-26T14:07:03.884+0000][40930][info ][gc,marking  ] GC(6) Concurrent Mark
[2024-01-26T14:07:03.884+0000][40930][info ][gc,marking  ] GC(6) Concurrent Mark From Roots
[2024-01-26T14:07:03.884+0000][40930][info ][gc,task     ] GC(6) Using 2 workers of 2 for marking
[2024-01-26T14:07:03.886+0000][40930][info ][gc,marking  ] GC(6) Concurrent Mark From Roots 1.542ms
[2024-01-26T14:07:03.886+0000][40930][info ][gc,marking  ] GC(6) Concurrent Preclean
[2024-01-26T14:07:03.886+0000][40930][info ][gc,marking  ] GC(6) Concurrent Preclean 0.015ms
[2024-01-26T14:07:03.886+0000][40930][info ][gc,start    ] GC(6) Pause Remark
[2024-01-26T14:07:03.890+0000][40930][info ][gc          ] GC(6) Pause Remark 34M->34M(3832M) 3.622ms
[2024-01-26T14:07:03.890+0000][40930][info ][gc,cpu      ] GC(6) User=0.02s Sys=0.00s Real=0.01s
[2024-01-26T14:07:03.890+0000][40930][info ][safepoint   ] Safepoint "G1PauseRemark", Time since last: 8847076 ns, Reaching safepoint: 72963 ns, Cleanup: 10558 ns, At safepoint: 3700715 ns, Total: 3784236 ns
[2024-01-26T14:07:03.890+0000][40930][info ][gc,marking  ] GC(6) Concurrent Mark 5.457ms
[2024-01-26T14:07:03.890+0000][40930][info ][gc,marking  ] GC(6) Concurrent Rebuild Remembered Sets and Scrub Regions
[2024-01-26T14:07:03.890+0000][40930][info ][gc,marking  ] GC(6) Concurrent Rebuild Remembered Sets and Scrub Regions 0.585ms
[2024-01-26T14:07:03.890+0000][40930][info ][gc,start    ] GC(6) Pause Cleanup
[2024-01-26T14:07:03.891+0000][40930][info ][gc          ] GC(6) Pause Cleanup 34M->34M(3832M) 0.160ms
[2024-01-26T14:07:03.891+0000][40930][info ][gc,cpu      ] GC(6) User=0.00s Sys=0.00s Real=0.00s
[2024-01-26T14:07:03.891+0000][40930][info ][safepoint   ] Safepoint "G1PauseCleanup", Time since last: 677332 ns, Reaching safepoint: 2949 ns, Cleanup: 9881 ns, At safepoint: 190042 ns, Total: 202872 ns
[2024-01-26T14:07:03.891+0000][40930][info ][gc,marking  ] GC(6) Concurrent Clear Claimed Marks
[2024-01-26T14:07:03.891+0000][40930][info ][gc,marking  ] GC(6) Concurrent Clear Claimed Marks 0.077ms
[2024-01-26T14:07:03.891+0000][40930][info ][gc,marking  ] GC(6) Concurrent Cleanup for Next Mark
[2024-01-26T14:07:03.895+0000][40930][info ][gc,marking  ] GC(6) Concurrent Cleanup for Next Mark 4.530ms
[2024-01-26T14:07:03.895+0000][40930][info ][gc          ] GC(6) Concurrent Mark Cycle 18.327ms
[2024-01-26T14:07:04.233+0000][40930][info ][safepoint   ] Safepoint "ICBufferFull", Time since last: 342120832 ns, Reaching safepoint: 4719 ns, Cleanup: 98771 ns, At safepoint: 2323 ns, Total: 105813 ns
[2024-01-26T14:07:04.592+0000][40930][info ][safepoint   ] Safepoint "ICBufferFull", Time since last: 359246651 ns, Reaching safepoint: 3841 ns, Cleanup: 104411 ns, At safepoint: 2574 ns, Total: 110826 ns
[2024-01-26T14:07:05.134+0000][40930][info ][safepoint   ] Safepoint "ICBufferFull", Time since last: 541632746 ns, Reaching safepoint: 3761 ns, Cleanup: 99622 ns, At safepoint: 2580 ns, Total: 105963 ns
[2024-01-26T14:07:05.185+0000][40930][info ][gc,start    ] GC(7) Pause Young (Normal) (G1 Evacuation Pause)
[2024-01-26T14:07:05.185+0000][40930][info ][gc,task     ] GC(7) Using 8 workers of 8 for evacuation
[2024-01-26T14:07:05.185+0000][40930][debug][gc,age      ] GC(7) Desired survivor size 46137344 bytes, new threshold 15 (max threshold 15)
[2024-01-26T14:07:05.197+0000][40930][info ][gc,phases   ] GC(7)   Pre Evacuate Collection Set: 0.2ms
[2024-01-26T14:07:05.198+0000][40930][info ][gc,phases   ] GC(7)   Merge Heap Roots: 0.0ms
[2024-01-26T14:07:05.198+0000][40930][info ][gc,phases   ] GC(7)   Evacuate Collection Set: 10.8ms
[2024-01-26T14:07:05.198+0000][40930][info ][gc,phases   ] GC(7)   Post Evacuate Collection Set: 1.1ms
[2024-01-26T14:07:05.198+0000][40930][info ][gc,phases   ] GC(7)   Other: 0.1ms
[2024-01-26T14:07:05.198+0000][40930][trace][gc,age      ] GC(7) Age table with threshold 15 (max threshold 15)
[2024-01-26T14:07:05.198+0000][40930][trace][gc,age      ] GC(7) - age   1:    7913824 bytes,    7913824 total
[2024-01-26T14:07:05.198+0000][40930][trace][gc,age      ] GC(7) - age   2:    8454856 bytes,   16368680 total
[2024-01-26T14:07:05.198+0000][40930][trace][gc,age      ] GC(7) - age   3:    2900880 bytes,   19269560 total
[2024-01-26T14:07:05.198+0000][40930][trace][gc,age      ] GC(7) - age   4:    6153544 bytes,   25423104 total
[2024-01-26T14:07:05.198+0000][40930][trace][gc,age      ] GC(7) - age   5:    2189616 bytes,   27612720 total
[2024-01-26T14:07:05.198+0000][40930][trace][gc,age      ] GC(7) - age   6:    9450208 bytes,   37062928 total
[2024-01-26T14:07:05.198+0000][40930][info ][gc,heap     ] GC(7) Eden regions: 167->0(204)
[2024-01-26T14:07:05.198+0000][40930][info ][gc,heap     ] GC(7) Survivor regions: 8->10(22)
[2024-01-26T14:07:05.198+0000][40930][info ][gc,heap     ] GC(7) Old regions: 1->1
[2024-01-26T14:07:05.198+0000][40930][info ][gc,heap     ] GC(7) Humongous regions: 0->0
[2024-01-26T14:07:05.198+0000][40930][info ][gc,metaspace] GC(7) Metaspace: 47517K(48576K)->47517K(48576K) NonClass: 42021K(42688K)->42021K(42688K) Class: 5496K(5888K)->5496K(5888K)
[2024-01-26T14:07:05.198+0000][40930][info ][gc          ] GC(7) Pause Young (Normal) (G1 Evacuation Pause) 698M->40M(3832M) 12.342ms
[2024-01-26T14:07:05.198+0000][40930][info ][gc,cpu      ] GC(7) User=0.09s Sys=0.00s Real=0.01s
[2024-01-26T14:07:05.198+0000][40930][info ][safepoint   ] Safepoint "G1CollectForAllocation", Time since last: 51356443 ns, Reaching safepoint: 3767 ns, Cleanup: 24453 ns, At safepoint: 12382638 ns, Total: 12410858 ns
[2024-01-26T14:07:05.713+0000][40930][info ][gc,start    ] GC(8) Pause Young (Concurrent Start) (Metadata GC Threshold)
[2024-01-26T14:07:05.713+0000][40930][info ][gc,task     ] GC(8) Using 8 workers of 8 for evacuation
[2024-01-26T14:07:05.713+0000][40930][debug][gc,age      ] GC(8) Desired survivor size 56623104 bytes, new threshold 15 (max threshold 15)
[2024-01-26T14:07:05.726+0000][40930][info ][gc,phases   ] GC(8)   Pre Evacuate Collection Set: 0.2ms
[2024-01-26T14:07:05.726+0000][40930][info ][gc,phases   ] GC(8)   Merge Heap Roots: 0.0ms
[2024-01-26T14:07:05.726+0000][40930][info ][gc,phases   ] GC(8)   Evacuate Collection Set: 11.9ms
[2024-01-26T14:07:05.726+0000][40930][info ][gc,phases   ] GC(8)   Post Evacuate Collection Set: 1.1ms
[2024-01-26T14:07:05.726+0000][40930][info ][gc,phases   ] GC(8)   Other: 0.1ms
[2024-01-26T14:07:05.726+0000][40930][trace][gc,age      ] GC(8) Age table with threshold 15 (max threshold 15)
[2024-01-26T14:07:05.726+0000][40930][trace][gc,age      ] GC(8) - age   1:    2361848 bytes,    2361848 total
[2024-01-26T14:07:05.726+0000][40930][trace][gc,age      ] GC(8) - age   2:    7766144 bytes,   10127992 total
[2024-01-26T14:07:05.726+0000][40930][trace][gc,age      ] GC(8) - age   3:    8444512 bytes,   18572504 total
[2024-01-26T14:07:05.726+0000][40930][trace][gc,age      ] GC(8) - age   4:    2899912 bytes,   21472416 total
[2024-01-26T14:07:05.726+0000][40930][trace][gc,age      ] GC(8) - age   5:    6149536 bytes,   27621952 total
[2024-01-26T14:07:05.726+0000][40930][trace][gc,age      ] GC(8) - age   6:    2189552 bytes,   29811504 total
[2024-01-26T14:07:05.726+0000][40930][trace][gc,age      ] GC(8) - age   7:    9447328 bytes,   39258832 total
[2024-01-26T14:07:05.726+0000][40930][info ][gc,heap     ] GC(8) Eden regions: 16->0(258)
[2024-01-26T14:07:05.726+0000][40930][info ][gc,heap     ] GC(8) Survivor regions: 10->11(27)
[2024-01-26T14:07:05.726+0000][40930][info ][gc,heap     ] GC(8) Old regions: 1->1
[2024-01-26T14:07:05.726+0000][40930][info ][gc,heap     ] GC(8) Humongous regions: 0->0
[2024-01-26T14:07:05.726+0000][40930][info ][gc,metaspace] GC(8) Metaspace: 59247K(60480K)->59247K(60480K) NonClass: 51969K(52736K)->51969K(52736K) Class: 7277K(7744K)->7277K(7744K)
[2024-01-26T14:07:05.726+0000][40930][info ][gc          ] GC(8) Pause Young (Concurrent Start) (Metadata GC Threshold) 104M->43M(3832M) 13.562ms
[2024-01-26T14:07:05.726+0000][40930][info ][gc,cpu      ] GC(8) User=0.08s Sys=0.01s Real=0.02s
[2024-01-26T14:07:05.726+0000][40930][info ][gc          ] GC(9) Concurrent Mark Cycle
[2024-01-26T14:07:05.726+0000][40930][info ][gc,marking  ] GC(9) Concurrent Scan Root Regions
[2024-01-26T14:07:05.726+0000][40930][info ][safepoint   ] Safepoint "CollectForMetadataAllocation", Time since last: 515110872 ns, Reaching safepoint: 3618 ns, Cleanup: 73842 ns, At safepoint: 13657067 ns, Total: 13734527 ns
[2024-01-26T14:07:05.736+0000][40930][info ][gc,marking  ] GC(9) Concurrent Scan Root Regions 9.473ms
[2024-01-26T14:07:05.736+0000][40930][info ][gc,marking  ] GC(9) Concurrent Mark
[2024-01-26T14:07:05.736+0000][40930][info ][gc,marking  ] GC(9) Concurrent Mark From Roots
[2024-01-26T14:07:05.736+0000][40930][info ][gc,task     ] GC(9) Using 2 workers of 2 for marking
[2024-01-26T14:07:05.737+0000][40930][info ][gc,marking  ] GC(9) Concurrent Mark From Roots 1.484ms
[2024-01-26T14:07:05.737+0000][40930][info ][gc,marking  ] GC(9) Concurrent Preclean
[2024-01-26T14:07:05.737+0000][40930][info ][gc,marking  ] GC(9) Concurrent Preclean 0.008ms
[2024-01-26T14:07:05.738+0000][40930][info ][gc,start    ] GC(9) Pause Remark
[2024-01-26T14:07:05.741+0000][40930][info ][gc          ] GC(9) Pause Remark 47M->47M(3832M) 3.326ms
[2024-01-26T14:07:05.741+0000][40930][info ][gc,cpu      ] GC(9) User=0.01s Sys=0.01s Real=0.01s
[2024-01-26T14:07:05.741+0000][40930][info ][safepoint   ] Safepoint "G1PauseRemark", Time since last: 11040465 ns, Reaching safepoint: 286721 ns, Cleanup: 9617 ns, At safepoint: 3389784 ns, Total: 3686122 ns
[2024-01-26T14:07:05.741+0000][40930][info ][gc,marking  ] GC(9) Concurrent Mark 5.293ms
[2024-01-26T14:07:05.741+0000][40930][info ][gc,marking  ] GC(9) Concurrent Rebuild Remembered Sets and Scrub Regions
[2024-01-26T14:07:05.742+0000][40930][info ][gc,marking  ] GC(9) Concurrent Rebuild Remembered Sets and Scrub Regions 0.548ms
[2024-01-26T14:07:05.742+0000][40930][info ][gc,start    ] GC(9) Pause Cleanup
[2024-01-26T14:07:05.742+0000][40930][info ][gc          ] GC(9) Pause Cleanup 47M->47M(3832M) 0.098ms
[2024-01-26T14:07:05.742+0000][40930][info ][gc,cpu      ] GC(9) User=0.00s Sys=0.00s Real=0.00s
[2024-01-26T14:07:05.742+0000][40930][info ][safepoint   ] Safepoint "G1PauseCleanup", Time since last: 637666 ns, Reaching safepoint: 69599 ns, Cleanup: 8221 ns, At safepoint: 125745 ns, Total: 203565 ns
[2024-01-26T14:07:05.742+0000][40930][info ][gc,marking  ] GC(9) Concurrent Clear Claimed Marks
[2024-01-26T14:07:05.742+0000][40930][info ][gc,marking  ] GC(9) Concurrent Clear Claimed Marks 0.073ms
[2024-01-26T14:07:05.742+0000][40930][info ][gc,marking  ] GC(9) Concurrent Cleanup for Next Mark
[2024-01-26T14:07:05.745+0000][40930][info ][gc,marking  ] GC(9) Concurrent Cleanup for Next Mark 2.899ms
[2024-01-26T14:07:05.745+0000][40930][info ][gc          ] GC(9) Concurrent Mark Cycle 18.656ms
[2024-01-26T14:07:06.588+0000][40930][info ][safepoint   ] Safepoint "ICBufferFull", Time since last: 845750891 ns, Reaching safepoint: 96920 ns, Cleanup: 192051 ns, At safepoint: 4563 ns, Total: 293534 ns
[2024-01-26T14:07:07.627+0000][40930][info ][safepoint   ] Safepoint "Cleanup", Time since last: 1038454398 ns, Reaching safepoint: 3526 ns, Cleanup: 77342 ns, At safepoint: 2091 ns, Total: 82959 ns
[2024-01-26T14:07:07.863+0000][40930][info ][safepoint   ] Safepoint "ICBufferFull", Time since last: 236127333 ns, Reaching safepoint: 6437 ns, Cleanup: 96578 ns, At safepoint: 2688 ns, Total: 105703 ns
[2024-01-26T14:07:08.865+0000][40930][info ][safepoint   ] Safepoint "Cleanup", Time since last: 1002031448 ns, Reaching safepoint: 3079 ns, Cleanup: 85020 ns, At safepoint: 2762 ns, Total: 90861 ns
[2024-01-26T14:07:09.807+0000][40930][info ][safepoint   ] Safepoint "ICBufferFull", Time since last: 941969143 ns, Reaching safepoint: 72949 ns, Cleanup: 106249 ns, At safepoint: 5234 ns, Total: 184432 ns
[2024-01-26T14:07:10.614+0000][40930][info ][safepoint   ] Safepoint "ICBufferFull", Time since last: 806733396 ns, Reaching safepoint: 76014 ns, Cleanup: 121811 ns, At safepoint: 3743 ns, Total: 201568 ns
[2024-01-26T14:07:11.138+0000][40930][info ][gc,start    ] GC(10) Pause Young (Concurrent Start) (Metadata GC Threshold)
[2024-01-26T14:07:11.138+0000][40930][info ][gc,task     ] GC(10) Using 8 workers of 8 for evacuation
[2024-01-26T14:07:11.138+0000][40930][debug][gc,age      ] GC(10) Desired survivor size 71303168 bytes, new threshold 15 (max threshold 15)
[2024-01-26T14:07:11.165+0000][40930][info ][gc,phases   ] GC(10)   Pre Evacuate Collection Set: 0.2ms
[2024-01-26T14:07:11.165+0000][40930][info ][gc,phases   ] GC(10)   Merge Heap Roots: 0.1ms
[2024-01-26T14:07:11.165+0000][40930][info ][gc,phases   ] GC(10)   Evacuate Collection Set: 24.2ms
[2024-01-26T14:07:11.165+0000][40930][info ][gc,phases   ] GC(10)   Post Evacuate Collection Set: 2.3ms
[2024-01-26T14:07:11.165+0000][40930][info ][gc,phases   ] GC(10)   Other: 0.1ms
[2024-01-26T14:07:11.165+0000][40930][trace][gc,age      ] GC(10) Age table with threshold 15 (max threshold 15)
[2024-01-26T14:07:11.165+0000][40930][trace][gc,age      ] GC(10) - age   1:   30364680 bytes,   30364680 total
[2024-01-26T14:07:11.165+0000][40930][trace][gc,age      ] GC(10) - age   2:    2137632 bytes,   32502312 total
[2024-01-26T14:07:11.165+0000][40930][trace][gc,age      ] GC(10) - age   3:    7518440 bytes,   40020752 total
[2024-01-26T14:07:11.165+0000][40930][trace][gc,age      ] GC(10) - age   4:    8416584 bytes,   48437336 total
[2024-01-26T14:07:11.165+0000][40930][trace][gc,age      ] GC(10) - age   5:    2888064 bytes,   51325400 total
[2024-01-26T14:07:11.165+0000][40930][trace][gc,age      ] GC(10) - age   6:    6120872 bytes,   57446272 total
[2024-01-26T14:07:11.165+0000][40930][trace][gc,age      ] GC(10) - age   7:    2185216 bytes,   59631488 total
[2024-01-26T14:07:11.165+0000][40930][trace][gc,age      ] GC(10) - age   8:    9402632 bytes,   69034120 total
[2024-01-26T14:07:11.165+0000][40930][info ][gc,heap     ] GC(10) Eden regions: 245->0(233)
[2024-01-26T14:07:11.165+0000][40930][info ][gc,heap     ] GC(10) Survivor regions: 11->19(34)
[2024-01-26T14:07:11.165+0000][40930][info ][gc,heap     ] GC(10) Old regions: 1->1
[2024-01-26T14:07:11.165+0000][40930][info ][gc,heap     ] GC(10) Humongous regions: 0->0
[2024-01-26T14:07:11.165+0000][40930][info ][gc,metaspace] GC(10) Metaspace: 99219K(101120K)->99219K(101120K) NonClass: 86206K(87296K)->86206K(87296K) Class: 13013K(13824K)->13013K(13824K)
[2024-01-26T14:07:11.165+0000][40930][info ][gc          ] GC(10) Pause Young (Concurrent Start) (Metadata GC Threshold) 1021M->74M(3832M) 27.215ms
[2024-01-26T14:07:11.165+0000][40930][info ][gc,cpu      ] GC(10) User=0.20s Sys=0.00s Real=0.03s
[2024-01-26T14:07:11.165+0000][40930][info ][gc          ] GC(11) Concurrent Mark Cycle
[2024-01-26T14:07:11.165+0000][40930][info ][gc,marking  ] GC(11) Concurrent Scan Root Regions
[2024-01-26T14:07:11.165+0000][40930][info ][safepoint   ] Safepoint "CollectForMetadataAllocation", Time since last: 523816738 ns, Reaching safepoint: 4196 ns, Cleanup: 34097 ns, At safepoint: 27339789 ns, Total: 27378082 ns
[2024-01-26T14:07:11.172+0000][40930][info ][safepoint   ] Safepoint "CollectForMetadataAllocation", Time since last: 6503856 ns, Reaching safepoint: 72067 ns, Cleanup: 8325 ns, At safepoint: 50467 ns, Total: 130859 ns
[2024-01-26T14:07:11.189+0000][40930][info ][gc,marking  ] GC(11) Concurrent Scan Root Regions 23.801ms
[2024-01-26T14:07:11.189+0000][40930][info ][gc,marking  ] GC(11) Concurrent Mark
[2024-01-26T14:07:11.189+0000][40930][info ][gc,marking  ] GC(11) Concurrent Mark From Roots
[2024-01-26T14:07:11.189+0000][40930][info ][gc,task     ] GC(11) Using 2 workers of 2 for marking
[2024-01-26T14:07:11.191+0000][40930][info ][gc,marking  ] GC(11) Concurrent Mark From Roots 1.440ms
[2024-01-26T14:07:11.191+0000][40930][info ][gc,marking  ] GC(11) Concurrent Preclean
[2024-01-26T14:07:11.191+0000][40930][info ][gc,marking  ] GC(11) Concurrent Preclean 0.009ms
[2024-01-26T14:07:11.191+0000][40930][info ][gc,start    ] GC(11) Pause Remark
[2024-01-26T14:07:11.195+0000][40930][info ][gc          ] GC(11) Pause Remark 80M->80M(3832M) 4.470ms
[2024-01-26T14:07:11.195+0000][40930][info ][gc,cpu      ] GC(11) User=0.03s Sys=0.00s Real=0.00s
[2024-01-26T14:07:11.195+0000][40930][info ][safepoint   ] Safepoint "G1PauseRemark", Time since last: 18672112 ns, Reaching safepoint: 68894 ns, Cleanup: 9176 ns, At safepoint: 4547441 ns, Total: 4625511 ns
[2024-01-26T14:07:11.195+0000][40930][info ][gc,marking  ] GC(11) Concurrent Mark 6.141ms
[2024-01-26T14:07:11.195+0000][40930][info ][gc,marking  ] GC(11) Concurrent Rebuild Remembered Sets and Scrub Regions
[2024-01-26T14:07:11.196+0000][40930][info ][gc,marking  ] GC(11) Concurrent Rebuild Remembered Sets and Scrub Regions 0.642ms
[2024-01-26T14:07:11.196+0000][40930][info ][gc,start    ] GC(11) Pause Cleanup
[2024-01-26T14:07:11.196+0000][40930][info ][gc          ] GC(11) Pause Cleanup 80M->80M(3832M) 0.123ms
[2024-01-26T14:07:11.196+0000][40930][info ][gc,cpu      ] GC(11) User=0.00s Sys=0.00s Real=0.00s
[2024-01-26T14:07:11.196+0000][40930][info ][safepoint   ] Safepoint "G1PauseCleanup", Time since last: 702277 ns, Reaching safepoint: 68770 ns, Cleanup: 8871 ns, At safepoint: 141700 ns, Total: 219341 ns
[2024-01-26T14:07:11.196+0000][40930][info ][gc,marking  ] GC(11) Concurrent Clear Claimed Marks
[2024-01-26T14:07:11.196+0000][40930][info ][gc,marking  ] GC(11) Concurrent Clear Claimed Marks 0.092ms
[2024-01-26T14:07:11.196+0000][40930][info ][gc,marking  ] GC(11) Concurrent Cleanup for Next Mark
[2024-01-26T14:07:11.199+0000][40930][info ][gc,marking  ] GC(11) Concurrent Cleanup for Next Mark 2.798ms
[2024-01-26T14:07:11.199+0000][40930][info ][gc          ] GC(11) Concurrent Mark Cycle 33.868ms
[2024-01-26T14:07:11.868+0000][40930][info ][safepoint   ] Safepoint "ICBufferFull", Time since last: 671462001 ns, Reaching safepoint: 7234 ns, Cleanup: 135716 ns, At safepoint: 3029 ns, Total: 145979 ns
[2024-01-26T14:07:12.629+0000][40930][info ][safepoint   ] Safepoint "ICBufferFull", Time since last: 761386511 ns, Reaching safepoint: 7218 ns, Cleanup: 150181 ns, At safepoint: 3509 ns, Total: 160908 ns
[2024-01-26T14:07:12.946+0000][40930][info ][safepoint   ] Safepoint "ICBufferFull", Time since last: 316663291 ns, Reaching safepoint: 10276 ns, Cleanup: 127299 ns, At safepoint: 3157 ns, Total: 140732 ns
[2024-01-26T14:07:13.296+0000][40930][info ][safepoint   ] Safepoint "ICBufferFull", Time since last: 350281293 ns, Reaching safepoint: 8482 ns, Cleanup: 99575 ns, At safepoint: 3202 ns, Total: 111259 ns
[2024-01-26T14:07:13.677+0000][40930][info ][safepoint   ] Safepoint "ICBufferFull", Time since last: 380477972 ns, Reaching safepoint: 17022 ns, Cleanup: 175131 ns, At safepoint: 15439 ns, Total: 207592 ns
[2024-01-26T14:07:14.679+0000][40930][info ][safepoint   ] Safepoint "Cleanup", Time since last: 1001763753 ns, Reaching safepoint: 19057 ns, Cleanup: 44509 ns, At safepoint: 10119 ns, Total: 73685 ns
[2024-01-26T14:07:17.679+0000][40930][info ][safepoint   ] Safepoint "Cleanup", Time since last: 3000378802 ns, Reaching safepoint: 10260 ns, Cleanup: 12805 ns, At safepoint: 2702 ns, Total: 25767 ns
[2024-01-26T14:07:21.680+0000][40930][info ][safepoint   ] Safepoint "Cleanup", Time since last: 4000580551 ns, Reaching safepoint: 51823 ns, Cleanup: 54350 ns, At safepoint: 7451 ns, Total: 113624 ns
[2024-01-26T14:07:22.680+0000][40930][info ][safepoint   ] Safepoint "Cleanup", Time since last: 1000275482 ns, Reaching safepoint: 15256 ns, Cleanup: 12931 ns, At safepoint: 3637 ns, Total: 31824 ns
[2024-01-26T14:07:24.681+0000][40930][info ][safepoint   ] Safepoint "Cleanup", Time since last: 2000200655 ns, Reaching safepoint: 14352 ns, Cleanup: 15649 ns, At safepoint: 4078 ns, Total: 34079 ns
[2024-01-26T14:07:25.847+0000][40930][info ][safepoint   ] Safepoint "Cleanup", Time since last: 1166056510 ns, Reaching safepoint: 14511 ns, Cleanup: 56286 ns, At safepoint: 5526 ns, Total: 76323 ns
[2024-01-26T14:07:28.847+0000][40930][info ][safepoint   ] Safepoint "Cleanup", Time since last: 3000615230 ns, Reaching safepoint: 48771 ns, Cleanup: 18621 ns, At safepoint: 5476 ns, Total: 72868 ns
[2024-01-26T14:07:32.848+0000][40930][info ][safepoint   ] Safepoint "Cleanup", Time since last: 4000598788 ns, Reaching safepoint: 14715 ns, Cleanup: 17242 ns, At safepoint: 4838 ns, Total: 36795 ns
[2024-01-26T14:07:38.849+0000][40930][info ][safepoint   ] Safepoint "Cleanup", Time since last: 6000877347 ns, Reaching safepoint: 14022 ns, Cleanup: 16596 ns, At safepoint: 4960 ns, Total: 35578 ns
[2024-01-26T14:07:40.849+0000][40930][info ][safepoint   ] Safepoint "Cleanup", Time since last: 2000336515 ns, Reaching safepoint: 14066 ns, Cleanup: 18621 ns, At safepoint: 5034 ns, Total: 37721 ns
[2024-01-26T14:07:41.850+0000][40930][info ][safepoint   ] Safepoint "Cleanup", Time since last: 1000243836 ns, Reaching safepoint: 43849 ns, Cleanup: 16532 ns, At safepoint: 4944 ns, Total: 65325 ns
[2024-01-26T14:07:42.850+0000][40930][info ][safepoint   ] Safepoint "Cleanup", Time since last: 1000245331 ns, Reaching safepoint: 9664 ns, Cleanup: 11814 ns, At safepoint: 2684 ns, Total: 24162 ns
[2024-01-26T14:07:43.850+0000][40930][info ][safepoint   ] Safepoint "Cleanup", Time since last: 1000166026 ns, Reaching safepoint: 14457 ns, Cleanup: 50294 ns, At safepoint: 5585 ns, Total: 70336 ns
[2024-01-26T14:07:44.850+0000][40930][info ][safepoint   ] Safepoint "Cleanup", Time since last: 1000155677 ns, Reaching safepoint: 14395 ns, Cleanup: 16936 ns, At safepoint: 4781 ns, Total: 36112 ns
[2024-01-26T14:07:45.851+0000][40930][info ][safepoint   ] Safepoint "Cleanup", Time since last: 1000157880 ns, Reaching safepoint: 9533 ns, Cleanup: 12035 ns, At safepoint: 3291 ns, Total: 24859 ns
[2024-01-26T14:07:47.851+0000][40930][info ][safepoint   ] Safepoint "Cleanup", Time since last: 2000323158 ns, Reaching safepoint: 14806 ns, Cleanup: 18412 ns, At safepoint: 5881 ns, Total: 39099 ns
[2024-01-26T14:07:49.851+0000][40930][info ][safepoint   ] Safepoint "Cleanup", Time since last: 2000466785 ns, Reaching safepoint: 13659 ns, Cleanup: 21027 ns, At safepoint: 5686 ns, Total: 40372 ns
[2024-01-26T14:07:52.852+0000][40930][info ][safepoint   ] Safepoint "Cleanup", Time since last: 3000690818 ns, Reaching safepoint: 14311 ns, Cleanup: 21407 ns, At safepoint: 5670 ns, Total: 41388 ns
[2024-01-26T14:07:58.853+0000][40930][info ][safepoint   ] Safepoint "Cleanup", Time since last: 6001220872 ns, Reaching safepoint: 51984 ns, Cleanup: 17752 ns, At safepoint: 5746 ns, Total: 75482 ns
[2024-01-26T14:08:02.881+0000][40930][info ][safepoint   ] Safepoint "Cleanup", Time since last: 4027421968 ns, Reaching safepoint: 14537 ns, Cleanup: 18609 ns, At safepoint: 5124 ns, Total: 38270 ns
[2024-01-26T14:08:11.882+0000][40930][info ][safepoint   ] Safepoint "Cleanup", Time since last: 9001361945 ns, Reaching safepoint: 10246 ns, Cleanup: 28092 ns, At safepoint: 3537 ns, Total: 41875 ns
[2024-01-26T14:08:13.050+0000][40930][info ][safepoint   ] Safepoint "Cleanup", Time since last: 1167748409 ns, Reaching safepoint: 5123 ns, Cleanup: 35585 ns, At safepoint: 12793 ns, Total: 53501 ns
[2024-01-26T14:08:14.051+0000][40930][info ][gc,heap,exit] Heap
[2024-01-26T14:08:14.051+0000][40930][info ][gc,heap,exit]  garbage-first heap   total 3923968K, used 481899K [0x0000000710800000, 0x0000000800000000)
[2024-01-26T14:08:14.051+0000][40930][info ][gc,heap,exit]   region size 4096K, 116 young (475136K), 19 survivors (77824K)
[2024-01-26T14:08:14.051+0000][40930][info ][gc,heap,exit]  Metaspace       used 134920K, committed 138496K, reserved 1179648K
[2024-01-26T14:08:14.051+0000][40930][info ][gc,heap,exit]   class space    used 18691K, committed 20352K, reserved 1048576K
