[2024-01-26T13:45:47.075+0000][35516][info][gc,init] CardTable entry size: 512
[2024-01-26T13:45:47.075+0000][35516][info][gc     ] Using G1
[2024-01-26T13:45:47.940+0000][35516][info][gc,init] Version: 21.0.1+12-29 (release)
[2024-01-26T13:45:47.943+0000][35516][info][gc,init] CPUs: 8 total, 8 available
[2024-01-26T13:45:47.944+0000][35516][info][gc,init] Memory: 7665M
[2024-01-26T13:45:47.944+0000][35516][info][gc,init] Large Page Support: Disabled
[2024-01-26T13:45:47.944+0000][35516][info][gc,init] NUMA Support: Disabled
[2024-01-26T13:45:47.944+0000][35516][info][gc,init] Compressed Oops: Enabled (Zero based)
[2024-01-26T13:45:47.944+0000][35516][info][gc,init] Heap Region Size: 4M
[2024-01-26T13:45:47.944+0000][35516][info][gc,init] Heap Min Capacity: 3832M
[2024-01-26T13:45:47.944+0000][35516][info][gc,init] Heap Initial Capacity: 3832M
[2024-01-26T13:45:47.944+0000][35516][info][gc,init] Heap Max Capacity: 3832M
[2024-01-26T13:45:47.944+0000][35516][info][gc,init] Pre-touch: Enabled
[2024-01-26T13:45:47.944+0000][35516][info][gc,init] Parallel Workers: 8
[2024-01-26T13:45:47.944+0000][35516][info][gc,init] Concurrent Workers: 2
[2024-01-26T13:45:47.944+0000][35516][info][gc,init] Concurrent Refinement Workers: 8
[2024-01-26T13:45:47.944+0000][35516][info][gc,init] Periodic GC: Disabled
[2024-01-26T13:45:48.007+0000][35516][info][gc,metaspace] CDS archive(s) mapped at: [0x00007f8f8b000000-0x00007f8f8bca5000-0x00007f8f8bca5000), size 13258752, SharedBaseAddress: 0x00007f8f8b000000, ArchiveRelocationMode: 1.
[2024-01-26T13:45:48.007+0000][35516][info][gc,metaspace] Compressed class space mapped at: 0x00007f8f8c000000-0x00007f8fcc000000, reserved size: 1073741824
[2024-01-26T13:45:48.007+0000][35516][info][gc,metaspace] Narrow klass base: 0x00007f8f8b000000, Narrow klass shift: 0, Narrow klass range: 0x100000000
[2024-01-26T13:45:48.338+0000][35516][info][safepoint   ] Safepoint "ICBufferFull", Time since last: 306793493 ns, Reaching safepoint: 2963 ns, Cleanup: 71219 ns, At safepoint: 3215 ns, Total: 77397 ns
[2024-01-26T13:45:48.617+0000][35516][info][safepoint   ] Safepoint "ICBufferFull", Time since last: 278731212 ns, Reaching safepoint: 71803 ns, Cleanup: 91734 ns, At safepoint: 2911 ns, Total: 166448 ns
[2024-01-26T13:45:48.841+0000][35516][info][safepoint   ] Safepoint "ICBufferFull", Time since last: 224168779 ns, Reaching safepoint: 2921 ns, Cleanup: 83220 ns, At safepoint: 2884 ns, Total: 89025 ns
[2024-01-26T13:45:49.131+0000][35516][info][safepoint   ] Safepoint "ICBufferFull", Time since last: 290216161 ns, Reaching safepoint: 73275 ns, Cleanup: 104450 ns, At safepoint: 3486 ns, Total: 181211 ns
[2024-01-26T13:45:49.511+0000][35516][info][safepoint   ] Safepoint "ICBufferFull", Time since last: 379914260 ns, Reaching safepoint: 3414 ns, Cleanup: 102857 ns, At safepoint: 3715 ns, Total: 109986 ns
[2024-01-26T13:45:49.861+0000][35516][info][gc,start    ] GC(0) Pause Young (Normal) (G1 Evacuation Pause)
[2024-01-26T13:45:49.861+0000][35516][info][gc,task     ] GC(0) Using 8 workers of 8 for evacuation
[2024-01-26T13:45:49.861+0000][35516][debug][gc,age      ] GC(0) Desired survivor size 12582912 bytes, new threshold 15 (max threshold 15)
[2024-01-26T13:45:49.868+0000][35516][info ][gc,phases   ] GC(0)   Pre Evacuate Collection Set: 0.2ms
[2024-01-26T13:45:49.868+0000][35516][info ][gc,phases   ] GC(0)   Merge Heap Roots: 0.1ms
[2024-01-26T13:45:49.868+0000][35516][info ][gc,phases   ] GC(0)   Evacuate Collection Set: 5.6ms
[2024-01-26T13:45:49.868+0000][35516][info ][gc,phases   ] GC(0)   Post Evacuate Collection Set: 1.0ms
[2024-01-26T13:45:49.868+0000][35516][info ][gc,phases   ] GC(0)   Other: 0.2ms
[2024-01-26T13:45:49.868+0000][35516][trace][gc,age      ] GC(0) Age table with threshold 15 (max threshold 15)
[2024-01-26T13:45:49.868+0000][35516][trace][gc,age      ] GC(0) - age   1:   10587392 bytes,   10587392 total
[2024-01-26T13:45:49.869+0000][35516][info ][gc,heap     ] GC(0) Eden regions: 47->0(44)
[2024-01-26T13:45:49.869+0000][35516][info ][gc,heap     ] GC(0) Survivor regions: 0->3(6)
[2024-01-26T13:45:49.869+0000][35516][info ][gc,heap     ] GC(0) Old regions: 1->1
[2024-01-26T13:45:49.869+0000][35516][info ][gc,heap     ] GC(0) Humongous regions: 0->0
[2024-01-26T13:45:49.869+0000][35516][info ][gc,metaspace] GC(0) Metaspace: 19836K(20288K)->19836K(20288K) NonClass: 17702K(17984K)->17702K(17984K) Class: 2133K(2304K)->2133K(2304K)
[2024-01-26T13:45:49.869+0000][35516][info ][gc          ] GC(0) Pause Young (Normal) (G1 Evacuation Pause) 189M->11M(3832M) 7.556ms
[2024-01-26T13:45:49.869+0000][35516][info ][gc,cpu      ] GC(0) User=0.04s Sys=0.00s Real=0.01s
[2024-01-26T13:45:49.869+0000][35516][info ][safepoint   ] Safepoint "G1CollectForAllocation", Time since last: 349513190 ns, Reaching safepoint: 5543 ns, Cleanup: 102232 ns, At safepoint: 7602848 ns, Total: 7710623 ns
[2024-01-26T13:45:50.147+0000][35516][info ][gc,start    ] GC(1) Pause Young (Concurrent Start) (Metadata GC Threshold)
[2024-01-26T13:45:50.147+0000][35516][info ][gc,task     ] GC(1) Using 8 workers of 8 for evacuation
[2024-01-26T13:45:50.147+0000][35516][debug][gc,age      ] GC(1) Desired survivor size 12582912 bytes, new threshold 15 (max threshold 15)
[2024-01-26T13:45:50.153+0000][35516][info ][gc,phases   ] GC(1)   Pre Evacuate Collection Set: 0.2ms
[2024-01-26T13:45:50.153+0000][35516][info ][gc,phases   ] GC(1)   Merge Heap Roots: 0.0ms
[2024-01-26T13:45:50.153+0000][35516][info ][gc,phases   ] GC(1)   Evacuate Collection Set: 4.4ms
[2024-01-26T13:45:50.153+0000][35516][info ][gc,phases   ] GC(1)   Post Evacuate Collection Set: 0.5ms
[2024-01-26T13:45:50.153+0000][35516][info ][gc,phases   ] GC(1)   Other: 0.1ms
[2024-01-26T13:45:50.153+0000][35516][trace][gc,age      ] GC(1) Age table with threshold 15 (max threshold 15)
[2024-01-26T13:45:50.153+0000][35516][trace][gc,age      ] GC(1) - age   1:    2323536 bytes,    2323536 total
[2024-01-26T13:45:50.153+0000][35516][trace][gc,age      ] GC(1) - age   2:    9688512 bytes,   12012048 total
[2024-01-26T13:45:50.153+0000][35516][info ][gc,heap     ] GC(1) Eden regions: 31->0(52)
[2024-01-26T13:45:50.153+0000][35516][info ][gc,heap     ] GC(1) Survivor regions: 3->4(6)
[2024-01-26T13:45:50.153+0000][35516][info ][gc,heap     ] GC(1) Old regions: 1->1
[2024-01-26T13:45:50.153+0000][35516][info ][gc,heap     ] GC(1) Humongous regions: 0->0
[2024-01-26T13:45:50.153+0000][35516][info ][gc,metaspace] GC(1) Metaspace: 20987K(21504K)->20987K(21504K) NonClass: 18747K(19008K)->18747K(19008K) Class: 2240K(2496K)->2240K(2496K)
[2024-01-26T13:45:50.153+0000][35516][info ][gc          ] GC(1) Pause Young (Concurrent Start) (Metadata GC Threshold) 135M->13M(3832M) 5.357ms
[2024-01-26T13:45:50.153+0000][35516][info ][gc,cpu      ] GC(1) User=0.02s Sys=0.01s Real=0.00s
[2024-01-26T13:45:50.153+0000][35516][info ][gc          ] GC(2) Concurrent Mark Cycle
[2024-01-26T13:45:50.153+0000][35516][info ][gc,marking  ] GC(2) Concurrent Scan Root Regions
[2024-01-26T13:45:50.153+0000][35516][info ][safepoint   ] Safepoint "CollectForMetadataAllocation", Time since last: 278612420 ns, Reaching safepoint: 3783 ns, Cleanup: 76226 ns, At safepoint: 5441931 ns, Total: 5521940 ns
[2024-01-26T13:45:50.157+0000][35516][info ][gc,marking  ] GC(2) Concurrent Scan Root Regions 4.078ms
[2024-01-26T13:45:50.157+0000][35516][info ][gc,marking  ] GC(2) Concurrent Mark
[2024-01-26T13:45:50.157+0000][35516][info ][gc,marking  ] GC(2) Concurrent Mark From Roots
[2024-01-26T13:45:50.157+0000][35516][info ][gc,task     ] GC(2) Using 2 workers of 2 for marking
[2024-01-26T13:45:50.159+0000][35516][info ][gc,marking  ] GC(2) Concurrent Mark From Roots 2.029ms
[2024-01-26T13:45:50.159+0000][35516][info ][gc,marking  ] GC(2) Concurrent Preclean
[2024-01-26T13:45:50.159+0000][35516][info ][gc,marking  ] GC(2) Concurrent Preclean 0.009ms
[2024-01-26T13:45:50.159+0000][35516][info ][gc,start    ] GC(2) Pause Remark
[2024-01-26T13:45:50.161+0000][35516][info ][gc          ] GC(2) Pause Remark 16M->16M(3832M) 2.258ms
[2024-01-26T13:45:50.161+0000][35516][info ][gc,cpu      ] GC(2) User=0.01s Sys=0.00s Real=0.00s
[2024-01-26T13:45:50.161+0000][35516][info ][safepoint   ] Safepoint "G1PauseRemark", Time since last: 6188158 ns, Reaching safepoint: 135689 ns, Cleanup: 7322 ns, At safepoint: 2320642 ns, Total: 2463653 ns
[2024-01-26T13:45:50.162+0000][35516][info ][gc,marking  ] GC(2) Concurrent Mark 4.589ms
[2024-01-26T13:45:50.162+0000][35516][info ][gc,marking  ] GC(2) Concurrent Rebuild Remembered Sets and Scrub Regions
[2024-01-26T13:45:50.162+0000][35516][info ][gc,marking  ] GC(2) Concurrent Rebuild Remembered Sets and Scrub Regions 0.656ms
[2024-01-26T13:45:50.162+0000][35516][info ][gc,start    ] GC(2) Pause Cleanup
[2024-01-26T13:45:50.162+0000][35516][info ][gc          ] GC(2) Pause Cleanup 16M->16M(3832M) 0.120ms
[2024-01-26T13:45:50.162+0000][35516][info ][gc,cpu      ] GC(2) User=0.00s Sys=0.00s Real=0.00s
[2024-01-26T13:45:50.162+0000][35516][info ][safepoint   ] Safepoint "G1PauseCleanup", Time since last: 744959 ns, Reaching safepoint: 69261 ns, Cleanup: 2113 ns, At safepoint: 149430 ns, Total: 220804 ns
[2024-01-26T13:45:50.162+0000][35516][info ][gc,marking  ] GC(2) Concurrent Clear Claimed Marks
[2024-01-26T13:45:50.163+0000][35516][info ][gc,marking  ] GC(2) Concurrent Clear Claimed Marks 0.044ms
[2024-01-26T13:45:50.163+0000][35516][info ][gc,marking  ] GC(2) Concurrent Cleanup for Next Mark
[2024-01-26T13:45:50.166+0000][35516][info ][gc,marking  ] GC(2) Concurrent Cleanup for Next Mark 3.861ms
[2024-01-26T13:45:50.166+0000][35516][info ][gc          ] GC(2) Concurrent Mark Cycle 13.665ms
[2024-01-26T13:45:50.580+0000][35516][info ][safepoint   ] Safepoint "ICBufferFull", Time since last: 417483603 ns, Reaching safepoint: 70033 ns, Cleanup: 94423 ns, At safepoint: 2309 ns, Total: 166765 ns
[2024-01-26T13:45:50.783+0000][35516][info ][gc,start    ] GC(3) Pause Young (Prepare Mixed) (G1 Evacuation Pause)
[2024-01-26T13:45:50.783+0000][35516][info ][gc,task     ] GC(3) Using 8 workers of 8 for evacuation
[2024-01-26T13:45:50.783+0000][35516][debug][gc,age      ] GC(3) Desired survivor size 14680064 bytes, new threshold 15 (max threshold 15)
[2024-01-26T13:45:50.790+0000][35516][info ][gc,phases   ] GC(3)   Pre Evacuate Collection Set: 0.2ms
[2024-01-26T13:45:50.790+0000][35516][info ][gc,phases   ] GC(3)   Merge Heap Roots: 0.0ms
[2024-01-26T13:45:50.790+0000][35516][info ][gc,phases   ] GC(3)   Evacuate Collection Set: 6.1ms
[2024-01-26T13:45:50.790+0000][35516][info ][gc,phases   ] GC(3)   Post Evacuate Collection Set: 0.7ms
[2024-01-26T13:45:50.790+0000][35516][info ][gc,phases   ] GC(3)   Other: 0.1ms
[2024-01-26T13:45:50.790+0000][35516][trace][gc,age      ] GC(3) Age table with threshold 15 (max threshold 15)
[2024-01-26T13:45:50.790+0000][35516][trace][gc,age      ] GC(3) - age   1:    6213408 bytes,    6213408 total
[2024-01-26T13:45:50.790+0000][35516][trace][gc,age      ] GC(3) - age   2:    2209152 bytes,    8422560 total
[2024-01-26T13:45:50.790+0000][35516][trace][gc,age      ] GC(3) - age   3:    9683224 bytes,   18105784 total
[2024-01-26T13:45:50.790+0000][35516][info ][gc,heap     ] GC(3) Eden regions: 52->0(83)
[2024-01-26T13:45:50.790+0000][35516][info ][gc,heap     ] GC(3) Survivor regions: 4->5(7)
[2024-01-26T13:45:50.790+0000][35516][info ][gc,heap     ] GC(3) Old regions: 1->1
[2024-01-26T13:45:50.790+0000][35516][info ][gc,heap     ] GC(3) Humongous regions: 0->0
[2024-01-26T13:45:50.790+0000][35516][info ][gc,metaspace] GC(3) Metaspace: 27550K(28224K)->27550K(28224K) NonClass: 24464K(24832K)->24464K(24832K) Class: 3085K(3392K)->3085K(3392K)
[2024-01-26T13:45:50.790+0000][35516][info ][gc          ] GC(3) Pause Young (Prepare Mixed) (G1 Evacuation Pause) 221M->19M(3832M) 7.259ms
[2024-01-26T13:45:50.790+0000][35516][info ][gc,cpu      ] GC(3) User=0.05s Sys=0.00s Real=0.01s
[2024-01-26T13:45:50.790+0000][35516][info ][safepoint   ] Safepoint "G1CollectForAllocation", Time since last: 202987855 ns, Reaching safepoint: 3192 ns, Cleanup: 56856 ns, At safepoint: 7298534 ns, Total: 7358582 ns
[2024-01-26T13:45:51.200+0000][35516][info ][gc,start    ] GC(4) Pause Young (Mixed) (G1 Evacuation Pause)
[2024-01-26T13:45:51.200+0000][35516][info ][gc,task     ] GC(4) Using 8 workers of 8 for evacuation
[2024-01-26T13:45:51.200+0000][35516][debug][gc,age      ] GC(4) Desired survivor size 23068672 bytes, new threshold 15 (max threshold 15)
[2024-01-26T13:45:51.209+0000][35516][info ][gc,phases   ] GC(4)   Pre Evacuate Collection Set: 0.1ms
[2024-01-26T13:45:51.209+0000][35516][info ][gc,phases   ] GC(4)   Merge Heap Roots: 0.0ms
[2024-01-26T13:45:51.209+0000][35516][info ][gc,phases   ] GC(4)   Evacuate Collection Set: 7.6ms
[2024-01-26T13:45:51.209+0000][35516][info ][gc,phases   ] GC(4)   Post Evacuate Collection Set: 0.7ms
[2024-01-26T13:45:51.209+0000][35516][info ][gc,phases   ] GC(4)   Other: 0.1ms
[2024-01-26T13:45:51.209+0000][35516][trace][gc,age      ] GC(4) Age table with threshold 15 (max threshold 15)
[2024-01-26T13:45:51.209+0000][35516][trace][gc,age      ] GC(4) - age   1:    2961440 bytes,    2961440 total
[2024-01-26T13:45:51.209+0000][35516][trace][gc,age      ] GC(4) - age   2:    6183224 bytes,    9144664 total
[2024-01-26T13:45:51.209+0000][35516][trace][gc,age      ] GC(4) - age   3:    2208432 bytes,   11353096 total
[2024-01-26T13:45:51.209+0000][35516][trace][gc,age      ] GC(4) - age   4:    9683032 bytes,   21036128 total
[2024-01-26T13:45:51.209+0000][35516][info ][gc,heap     ] GC(4) Eden regions: 83->0(492)
[2024-01-26T13:45:51.209+0000][35516][info ][gc,heap     ] GC(4) Survivor regions: 5->6(11)
[2024-01-26T13:45:51.209+0000][35516][info ][gc,heap     ] GC(4) Old regions: 1->1
[2024-01-26T13:45:51.209+0000][35516][info ][gc,heap     ] GC(4) Humongous regions: 0->0
[2024-01-26T13:45:51.209+0000][35516][info ][gc,metaspace] GC(4) Metaspace: 28328K(29056K)->28328K(29056K) NonClass: 25150K(25536K)->25150K(25536K) Class: 3178K(3520K)->3178K(3520K)
[2024-01-26T13:45:51.209+0000][35516][info ][gc          ] GC(4) Pause Young (Mixed) (G1 Evacuation Pause) 351M->22M(3832M) 8.748ms
[2024-01-26T13:45:51.209+0000][35516][info ][gc,cpu      ] GC(4) User=0.06s Sys=0.00s Real=0.01s
[2024-01-26T13:45:51.209+0000][35516][info ][safepoint   ] Safepoint "G1CollectForAllocation", Time since last: 409391090 ns, Reaching safepoint: 3653 ns, Cleanup: 59196 ns, At safepoint: 8786476 ns, Total: 8849325 ns
[2024-01-26T13:45:51.625+0000][35516][info ][safepoint   ] Safepoint "ICBufferFull", Time since last: 416576911 ns, Reaching safepoint: 4174 ns, Cleanup: 110625 ns, At safepoint: 2220 ns, Total: 117019 ns
[2024-01-26T13:45:52.040+0000][35516][info ][gc,start    ] GC(5) Pause Young (Concurrent Start) (Metadata GC Threshold)
[2024-01-26T13:45:52.040+0000][35516][info ][gc,task     ] GC(5) Using 8 workers of 8 for evacuation
[2024-01-26T13:45:52.040+0000][35516][debug][gc,age      ] GC(5) Desired survivor size 132120576 bytes, new threshold 15 (max threshold 15)
[2024-01-26T13:45:52.050+0000][35516][info ][gc,phases   ] GC(5)   Pre Evacuate Collection Set: 0.2ms
[2024-01-26T13:45:52.050+0000][35516][info ][gc,phases   ] GC(5)   Merge Heap Roots: 0.0ms
[2024-01-26T13:45:52.050+0000][35516][info ][gc,phases   ] GC(5)   Evacuate Collection Set: 8.3ms
[2024-01-26T13:45:52.050+0000][35516][info ][gc,phases   ] GC(5)   Post Evacuate Collection Set: 0.9ms
[2024-01-26T13:45:52.050+0000][35516][info ][gc,phases   ] GC(5)   Other: 0.1ms
[2024-01-26T13:45:52.050+0000][35516][trace][gc,age      ] GC(5) Age table with threshold 15 (max threshold 15)
[2024-01-26T13:45:52.050+0000][35516][trace][gc,age      ] GC(5) - age   1:    8512504 bytes,    8512504 total
[2024-01-26T13:45:52.050+0000][35516][trace][gc,age      ] GC(5) - age   2:    2953040 bytes,   11465544 total
[2024-01-26T13:45:52.050+0000][35516][trace][gc,age      ] GC(5) - age   3:    6177584 bytes,   17643128 total
[2024-01-26T13:45:52.050+0000][35516][trace][gc,age      ] GC(5) - age   4:    2206896 bytes,   19850024 total
[2024-01-26T13:45:52.050+0000][35516][trace][gc,age      ] GC(5) - age   5:    9675824 bytes,   29525848 total
[2024-01-26T13:45:52.050+0000][35516][info ][gc,heap     ] GC(5) Eden regions: 96->0(423)
[2024-01-26T13:45:52.050+0000][35516][info ][gc,heap     ] GC(5) Survivor regions: 6->8(63)
[2024-01-26T13:45:52.050+0000][35516][info ][gc,heap     ] GC(5) Old regions: 1->1
[2024-01-26T13:45:52.050+0000][35516][info ][gc,heap     ] GC(5) Humongous regions: 0->0
[2024-01-26T13:45:52.050+0000][35516][info ][gc,metaspace] GC(5) Metaspace: 35373K(36160K)->35373K(36160K) NonClass: 31390K(31808K)->31390K(31808K) Class: 3983K(4352K)->3983K(4352K)
[2024-01-26T13:45:52.050+0000][35516][info ][gc          ] GC(5) Pause Young (Concurrent Start) (Metadata GC Threshold) 406M->30M(3832M) 9.707ms
[2024-01-26T13:45:52.050+0000][35516][info ][gc,cpu      ] GC(5) User=0.06s Sys=0.00s Real=0.01s
[2024-01-26T13:45:52.050+0000][35516][info ][gc          ] GC(6) Concurrent Mark Cycle
[2024-01-26T13:45:52.050+0000][35516][info ][safepoint   ] Safepoint "CollectForMetadataAllocation", Time since last: 414597031 ns, Reaching safepoint: 3879 ns, Cleanup: 89141 ns, At safepoint: 9795465 ns, Total: 9888485 ns
[2024-01-26T13:45:52.050+0000][35516][info ][gc,marking  ] GC(6) Concurrent Scan Root Regions
[2024-01-26T13:45:52.056+0000][35516][info ][gc,marking  ] GC(6) Concurrent Scan Root Regions 5.991ms
[2024-01-26T13:45:52.056+0000][35516][info ][gc,marking  ] GC(6) Concurrent Mark
[2024-01-26T13:45:52.056+0000][35516][info ][gc,marking  ] GC(6) Concurrent Mark From Roots
[2024-01-26T13:45:52.056+0000][35516][info ][gc,task     ] GC(6) Using 2 workers of 2 for marking
[2024-01-26T13:45:52.058+0000][35516][info ][gc,marking  ] GC(6) Concurrent Mark From Roots 1.626ms
[2024-01-26T13:45:52.058+0000][35516][info ][gc,marking  ] GC(6) Concurrent Preclean
[2024-01-26T13:45:52.058+0000][35516][info ][gc,marking  ] GC(6) Concurrent Preclean 0.008ms
[2024-01-26T13:45:52.058+0000][35516][info ][gc,start    ] GC(6) Pause Remark
[2024-01-26T13:45:52.061+0000][35516][info ][gc          ] GC(6) Pause Remark 34M->34M(3832M) 3.033ms
[2024-01-26T13:45:52.061+0000][35516][info ][gc,cpu      ] GC(6) User=0.02s Sys=0.00s Real=0.01s
[2024-01-26T13:45:52.061+0000][35516][info ][safepoint   ] Safepoint "G1PauseRemark", Time since last: 7715267 ns, Reaching safepoint: 70779 ns, Cleanup: 5682 ns, At safepoint: 3099195 ns, Total: 3175656 ns
[2024-01-26T13:45:52.061+0000][35516][info ][gc,marking  ] GC(6) Concurrent Mark 4.871ms
[2024-01-26T13:45:52.061+0000][35516][info ][gc,marking  ] GC(6) Concurrent Rebuild Remembered Sets and Scrub Regions
[2024-01-26T13:45:52.061+0000][35516][info ][gc,marking  ] GC(6) Concurrent Rebuild Remembered Sets and Scrub Regions 0.489ms
[2024-01-26T13:45:52.061+0000][35516][info ][gc,start    ] GC(6) Pause Cleanup
[2024-01-26T13:45:52.061+0000][35516][info ][gc          ] GC(6) Pause Cleanup 34M->34M(3832M) 0.106ms
[2024-01-26T13:45:52.061+0000][35516][info ][gc,cpu      ] GC(6) User=0.00s Sys=0.00s Real=0.00s
[2024-01-26T13:45:52.061+0000][35516][info ][safepoint   ] Safepoint "G1PauseCleanup", Time since last: 570371 ns, Reaching safepoint: 2334 ns, Cleanup: 7554 ns, At safepoint: 130461 ns, Total: 140349 ns
[2024-01-26T13:45:52.061+0000][35516][info ][gc,marking  ] GC(6) Concurrent Clear Claimed Marks
[2024-01-26T13:45:52.062+0000][35516][info ][gc,marking  ] GC(6) Concurrent Clear Claimed Marks 0.056ms
[2024-01-26T13:45:52.062+0000][35516][info ][gc,marking  ] GC(6) Concurrent Cleanup for Next Mark
[2024-01-26T13:45:52.065+0000][35516][info ][gc,marking  ] GC(6) Concurrent Cleanup for Next Mark 3.552ms
[2024-01-26T13:45:52.065+0000][35516][info ][gc          ] GC(6) Concurrent Mark Cycle 15.282ms
[2024-01-26T13:45:52.713+0000][35516][info ][safepoint   ] Safepoint "ICBufferFull", Time since last: 651209831 ns, Reaching safepoint: 4918 ns, Cleanup: 106853 ns, At safepoint: 2723 ns, Total: 114494 ns
[2024-01-26T13:45:53.208+0000][35516][info ][safepoint   ] Safepoint "ICBufferFull", Time since last: 494797689 ns, Reaching safepoint: 5374 ns, Cleanup: 117053 ns, At safepoint: 3255 ns, Total: 125682 ns
[2024-01-26T13:45:53.969+0000][35516][info ][safepoint   ] Safepoint "ICBufferFull", Time since last: 760988743 ns, Reaching safepoint: 4809 ns, Cleanup: 102228 ns, At safepoint: 2143 ns, Total: 109180 ns
[2024-01-26T13:45:54.111+0000][35516][info ][gc,start    ] GC(7) Pause Young (Concurrent Start) (Metadata GC Threshold)
[2024-01-26T13:45:54.112+0000][35516][info ][gc,task     ] GC(7) Using 8 workers of 8 for evacuation
[2024-01-26T13:45:54.112+0000][35516][debug][gc,age      ] GC(7) Desired survivor size 113246208 bytes, new threshold 15 (max threshold 15)
[2024-01-26T13:45:54.128+0000][35516][info ][gc,phases   ] GC(7)   Pre Evacuate Collection Set: 0.2ms
[2024-01-26T13:45:54.128+0000][35516][info ][gc,phases   ] GC(7)   Merge Heap Roots: 0.1ms
[2024-01-26T13:45:54.128+0000][35516][info ][gc,phases   ] GC(7)   Evacuate Collection Set: 14.0ms
[2024-01-26T13:45:54.128+0000][35516][info ][gc,phases   ] GC(7)   Post Evacuate Collection Set: 1.3ms
[2024-01-26T13:45:54.128+0000][35516][info ][gc,phases   ] GC(7)   Other: 0.3ms
[2024-01-26T13:45:54.128+0000][35516][trace][gc,age      ] GC(7) Age table with threshold 15 (max threshold 15)
[2024-01-26T13:45:54.128+0000][35516][trace][gc,age      ] GC(7) - age   1:   10321304 bytes,   10321304 total
[2024-01-26T13:45:54.128+0000][35516][trace][gc,age      ] GC(7) - age   2:    8424080 bytes,   18745384 total
[2024-01-26T13:45:54.128+0000][35516][trace][gc,age      ] GC(7) - age   3:    2935952 bytes,   21681336 total
[2024-01-26T13:45:54.128+0000][35516][trace][gc,age      ] GC(7) - age   4:    6149992 bytes,   27831328 total
[2024-01-26T13:45:54.128+0000][35516][trace][gc,age      ] GC(7) - age   5:    2197744 bytes,   30029072 total
[2024-01-26T13:45:54.128+0000][35516][trace][gc,age      ] GC(7) - age   6:    9437736 bytes,   39466808 total
[2024-01-26T13:45:54.128+0000][35516][info ][gc,heap     ] GC(7) Eden regions: 184->0(235)
[2024-01-26T13:45:54.128+0000][35516][info ][gc,heap     ] GC(7) Survivor regions: 8->11(54)
[2024-01-26T13:45:54.128+0000][35516][info ][gc,heap     ] GC(7) Old regions: 1->1
[2024-01-26T13:45:54.128+0000][35516][info ][gc,heap     ] GC(7) Humongous regions: 0->0
[2024-01-26T13:45:54.128+0000][35516][info ][gc,metaspace] GC(7) Metaspace: 59193K(60480K)->59193K(60480K) NonClass: 51867K(52608K)->51867K(52608K) Class: 7326K(7872K)->7326K(7872K)
[2024-01-26T13:45:54.128+0000][35516][info ][gc          ] GC(7) Pause Young (Concurrent Start) (Metadata GC Threshold) 764M->42M(3832M) 16.719ms
[2024-01-26T13:45:54.128+0000][35516][info ][gc,cpu      ] GC(7) User=0.11s Sys=0.00s Real=0.02s
[2024-01-26T13:45:54.128+0000][35516][info ][gc          ] GC(8) Concurrent Mark Cycle
[2024-01-26T13:45:54.128+0000][35516][info ][gc,marking  ] GC(8) Concurrent Scan Root Regions
[2024-01-26T13:45:54.128+0000][35516][info ][safepoint   ] Safepoint "CollectForMetadataAllocation", Time since last: 142309201 ns, Reaching safepoint: 5613 ns, Cleanup: 14673 ns, At safepoint: 16830402 ns, Total: 16850688 ns
[2024-01-26T13:45:54.138+0000][35516][info ][gc,marking  ] GC(8) Concurrent Scan Root Regions 10.053ms
[2024-01-26T13:45:54.138+0000][35516][info ][gc,marking  ] GC(8) Concurrent Mark
[2024-01-26T13:45:54.138+0000][35516][info ][gc,marking  ] GC(8) Concurrent Mark From Roots
[2024-01-26T13:45:54.138+0000][35516][info ][gc,task     ] GC(8) Using 2 workers of 2 for marking
[2024-01-26T13:45:54.140+0000][35516][info ][gc,marking  ] GC(8) Concurrent Mark From Roots 1.943ms
[2024-01-26T13:45:54.140+0000][35516][info ][gc,marking  ] GC(8) Concurrent Preclean
[2024-01-26T13:45:54.140+0000][35516][info ][gc,marking  ] GC(8) Concurrent Preclean 0.008ms
[2024-01-26T13:45:54.140+0000][35516][info ][gc,start    ] GC(8) Pause Remark
[2024-01-26T13:45:54.144+0000][35516][info ][gc          ] GC(8) Pause Remark 48M->48M(3832M) 3.974ms
[2024-01-26T13:45:54.144+0000][35516][info ][gc,cpu      ] GC(8) User=0.01s Sys=0.00s Real=0.00s
[2024-01-26T13:45:54.144+0000][35516][info ][safepoint   ] Safepoint "G1PauseRemark", Time since last: 12042043 ns, Reaching safepoint: 3509 ns, Cleanup: 8818 ns, At safepoint: 4050532 ns, Total: 4062859 ns
[2024-01-26T13:45:54.144+0000][35516][info ][gc,marking  ] GC(8) Concurrent Mark 6.079ms
[2024-01-26T13:45:54.144+0000][35516][info ][gc,marking  ] GC(8) Concurrent Rebuild Remembered Sets and Scrub Regions
[2024-01-26T13:45:54.145+0000][35516][info ][gc,marking  ] GC(8) Concurrent Rebuild Remembered Sets and Scrub Regions 0.614ms
[2024-01-26T13:45:54.145+0000][35516][info ][gc,start    ] GC(8) Pause Cleanup
[2024-01-26T13:45:54.145+0000][35516][info ][gc          ] GC(8) Pause Cleanup 48M->48M(3832M) 0.120ms
[2024-01-26T13:45:54.145+0000][35516][info ][gc,cpu      ] GC(8) User=0.00s Sys=0.00s Real=0.00s
[2024-01-26T13:45:54.145+0000][35516][info ][safepoint   ] Safepoint "G1PauseCleanup", Time since last: 675545 ns, Reaching safepoint: 3401 ns, Cleanup: 11302 ns, At safepoint: 143510 ns, Total: 158213 ns
[2024-01-26T13:45:54.145+0000][35516][info ][gc,marking  ] GC(8) Concurrent Clear Claimed Marks
[2024-01-26T13:45:54.145+0000][35516][info ][gc,marking  ] GC(8) Concurrent Clear Claimed Marks 0.078ms
[2024-01-26T13:45:54.145+0000][35516][info ][gc,marking  ] GC(8) Concurrent Cleanup for Next Mark
[2024-01-26T13:45:54.149+0000][35516][info ][gc,marking  ] GC(8) Concurrent Cleanup for Next Mark 4.355ms
[2024-01-26T13:45:54.149+0000][35516][info ][gc          ] GC(8) Concurrent Mark Cycle 21.506ms
[2024-01-26T13:45:55.355+0000][35516][info ][safepoint   ] Safepoint "Cleanup", Time since last: 1209690309 ns, Reaching safepoint: 5694 ns, Cleanup: 101240 ns, At safepoint: 2999 ns, Total: 109933 ns
[2024-01-26T13:45:56.273+0000][35516][info ][safepoint   ] Safepoint "ICBufferFull", Time since last: 917593389 ns, Reaching safepoint: 125823 ns, Cleanup: 468752 ns, At safepoint: 4131 ns, Total: 598706 ns
[2024-01-26T13:45:57.274+0000][35516][info ][safepoint   ] Safepoint "Cleanup", Time since last: 1000748470 ns, Reaching safepoint: 86179 ns, Cleanup: 454565 ns, At safepoint: 5300 ns, Total: 546044 ns
[2024-01-26T13:45:58.355+0000][35516][info ][safepoint   ] Safepoint "Cleanup", Time since last: 1080137782 ns, Reaching safepoint: 69919 ns, Cleanup: 772944 ns, At safepoint: 2193 ns, Total: 845056 ns
[2024-01-26T13:45:59.356+0000][35516][info ][safepoint   ] Safepoint "Cleanup", Time since last: 1000399781 ns, Reaching safepoint: 8332 ns, Cleanup: 437506 ns, At safepoint: 8136 ns, Total: 453974 ns
[2024-01-26T13:46:00.357+0000][35516][info ][safepoint   ] Safepoint "Cleanup", Time since last: 1000427273 ns, Reaching safepoint: 15603 ns, Cleanup: 494734 ns, At safepoint: 5545 ns, Total: 515882 ns
[2024-01-26T13:46:00.486+0000][35516][info ][gc,start    ] GC(9) Pause Young (Normal) (G1 Evacuation Pause)
[2024-01-26T13:46:00.487+0000][35516][info ][gc,task     ] GC(9) Using 8 workers of 8 for evacuation
[2024-01-26T13:46:00.487+0000][35516][debug][gc,age      ] GC(9) Desired survivor size 65011712 bytes, new threshold 15 (max threshold 15)
[2024-01-26T13:46:00.529+0000][35516][info ][gc,phases   ] GC(9)   Pre Evacuate Collection Set: 0.2ms
[2024-01-26T13:46:00.529+0000][35516][info ][gc,phases   ] GC(9)   Merge Heap Roots: 0.1ms
[2024-01-26T13:46:00.529+0000][35516][info ][gc,phases   ] GC(9)   Evacuate Collection Set: 37.6ms
[2024-01-26T13:46:00.529+0000][35516][info ][gc,phases   ] GC(9)   Post Evacuate Collection Set: 3.8ms
[2024-01-26T13:46:00.529+0000][35516][info ][gc,phases   ] GC(9)   Other: 0.5ms
[2024-01-26T13:46:00.529+0000][35516][trace][gc,age      ] GC(9) Age table with threshold 15 (max threshold 15)
[2024-01-26T13:46:00.529+0000][35516][trace][gc,age      ] GC(9) - age   1:   29017760 bytes,   29017760 total
[2024-01-26T13:46:00.529+0000][35516][trace][gc,age      ] GC(9) - age   2:    9726824 bytes,   38744584 total
[2024-01-26T13:46:00.529+0000][35516][trace][gc,age      ] GC(9) - age   3:    8398912 bytes,   47143496 total
[2024-01-26T13:46:00.529+0000][35516][trace][gc,age      ] GC(9) - age   4:    2926768 bytes,   50070264 total
[2024-01-26T13:46:00.529+0000][35516][trace][gc,age      ] GC(9) - age   5:    6122504 bytes,   56192768 total
[2024-01-26T13:46:00.529+0000][35516][trace][gc,age      ] GC(9) - age   6:    2194048 bytes,   58386816 total
[2024-01-26T13:46:00.529+0000][35516][trace][gc,age      ] GC(9) - age   7:    9401200 bytes,   67788016 total
[2024-01-26T13:46:00.529+0000][35516][info ][gc,heap     ] GC(9) Eden regions: 235->0(197)
[2024-01-26T13:46:00.529+0000][35516][info ][gc,heap     ] GC(9) Survivor regions: 11->18(31)
[2024-01-26T13:46:00.529+0000][35516][info ][gc,heap     ] GC(9) Old regions: 1->1
[2024-01-26T13:46:00.529+0000][35516][info ][gc,heap     ] GC(9) Humongous regions: 0->0
[2024-01-26T13:46:00.529+0000][35516][info ][gc,metaspace] GC(9) Metaspace: 91005K(92800K)->91005K(92800K) NonClass: 79109K(80064K)->79109K(80064K) Class: 11895K(12736K)->11895K(12736K)
[2024-01-26T13:46:00.529+0000][35516][info ][gc          ] GC(9) Pause Young (Normal) (G1 Evacuation Pause) 982M->70M(3832M) 43.409ms
[2024-01-26T13:46:00.529+0000][35516][info ][gc,cpu      ] GC(9) User=0.20s Sys=0.00s Real=0.05s
[2024-01-26T13:46:00.529+0000][35516][info ][safepoint   ] Safepoint "G1CollectForAllocation", Time since last: 128498553 ns, Reaching safepoint: 15724 ns, Cleanup: 60474 ns, At safepoint: 43508125 ns, Total: 43584323 ns
[2024-01-26T13:46:01.099+0000][35516][info ][gc,start    ] GC(10) Pause Young (Concurrent Start) (Metadata GC Threshold)
[2024-01-26T13:46:01.099+0000][35516][info ][gc,task     ] GC(10) Using 8 workers of 8 for evacuation
[2024-01-26T13:46:01.100+0000][35516][debug][gc,age      ] GC(10) Desired survivor size 56623104 bytes, new threshold 6 (max threshold 15)
[2024-01-26T13:46:01.130+0000][35516][info ][gc,phases   ] GC(10)   Pre Evacuate Collection Set: 0.2ms
[2024-01-26T13:46:01.130+0000][35516][info ][gc,phases   ] GC(10)   Merge Heap Roots: 0.0ms
[2024-01-26T13:46:01.130+0000][35516][info ][gc,phases   ] GC(10)   Evacuate Collection Set: 27.3ms
[2024-01-26T13:46:01.130+0000][35516][info ][gc,phases   ] GC(10)   Post Evacuate Collection Set: 2.7ms
[2024-01-26T13:46:01.130+0000][35516][info ][gc,phases   ] GC(10)   Other: 0.4ms
[2024-01-26T13:46:01.130+0000][35516][trace][gc,age      ] GC(10) Age table with threshold 6 (max threshold 15)
[2024-01-26T13:46:01.130+0000][35516][trace][gc,age      ] GC(10) - age   1:    1602648 bytes,    1602648 total
[2024-01-26T13:46:01.131+0000][35516][trace][gc,age      ] GC(10) - age   2:   28620120 bytes,   30222768 total
[2024-01-26T13:46:01.131+0000][35516][trace][gc,age      ] GC(10) - age   3:    9720328 bytes,   39943096 total
[2024-01-26T13:46:01.131+0000][35516][trace][gc,age      ] GC(10) - age   4:    8396760 bytes,   48339856 total
[2024-01-26T13:46:01.131+0000][35516][trace][gc,age      ] GC(10) - age   5:    2924104 bytes,   51263960 total
[2024-01-26T13:46:01.131+0000][35516][trace][gc,age      ] GC(10) - age   6:    6122184 bytes,   57386144 total
[2024-01-26T13:46:01.131+0000][35516][info ][gc,heap     ] GC(10) Eden regions: 13->0(194)
[2024-01-26T13:46:01.131+0000][35516][info ][gc,heap     ] GC(10) Survivor regions: 18->16(27)
[2024-01-26T13:46:01.131+0000][35516][info ][gc,heap     ] GC(10) Old regions: 1->4
[2024-01-26T13:46:01.131+0000][35516][info ][gc,heap     ] GC(10) Humongous regions: 0->0
[2024-01-26T13:46:01.131+0000][35516][info ][gc,metaspace] GC(10) Metaspace: 99230K(101120K)->99230K(101120K) NonClass: 86234K(87296K)->86234K(87296K) Class: 12995K(13824K)->12995K(13824K)
[2024-01-26T13:46:01.131+0000][35516][info ][gc          ] GC(10) Pause Young (Concurrent Start) (Metadata GC Threshold) 122M->73M(3832M) 32.113ms
[2024-01-26T13:46:01.131+0000][35516][info ][gc,cpu      ] GC(10) User=0.18s Sys=0.01s Real=0.03s
[2024-01-26T13:46:01.131+0000][35516][info ][safepoint   ] Safepoint "CollectForMetadataAllocation", Time since last: 568800171 ns, Reaching safepoint: 71572 ns, Cleanup: 198193 ns, At safepoint: 32631550 ns, Total: 32901315 ns
[2024-01-26T13:46:01.131+0000][35516][info ][gc          ] GC(11) Concurrent Mark Cycle
[2024-01-26T13:46:01.131+0000][35516][info ][gc,marking  ] GC(11) Concurrent Scan Root Regions
[2024-01-26T13:46:01.151+0000][35516][info ][gc,marking  ] GC(11) Concurrent Scan Root Regions 20.177ms
[2024-01-26T13:46:01.151+0000][35516][info ][gc,marking  ] GC(11) Concurrent Mark
[2024-01-26T13:46:01.151+0000][35516][info ][gc,marking  ] GC(11) Concurrent Mark From Roots
[2024-01-26T13:46:01.151+0000][35516][info ][gc,task     ] GC(11) Using 2 workers of 2 for marking
[2024-01-26T13:46:01.153+0000][35516][info ][gc,marking  ] GC(11) Concurrent Mark From Roots 1.605ms
[2024-01-26T13:46:01.153+0000][35516][info ][gc,marking  ] GC(11) Concurrent Preclean
[2024-01-26T13:46:01.153+0000][35516][info ][gc,marking  ] GC(11) Concurrent Preclean 0.013ms
[2024-01-26T13:46:01.153+0000][35516][info ][gc,start    ] GC(11) Pause Remark
[2024-01-26T13:46:01.160+0000][35516][info ][gc          ] GC(11) Pause Remark 77M->77M(3832M) 7.180ms
[2024-01-26T13:46:01.160+0000][35516][info ][gc,cpu      ] GC(11) User=0.02s Sys=0.00s Real=0.01s
[2024-01-26T13:46:01.160+0000][35516][info ][safepoint   ] Safepoint "G1PauseRemark", Time since last: 21941617 ns, Reaching safepoint: 6072 ns, Cleanup: 3313 ns, At safepoint: 7257424 ns, Total: 7266809 ns
[2024-01-26T13:46:01.160+0000][35516][info ][gc,marking  ] GC(11) Concurrent Mark 9.214ms
[2024-01-26T13:46:01.160+0000][35516][info ][gc,marking  ] GC(11) Concurrent Rebuild Remembered Sets and Scrub Regions
[2024-01-26T13:46:01.164+0000][35516][info ][gc,marking  ] GC(11) Concurrent Rebuild Remembered Sets and Scrub Regions 3.930ms
[2024-01-26T13:46:01.164+0000][35516][info ][gc,start    ] GC(11) Pause Cleanup
[2024-01-26T13:46:01.164+0000][35516][info ][gc          ] GC(11) Pause Cleanup 77M->77M(3832M) 0.137ms
[2024-01-26T13:46:01.164+0000][35516][info ][gc,cpu      ] GC(11) User=0.00s Sys=0.00s Real=0.00s
[2024-01-26T13:46:01.164+0000][35516][info ][safepoint   ] Safepoint "G1PauseCleanup", Time since last: 4334591 ns, Reaching safepoint: 4360 ns, Cleanup: 12813 ns, At safepoint: 169173 ns, Total: 186346 ns
[2024-01-26T13:46:01.165+0000][35516][info ][gc,marking  ] GC(11) Concurrent Clear Claimed Marks
[2024-01-26T13:46:01.165+0000][35516][info ][gc,marking  ] GC(11) Concurrent Clear Claimed Marks 0.123ms
[2024-01-26T13:46:01.165+0000][35516][info ][gc,marking  ] GC(11) Concurrent Cleanup for Next Mark
[2024-01-26T13:46:01.169+0000][35516][info ][gc,marking  ] GC(11) Concurrent Cleanup for Next Mark 4.718ms
[2024-01-26T13:46:01.169+0000][35516][info ][gc          ] GC(11) Concurrent Mark Cycle 38.630ms
[2024-01-26T13:46:01.649+0000][35516][info ][safepoint   ] Safepoint "ICBufferFull", Time since last: 481597230 ns, Reaching safepoint: 141946 ns, Cleanup: 616627 ns, At safepoint: 5451 ns, Total: 764024 ns
[2024-01-26T13:46:02.895+0000][35516][info ][safepoint   ] Safepoint "ICBufferFull", Time since last: 1247033578 ns, Reaching safepoint: 7809 ns, Cleanup: 885677 ns, At safepoint: 7748 ns, Total: 901234 ns
[2024-01-26T13:46:03.703+0000][35516][info ][safepoint   ] Safepoint "ICBufferFull", Time since last: 806497396 ns, Reaching safepoint: 84721 ns, Cleanup: 1563617 ns, At safepoint: 27069 ns, Total: 1675407 ns
[2024-01-26T13:46:03.729+0000][35516][info ][safepoint   ] Safepoint "ICBufferFull", Time since last: 14867464 ns, Reaching safepoint: 11284486 ns, Cleanup: 21616 ns, At safepoint: 20432 ns, Total: 11326534 ns
[2024-01-26T13:46:03.735+0000][35516][info ][safepoint   ] Safepoint "ICBufferFull", Time since last: 1725278 ns, Reaching safepoint: 4244290 ns, Cleanup: 17077 ns, At safepoint: 42089 ns, Total: 4303456 ns
[2024-01-26T13:46:04.083+0000][35516][info ][safepoint   ] Safepoint "ICBufferFull", Time since last: 346528685 ns, Reaching safepoint: 11578 ns, Cleanup: 946364 ns, At safepoint: 380464 ns, Total: 1338406 ns
[2024-01-26T13:46:04.282+0000][35516][info ][safepoint   ] Safepoint "ICBufferFull", Time since last: 198379921 ns, Reaching safepoint: 281558 ns, Cleanup: 292753 ns, At safepoint: 16132 ns, Total: 590443 ns
[2024-01-26T13:46:04.664+0000][35516][info ][safepoint   ] Safepoint "ICBufferFull", Time since last: 377134606 ns, Reaching safepoint: 1599189 ns, Cleanup: 3334747 ns, At safepoint: 28582 ns, Total: 4962518 ns
[2024-01-26T13:46:05.670+0000][35516][info ][safepoint   ] Safepoint "ICBufferFull", Time since last: 990133633 ns, Reaching safepoint: 17427 ns, Cleanup: 6281073 ns, At safepoint: 17536 ns, Total: 6316036 ns
[2024-01-26T13:46:06.379+0000][35516][info ][safepoint   ] Safepoint "ICBufferFull", Time since last: 717376795 ns, Reaching safepoint: 14983 ns, Cleanup: 664721 ns, At safepoint: 4317 ns, Total: 684021 ns
[2024-01-26T13:46:06.947+0000][35516][info ][safepoint   ] Safepoint "ICBufferFull", Time since last: 567988286 ns, Reaching safepoint: 59736 ns, Cleanup: 105793 ns, At safepoint: 3665 ns, Total: 169194 ns
[2024-01-26T13:46:07.947+0000][35516][info ][safepoint   ] Safepoint "Cleanup", Time since last: 1000304529 ns, Reaching safepoint: 16606 ns, Cleanup: 145509 ns, At safepoint: 5578 ns, Total: 167693 ns
[2024-01-26T13:46:08.948+0000][35516][info ][safepoint   ] Safepoint "Cleanup", Time since last: 1000268953 ns, Reaching safepoint: 23235 ns, Cleanup: 31371 ns, At safepoint: 7548 ns, Total: 62154 ns
[2024-01-26T13:46:12.948+0000][35516][info ][safepoint   ] Safepoint "Cleanup", Time since last: 4000669483 ns, Reaching safepoint: 77261 ns, Cleanup: 95780 ns, At safepoint: 4669 ns, Total: 177710 ns
[2024-01-26T13:46:14.315+0000][35516][info ][safepoint   ] Safepoint "Cleanup", Time since last: 1366235433 ns, Reaching safepoint: 16497 ns, Cleanup: 201233 ns, At safepoint: 9760 ns, Total: 227490 ns
[2024-01-26T13:46:18.318+0000][35516][info ][safepoint   ] Safepoint "Cleanup", Time since last: 4002668844 ns, Reaching safepoint: 416782 ns, Cleanup: 27178 ns, At safepoint: 10028 ns, Total: 453988 ns
[2024-01-26T13:46:20.319+0000][35516][info ][safepoint   ] Safepoint "Cleanup", Time since last: 2000499000 ns, Reaching safepoint: 18066 ns, Cleanup: 21282 ns, At safepoint: 8389 ns, Total: 47737 ns
[2024-01-26T13:46:22.319+0000][35516][info ][safepoint   ] Safepoint "Cleanup", Time since last: 2000319017 ns, Reaching safepoint: 59474 ns, Cleanup: 23839 ns, At safepoint: 8976 ns, Total: 92289 ns
[2024-01-26T13:46:23.321+0000][35516][info ][safepoint   ] Safepoint "Cleanup", Time since last: 1001710530 ns, Reaching safepoint: 16897 ns, Cleanup: 23876 ns, At safepoint: 6469 ns, Total: 47242 ns
[2024-01-26T13:46:33.326+0000][35516][info ][safepoint   ] Safepoint "Cleanup", Time since last: 10001783944 ns, Reaching safepoint: 53851 ns, Cleanup: 2661785 ns, At safepoint: 151921 ns, Total: 2867557 ns
[2024-01-26T13:46:34.326+0000][35516][info ][safepoint   ] Safepoint "Cleanup", Time since last: 1000601670 ns, Reaching safepoint: 24552 ns, Cleanup: 29669 ns, At safepoint: 4865 ns, Total: 59086 ns
[2024-01-26T13:46:37.328+0000][35516][info ][safepoint   ] Safepoint "Cleanup", Time since last: 3000762599 ns, Reaching safepoint: 302074 ns, Cleanup: 676542 ns, At safepoint: 8621 ns, Total: 987237 ns
[2024-01-26T13:46:39.329+0000][35516][info ][safepoint   ] Safepoint "Cleanup", Time since last: 2000839125 ns, Reaching safepoint: 17481 ns, Cleanup: 20061 ns, At safepoint: 5566 ns, Total: 43108 ns
[2024-01-26T13:46:41.329+0000][35516][info ][safepoint   ] Safepoint "Cleanup", Time since last: 2000343778 ns, Reaching safepoint: 18613 ns, Cleanup: 25516 ns, At safepoint: 8736 ns, Total: 52865 ns
[2024-01-26T13:46:43.330+0000][35516][info ][safepoint   ] Safepoint "Cleanup", Time since last: 2000512682 ns, Reaching safepoint: 17343 ns, Cleanup: 29319 ns, At safepoint: 6956 ns, Total: 53618 ns
[2024-01-26T13:46:48.084+0000][35516][info ][safepoint   ] Safepoint "Cleanup", Time since last: 4754087869 ns, Reaching safepoint: 17853 ns, Cleanup: 28801 ns, At safepoint: 8628 ns, Total: 55282 ns
[2024-01-26T13:46:49.084+0000][35516][info ][safepoint   ] Safepoint "Cleanup", Time since last: 1000319208 ns, Reaching safepoint: 16272 ns, Cleanup: 19734 ns, At safepoint: 5939 ns, Total: 41945 ns
[2024-01-26T13:46:52.085+0000][35516][info ][safepoint   ] Safepoint "Cleanup", Time since last: 3000708250 ns, Reaching safepoint: 18683 ns, Cleanup: 21167 ns, At safepoint: 8745 ns, Total: 48595 ns
[2024-01-26T13:46:53.085+0000][35516][info ][safepoint   ] Safepoint "Cleanup", Time since last: 1000172615 ns, Reaching safepoint: 11102 ns, Cleanup: 10833 ns, At safepoint: 3675 ns, Total: 25610 ns
[2024-01-26T13:47:02.090+0000][35516][info ][safepoint   ] Safepoint "Cleanup", Time since last: 9004293353 ns, Reaching safepoint: 28191 ns, Cleanup: 348459 ns, At safepoint: 189113 ns, Total: 565763 ns
[2024-01-26T13:47:06.091+0000][35516][info ][safepoint   ] Safepoint "Cleanup", Time since last: 4001329423 ns, Reaching safepoint: 16285 ns, Cleanup: 20182 ns, At safepoint: 8214 ns, Total: 44681 ns
[2024-01-26T13:47:10.092+0000][35516][info ][safepoint   ] Safepoint "Cleanup", Time since last: 4000764949 ns, Reaching safepoint: 36960 ns, Cleanup: 24292 ns, At safepoint: 8036 ns, Total: 69288 ns
[2024-01-26T13:47:13.093+0000][35516][info ][safepoint   ] Safepoint "Cleanup", Time since last: 3000464665 ns, Reaching safepoint: 38090 ns, Cleanup: 19696 ns, At safepoint: 5301 ns, Total: 63087 ns
[2024-01-26T13:47:21.094+0000][35516][info ][safepoint   ] Safepoint "Cleanup", Time since last: 8001049325 ns, Reaching safepoint: 11016 ns, Cleanup: 14115 ns, At safepoint: 4317 ns, Total: 29448 ns
[2024-01-26T13:47:23.094+0000][35516][info ][safepoint   ] Safepoint "Cleanup", Time since last: 2000348660 ns, Reaching safepoint: 55970 ns, Cleanup: 53977 ns, At safepoint: 11027 ns, Total: 120974 ns
[2024-01-26T13:47:29.098+0000][35516][info ][safepoint   ] Safepoint "Cleanup", Time since last: 6002526156 ns, Reaching safepoint: 248398 ns, Cleanup: 416993 ns, At safepoint: 129232 ns, Total: 794623 ns
[2024-01-26T13:47:33.163+0000][35516][info ][safepoint   ] Safepoint "Cleanup", Time since last: 4018689221 ns, Reaching safepoint: 3825080 ns, Cleanup: 41716501 ns, At safepoint: 39767 ns, Total: 45581348 ns
[2024-01-26T13:47:34.177+0000][35516][info ][safepoint   ] Safepoint "Cleanup", Time since last: 1008230425 ns, Reaching safepoint: 2410810 ns, Cleanup: 4622152 ns, At safepoint: 34942 ns, Total: 7067904 ns
[2024-01-26T13:47:35.208+0000][35516][info ][safepoint   ] Safepoint "Cleanup", Time since last: 1015633085 ns, Reaching safepoint: 13122401 ns, Cleanup: 2252657 ns, At safepoint: 57337 ns, Total: 15432395 ns
[2024-01-26T13:47:39.284+0000][35516][info ][safepoint   ] Safepoint "Cleanup", Time since last: 4048954818 ns, Reaching safepoint: 10443679 ns, Cleanup: 13274331 ns, At safepoint: 1139916 ns, Total: 24857926 ns
[2024-01-26T13:47:43.302+0000][35516][info ][safepoint   ] Safepoint "Cleanup", Time since last: 4019278437 ns, Reaching safepoint: 29830 ns, Cleanup: 550789 ns, At safepoint: 4456 ns, Total: 585075 ns
[2024-01-26T13:47:48.355+0000][35516][info ][safepoint   ] Safepoint "Cleanup", Time since last: 5029691991 ns, Reaching safepoint: 5989749 ns, Cleanup: 13944851 ns, At safepoint: 594613 ns, Total: 20529213 ns
[2024-01-26T13:47:59.424+0000][35516][info ][safepoint   ] Safepoint "Cleanup", Time since last: 11053929715 ns, Reaching safepoint: 5350956 ns, Cleanup: 10773743 ns, At safepoint: 46476 ns, Total: 16171175 ns
[2024-01-26T13:48:03.454+0000][35516][info ][safepoint   ] Safepoint "Cleanup", Time since last: 4021024686 ns, Reaching safepoint: 1602166 ns, Cleanup: 7779278 ns, At safepoint: 37781 ns, Total: 9419225 ns
[2024-01-26T13:48:18.567+0000][35516][info ][safepoint   ] Safepoint "Cleanup", Time since last: 15067447975 ns, Reaching safepoint: 5634930 ns, Cleanup: 19024939 ns, At safepoint: 9104526 ns, Total: 33764395 ns
[2024-01-26T13:48:43.760+0000][35516][info ][safepoint   ] Safepoint "Cleanup", Time since last: 25205420275 ns, Reaching safepoint: 48692 ns, Cleanup: 377359 ns, At safepoint: 8543 ns, Total: 434594 ns
[2024-01-26T13:48:48.518+0000][35516][info ][safepoint   ] Safepoint "Cleanup", Time since last: 4758671735 ns, Reaching safepoint: 5872 ns, Cleanup: 38626 ns, At safepoint: 3758 ns, Total: 48256 ns
[2024-01-26T13:48:49.521+0000][35516][info ][safepoint   ] Safepoint "Cleanup", Time since last: 1002825464 ns, Reaching safepoint: 5969 ns, Cleanup: 23952 ns, At safepoint: 2762 ns, Total: 32683 ns
[2024-01-26T13:48:50.503+0000][35516][info ][gc,heap,exit] Heap
[2024-01-26T13:48:50.503+0000][35516][info ][gc,heap,exit]  garbage-first heap   total 3923968K, used 653074K [0x0000000710800000, 0x0000000800000000)
[2024-01-26T13:48:50.503+0000][35516][info ][gc,heap,exit]   region size 4096K, 155 young (634880K), 16 survivors (65536K)
[2024-01-26T13:48:50.503+0000][35516][info ][gc,heap,exit]  Metaspace       used 135255K, committed 139008K, reserved 1179648K
[2024-01-26T13:48:50.503+0000][35516][info ][gc,heap,exit]   class space    used 18713K, committed 20544K, reserved 1048576K
