[2024-01-26T14:05:57.526+0000][40068][info][gc,init] CardTable entry size: 512
[2024-01-26T14:05:57.526+0000][40068][info][gc     ] Using G1
[2024-01-26T14:05:57.767+0000][40068][info][gc,init] Version: 21.0.1+12-29 (release)
[2024-01-26T14:05:57.767+0000][40068][info][gc,init] CPUs: 8 total, 8 available
[2024-01-26T14:05:57.767+0000][40068][info][gc,init] Memory: 7665M
[2024-01-26T14:05:57.767+0000][40068][info][gc,init] Large Page Support: Disabled
[2024-01-26T14:05:57.767+0000][40068][info][gc,init] NUMA Support: Disabled
[2024-01-26T14:05:57.767+0000][40068][info][gc,init] Compressed Oops: Enabled (Zero based)
[2024-01-26T14:05:57.767+0000][40068][info][gc,init] Heap Region Size: 4M
[2024-01-26T14:05:57.768+0000][40068][info][gc,init] Heap Min Capacity: 3832M
[2024-01-26T14:05:57.768+0000][40068][info][gc,init] Heap Initial Capacity: 3832M
[2024-01-26T14:05:57.768+0000][40068][info][gc,init] Heap Max Capacity: 3832M
[2024-01-26T14:05:57.768+0000][40068][info][gc,init] Pre-touch: Enabled
[2024-01-26T14:05:57.768+0000][40068][info][gc,init] Parallel Workers: 8
[2024-01-26T14:05:57.768+0000][40068][info][gc,init] Concurrent Workers: 2
[2024-01-26T14:05:57.768+0000][40068][info][gc,init] Concurrent Refinement Workers: 8
[2024-01-26T14:05:57.768+0000][40068][info][gc,init] Periodic GC: Disabled
[2024-01-26T14:05:57.773+0000][40068][info][gc,metaspace] CDS archive(s) mapped at: [0x00007f73d3000000-0x00007f73d3ca5000-0x00007f73d3ca5000), size 13258752, SharedBaseAddress: 0x00007f73d3000000, ArchiveRelocationMode: 1.
[2024-01-26T14:05:57.773+0000][40068][info][gc,metaspace] Compressed class space mapped at: 0x00007f73d4000000-0x00007f7414000000, reserved size: 1073741824
[2024-01-26T14:05:57.773+0000][40068][info][gc,metaspace] Narrow klass base: 0x00007f73d3000000, Narrow klass shift: 0, Narrow klass range: 0x100000000
[2024-01-26T14:05:57.948+0000][40068][info][safepoint   ] Safepoint "ICBufferFull", Time since last: 170731302 ns, Reaching safepoint: 4675 ns, Cleanup: 78999 ns, At safepoint: 2805 ns, Total: 86479 ns
[2024-01-26T14:05:58.207+0000][40068][info][safepoint   ] Safepoint "ICBufferFull", Time since last: 259060551 ns, Reaching safepoint: 3615 ns, Cleanup: 77703 ns, At safepoint: 3078 ns, Total: 84396 ns
[2024-01-26T14:05:58.433+0000][40068][info][safepoint   ] Safepoint "ICBufferFull", Time since last: 226178653 ns, Reaching safepoint: 3106 ns, Cleanup: 87971 ns, At safepoint: 2232 ns, Total: 93309 ns
[2024-01-26T14:05:58.698+0000][40068][info][safepoint   ] Safepoint "ICBufferFull", Time since last: 264258420 ns, Reaching safepoint: 4018 ns, Cleanup: 111476 ns, At safepoint: 3099 ns, Total: 118593 ns
[2024-01-26T14:05:59.090+0000][40068][info][safepoint   ] Safepoint "ICBufferFull", Time since last: 391873997 ns, Reaching safepoint: 3243 ns, Cleanup: 97767 ns, At safepoint: 2388 ns, Total: 103398 ns
[2024-01-26T14:05:59.505+0000][40068][info][gc,start    ] GC(0) Pause Young (Normal) (G1 Evacuation Pause)
[2024-01-26T14:05:59.505+0000][40068][info][gc,task     ] GC(0) Using 8 workers of 8 for evacuation
[2024-01-26T14:05:59.505+0000][40068][debug][gc,age      ] GC(0) Desired survivor size 12582912 bytes, new threshold 15 (max threshold 15)
[2024-01-26T14:05:59.512+0000][40068][info ][gc,phases   ] GC(0)   Pre Evacuate Collection Set: 0.2ms
[2024-01-26T14:05:59.512+0000][40068][info ][gc,phases   ] GC(0)   Merge Heap Roots: 0.1ms
[2024-01-26T14:05:59.512+0000][40068][info ][gc,phases   ] GC(0)   Evacuate Collection Set: 6.1ms
[2024-01-26T14:05:59.512+0000][40068][info ][gc,phases   ] GC(0)   Post Evacuate Collection Set: 0.8ms
[2024-01-26T14:05:59.512+0000][40068][info ][gc,phases   ] GC(0)   Other: 0.1ms
[2024-01-26T14:05:59.512+0000][40068][trace][gc,age      ] GC(0) Age table with threshold 15 (max threshold 15)
[2024-01-26T14:05:59.512+0000][40068][trace][gc,age      ] GC(0) - age   1:   10537176 bytes,   10537176 total
[2024-01-26T14:05:59.512+0000][40068][info ][gc,heap     ] GC(0) Eden regions: 47->0(44)
[2024-01-26T14:05:59.512+0000][40068][info ][gc,heap     ] GC(0) Survivor regions: 0->3(6)
[2024-01-26T14:05:59.512+0000][40068][info ][gc,heap     ] GC(0) Old regions: 1->1
[2024-01-26T14:05:59.512+0000][40068][info ][gc,heap     ] GC(0) Humongous regions: 0->0
[2024-01-26T14:05:59.513+0000][40068][info ][gc,metaspace] GC(0) Metaspace: 19634K(20096K)->19634K(20096K) NonClass: 17530K(17792K)->17530K(17792K) Class: 2104K(2304K)->2104K(2304K)
[2024-01-26T14:05:59.513+0000][40068][info ][gc          ] GC(0) Pause Young (Normal) (G1 Evacuation Pause) 189M->11M(3832M) 7.571ms
[2024-01-26T14:05:59.513+0000][40068][info ][gc,cpu      ] GC(0) User=0.05s Sys=0.00s Real=0.01s
[2024-01-26T14:05:59.513+0000][40068][info ][safepoint   ] Safepoint "G1CollectForAllocation", Time since last: 415017142 ns, Reaching safepoint: 4210 ns, Cleanup: 113545 ns, At safepoint: 7617442 ns, Total: 7735197 ns
[2024-01-26T14:05:59.728+0000][40068][info ][gc,start    ] GC(1) Pause Young (Concurrent Start) (Metadata GC Threshold)
[2024-01-26T14:05:59.728+0000][40068][info ][gc,task     ] GC(1) Using 8 workers of 8 for evacuation
[2024-01-26T14:05:59.728+0000][40068][debug][gc,age      ] GC(1) Desired survivor size 12582912 bytes, new threshold 15 (max threshold 15)
[2024-01-26T14:05:59.734+0000][40068][info ][gc,phases   ] GC(1)   Pre Evacuate Collection Set: 0.2ms
[2024-01-26T14:05:59.734+0000][40068][info ][gc,phases   ] GC(1)   Merge Heap Roots: 0.0ms
[2024-01-26T14:05:59.734+0000][40068][info ][gc,phases   ] GC(1)   Evacuate Collection Set: 4.2ms
[2024-01-26T14:05:59.734+0000][40068][info ][gc,phases   ] GC(1)   Post Evacuate Collection Set: 0.6ms
[2024-01-26T14:05:59.734+0000][40068][info ][gc,phases   ] GC(1)   Other: 0.1ms
[2024-01-26T14:05:59.734+0000][40068][trace][gc,age      ] GC(1) Age table with threshold 15 (max threshold 15)
[2024-01-26T14:05:59.734+0000][40068][trace][gc,age      ] GC(1) - age   1:    2354144 bytes,    2354144 total
[2024-01-26T14:05:59.734+0000][40068][trace][gc,age      ] GC(1) - age   2:    9660560 bytes,   12014704 total
[2024-01-26T14:05:59.734+0000][40068][info ][gc,heap     ] GC(1) Eden regions: 35->0(52)
[2024-01-26T14:05:59.734+0000][40068][info ][gc,heap     ] GC(1) Survivor regions: 3->4(6)
[2024-01-26T14:05:59.734+0000][40068][info ][gc,heap     ] GC(1) Old regions: 1->1
[2024-01-26T14:05:59.734+0000][40068][info ][gc,heap     ] GC(1) Humongous regions: 0->0
[2024-01-26T14:05:59.734+0000][40068][info ][gc,metaspace] GC(1) Metaspace: 20946K(21504K)->20946K(21504K) NonClass: 18706K(19008K)->18706K(19008K) Class: 2240K(2496K)->2240K(2496K)
[2024-01-26T14:05:59.734+0000][40068][info ][gc          ] GC(1) Pause Young (Concurrent Start) (Metadata GC Threshold) 149M->13M(3832M) 5.348ms
[2024-01-26T14:05:59.734+0000][40068][info ][gc,cpu      ] GC(1) User=0.03s Sys=0.01s Real=0.00s
[2024-01-26T14:05:59.734+0000][40068][info ][gc          ] GC(2) Concurrent Mark Cycle
[2024-01-26T14:05:59.734+0000][40068][info ][gc,marking  ] GC(2) Concurrent Scan Root Regions
[2024-01-26T14:05:59.734+0000][40068][info ][safepoint   ] Safepoint "CollectForMetadataAllocation", Time since last: 215676401 ns, Reaching safepoint: 4865 ns, Cleanup: 95128 ns, At safepoint: 5480044 ns, Total: 5580037 ns
[2024-01-26T14:05:59.738+0000][40068][info ][gc,marking  ] GC(2) Concurrent Scan Root Regions 4.572ms
[2024-01-26T14:05:59.738+0000][40068][info ][gc,marking  ] GC(2) Concurrent Mark
[2024-01-26T14:05:59.738+0000][40068][info ][gc,marking  ] GC(2) Concurrent Mark From Roots
[2024-01-26T14:05:59.738+0000][40068][info ][gc,task     ] GC(2) Using 2 workers of 2 for marking
[2024-01-26T14:05:59.740+0000][40068][info ][gc,marking  ] GC(2) Concurrent Mark From Roots 2.001ms
[2024-01-26T14:05:59.740+0000][40068][info ][gc,marking  ] GC(2) Concurrent Preclean
[2024-01-26T14:05:59.740+0000][40068][info ][gc,marking  ] GC(2) Concurrent Preclean 0.007ms
[2024-01-26T14:05:59.740+0000][40068][info ][gc,start    ] GC(2) Pause Remark
[2024-01-26T14:05:59.742+0000][40068][info ][gc          ] GC(2) Pause Remark 16M->16M(3832M) 1.728ms
[2024-01-26T14:05:59.742+0000][40068][info ][gc,cpu      ] GC(2) User=0.01s Sys=0.00s Real=0.00s
[2024-01-26T14:05:59.742+0000][40068][info ][safepoint   ] Safepoint "G1PauseRemark", Time since last: 6638696 ns, Reaching safepoint: 4173 ns, Cleanup: 9799 ns, At safepoint: 1792154 ns, Total: 1806126 ns
[2024-01-26T14:05:59.742+0000][40068][info ][gc,marking  ] GC(2) Concurrent Mark 3.920ms
[2024-01-26T14:05:59.742+0000][40068][info ][gc,marking  ] GC(2) Concurrent Rebuild Remembered Sets and Scrub Regions
[2024-01-26T14:05:59.743+0000][40068][info ][gc,marking  ] GC(2) Concurrent Rebuild Remembered Sets and Scrub Regions 0.762ms
[2024-01-26T14:05:59.743+0000][40068][info ][gc,start    ] GC(2) Pause Cleanup
[2024-01-26T14:05:59.743+0000][40068][info ][gc          ] GC(2) Pause Cleanup 16M->16M(3832M) 0.141ms
[2024-01-26T14:05:59.743+0000][40068][info ][gc,cpu      ] GC(2) User=0.00s Sys=0.00s Real=0.00s
[2024-01-26T14:05:59.743+0000][40068][info ][safepoint   ] Safepoint "G1PauseCleanup", Time since last: 868398 ns, Reaching safepoint: 3826 ns, Cleanup: 2753 ns, At safepoint: 176947 ns, Total: 183526 ns
[2024-01-26T14:05:59.743+0000][40068][info ][gc,marking  ] GC(2) Concurrent Clear Claimed Marks
[2024-01-26T14:05:59.743+0000][40068][info ][gc,marking  ] GC(2) Concurrent Clear Claimed Marks 0.051ms
[2024-01-26T14:05:59.743+0000][40068][info ][gc,marking  ] GC(2) Concurrent Cleanup for Next Mark
[2024-01-26T14:05:59.747+0000][40068][info ][gc,marking  ] GC(2) Concurrent Cleanup for Next Mark 3.214ms
[2024-01-26T14:05:59.747+0000][40068][info ][gc          ] GC(2) Concurrent Mark Cycle 12.940ms
[2024-01-26T14:06:00.163+0000][40068][info ][safepoint   ] Safepoint "ICBufferFull", Time since last: 419583907 ns, Reaching safepoint: 73049 ns, Cleanup: 107620 ns, At safepoint: 4091 ns, Total: 184760 ns
[2024-01-26T14:06:00.366+0000][40068][info ][gc,start    ] GC(3) Pause Young (Prepare Mixed) (G1 Evacuation Pause)
[2024-01-26T14:06:00.366+0000][40068][info ][gc,task     ] GC(3) Using 8 workers of 8 for evacuation
[2024-01-26T14:06:00.366+0000][40068][debug][gc,age      ] GC(3) Desired survivor size 14680064 bytes, new threshold 15 (max threshold 15)
[2024-01-26T14:06:00.376+0000][40068][info ][gc,phases   ] GC(3)   Pre Evacuate Collection Set: 0.2ms
[2024-01-26T14:06:00.376+0000][40068][info ][gc,phases   ] GC(3)   Merge Heap Roots: 0.0ms
[2024-01-26T14:06:00.376+0000][40068][info ][gc,phases   ] GC(3)   Evacuate Collection Set: 8.3ms
[2024-01-26T14:06:00.376+0000][40068][info ][gc,phases   ] GC(3)   Post Evacuate Collection Set: 0.9ms
[2024-01-26T14:06:00.376+0000][40068][info ][gc,phases   ] GC(3)   Other: 0.1ms
[2024-01-26T14:06:00.376+0000][40068][trace][gc,age      ] GC(3) Age table with threshold 15 (max threshold 15)
[2024-01-26T14:06:00.376+0000][40068][trace][gc,age      ] GC(3) - age   1:    8392584 bytes,    8392584 total
[2024-01-26T14:06:00.376+0000][40068][trace][gc,age      ] GC(3) - age   2:    2239424 bytes,   10632008 total
[2024-01-26T14:06:00.376+0000][40068][trace][gc,age      ] GC(3) - age   3:    9655336 bytes,   20287344 total
[2024-01-26T14:06:00.376+0000][40068][info ][gc,heap     ] GC(3) Eden regions: 52->0(93)
[2024-01-26T14:06:00.376+0000][40068][info ][gc,heap     ] GC(3) Survivor regions: 4->6(7)
[2024-01-26T14:06:00.376+0000][40068][info ][gc,heap     ] GC(3) Old regions: 1->1
[2024-01-26T14:06:00.376+0000][40068][info ][gc,heap     ] GC(3) Humongous regions: 0->0
[2024-01-26T14:06:00.376+0000][40068][info ][gc,metaspace] GC(3) Metaspace: 27543K(28224K)->27543K(28224K) NonClass: 24464K(24832K)->24464K(24832K) Class: 3079K(3392K)->3079K(3392K)
[2024-01-26T14:06:00.376+0000][40068][info ][gc          ] GC(3) Pause Young (Prepare Mixed) (G1 Evacuation Pause) 221M->21M(3832M) 9.769ms
[2024-01-26T14:06:00.376+0000][40068][info ][gc,cpu      ] GC(3) User=0.07s Sys=0.00s Real=0.00s
[2024-01-26T14:06:00.376+0000][40068][info ][safepoint   ] Safepoint "G1CollectForAllocation", Time since last: 203091744 ns, Reaching safepoint: 7200 ns, Cleanup: 91415 ns, At safepoint: 9820787 ns, Total: 9919402 ns
[2024-01-26T14:06:00.746+0000][40068][info ][gc,start    ] GC(4) Pause Young (Mixed) (G1 Evacuation Pause)
[2024-01-26T14:06:00.746+0000][40068][info ][gc,task     ] GC(4) Using 8 workers of 8 for evacuation
[2024-01-26T14:06:00.746+0000][40068][debug][gc,age      ] GC(4) Desired survivor size 27262976 bytes, new threshold 15 (max threshold 15)
[2024-01-26T14:06:00.755+0000][40068][info ][gc,phases   ] GC(4)   Pre Evacuate Collection Set: 0.2ms
[2024-01-26T14:06:00.755+0000][40068][info ][gc,phases   ] GC(4)   Merge Heap Roots: 0.0ms
[2024-01-26T14:06:00.755+0000][40068][info ][gc,phases   ] GC(4)   Evacuate Collection Set: 7.7ms
[2024-01-26T14:06:00.755+0000][40068][info ][gc,phases   ] GC(4)   Post Evacuate Collection Set: 0.8ms
[2024-01-26T14:06:00.755+0000][40068][info ][gc,phases   ] GC(4)   Other: 0.1ms
[2024-01-26T14:06:00.755+0000][40068][trace][gc,age      ] GC(4) Age table with threshold 15 (max threshold 15)
[2024-01-26T14:06:00.755+0000][40068][trace][gc,age      ] GC(4) - age   1:    3734104 bytes,    3734104 total
[2024-01-26T14:06:00.755+0000][40068][trace][gc,age      ] GC(4) - age   2:    5993112 bytes,    9727216 total
[2024-01-26T14:06:00.755+0000][40068][trace][gc,age      ] GC(4) - age   3:    2238672 bytes,   11965888 total
[2024-01-26T14:06:00.755+0000][40068][trace][gc,age      ] GC(4) - age   4:    9655176 bytes,   21621064 total
[2024-01-26T14:06:00.755+0000][40068][info ][gc,heap     ] GC(4) Eden regions: 93->0(70)
[2024-01-26T14:06:00.755+0000][40068][info ][gc,heap     ] GC(4) Survivor regions: 6->6(13)
[2024-01-26T14:06:00.755+0000][40068][info ][gc,heap     ] GC(4) Old regions: 1->1
[2024-01-26T14:06:00.755+0000][40068][info ][gc,heap     ] GC(4) Humongous regions: 0->0
[2024-01-26T14:06:00.755+0000][40068][info ][gc,metaspace] GC(4) Metaspace: 28340K(29120K)->28340K(29120K) NonClass: 25164K(25600K)->25164K(25600K) Class: 3176K(3520K)->3176K(3520K)
[2024-01-26T14:06:00.755+0000][40068][info ][gc          ] GC(4) Pause Young (Mixed) (G1 Evacuation Pause) 393M->23M(3832M) 9.039ms
[2024-01-26T14:06:00.755+0000][40068][info ][gc,cpu      ] GC(4) User=0.05s Sys=0.01s Real=0.00s
[2024-01-26T14:06:00.755+0000][40068][info ][safepoint   ] Safepoint "G1CollectForAllocation", Time since last: 370049908 ns, Reaching safepoint: 4414 ns, Cleanup: 110690 ns, At safepoint: 9077893 ns, Total: 9192997 ns
[2024-01-26T14:06:01.299+0000][40068][info ][gc,start    ] GC(5) Pause Young (Normal) (G1 Evacuation Pause)
[2024-01-26T14:06:01.299+0000][40068][info ][gc,task     ] GC(5) Using 8 workers of 8 for evacuation
[2024-01-26T14:06:01.299+0000][40068][debug][gc,age      ] GC(5) Desired survivor size 20971520 bytes, new threshold 4 (max threshold 15)
[2024-01-26T14:06:01.309+0000][40068][info ][gc,phases   ] GC(5)   Pre Evacuate Collection Set: 0.2ms
[2024-01-26T14:06:01.309+0000][40068][info ][gc,phases   ] GC(5)   Merge Heap Roots: 0.0ms
[2024-01-26T14:06:01.309+0000][40068][info ][gc,phases   ] GC(5)   Evacuate Collection Set: 8.8ms
[2024-01-26T14:06:01.309+0000][40068][info ][gc,phases   ] GC(5)   Post Evacuate Collection Set: 0.7ms
[2024-01-26T14:06:01.309+0000][40068][info ][gc,phases   ] GC(5)   Other: 0.1ms
[2024-01-26T14:06:01.309+0000][40068][trace][gc,age      ] GC(5) Age table with threshold 4 (max threshold 15)
[2024-01-26T14:06:01.309+0000][40068][trace][gc,age      ] GC(5) - age   1:    6432864 bytes,    6432864 total
[2024-01-26T14:06:01.309+0000][40068][trace][gc,age      ] GC(5) - age   2:    2876400 bytes,    9309264 total
[2024-01-26T14:06:01.309+0000][40068][trace][gc,age      ] GC(5) - age   3:    5989080 bytes,   15298344 total
[2024-01-26T14:06:01.309+0000][40068][trace][gc,age      ] GC(5) - age   4:    2237552 bytes,   17535896 total
[2024-01-26T14:06:01.309+0000][40068][info ][gc,heap     ] GC(5) Eden regions: 70->0(201)
[2024-01-26T14:06:01.309+0000][40068][info ][gc,heap     ] GC(5) Survivor regions: 6->5(10)
[2024-01-26T14:06:01.309+0000][40068][info ][gc,heap     ] GC(5) Old regions: 1->3
[2024-01-26T14:06:01.309+0000][40068][info ][gc,heap     ] GC(5) Humongous regions: 0->0
[2024-01-26T14:06:01.309+0000][40068][info ][gc,metaspace] GC(5) Metaspace: 34217K(35072K)->34217K(35072K) NonClass: 30396K(30912K)->30396K(30912K) Class: 3820K(4160K)->3820K(4160K)
[2024-01-26T14:06:01.309+0000][40068][info ][gc          ] GC(5) Pause Young (Normal) (G1 Evacuation Pause) 303M->30M(3832M) 10.049ms
[2024-01-26T14:06:01.309+0000][40068][info ][gc,cpu      ] GC(5) User=0.06s Sys=0.00s Real=0.01s
[2024-01-26T14:06:01.309+0000][40068][info ][safepoint   ] Safepoint "G1CollectForAllocation", Time since last: 543419120 ns, Reaching safepoint: 4541 ns, Cleanup: 106896 ns, At safepoint: 10110351 ns, Total: 10221788 ns
[2024-01-26T14:06:01.544+0000][40068][info ][gc,start    ] GC(6) Pause Young (Concurrent Start) (Metadata GC Threshold)
[2024-01-26T14:06:01.545+0000][40068][info ][gc,task     ] GC(6) Using 8 workers of 8 for evacuation
[2024-01-26T14:06:01.545+0000][40068][debug][gc,age      ] GC(6) Desired survivor size 54525952 bytes, new threshold 15 (max threshold 15)
[2024-01-26T14:06:01.550+0000][40068][info ][gc,phases   ] GC(6)   Pre Evacuate Collection Set: 0.2ms
[2024-01-26T14:06:01.550+0000][40068][info ][gc,phases   ] GC(6)   Merge Heap Roots: 0.1ms
[2024-01-26T14:06:01.550+0000][40068][info ][gc,phases   ] GC(6)   Evacuate Collection Set: 4.9ms
[2024-01-26T14:06:01.550+0000][40068][info ][gc,phases   ] GC(6)   Post Evacuate Collection Set: 0.6ms
[2024-01-26T14:06:01.550+0000][40068][info ][gc,phases   ] GC(6)   Other: 0.1ms
[2024-01-26T14:06:01.550+0000][40068][trace][gc,age      ] GC(6) Age table with threshold 15 (max threshold 15)
[2024-01-26T14:06:01.550+0000][40068][trace][gc,age      ] GC(6) - age   1:    3127320 bytes,    3127320 total
[2024-01-26T14:06:01.550+0000][40068][trace][gc,age      ] GC(6) - age   2:    5648376 bytes,    8775696 total
[2024-01-26T14:06:01.550+0000][40068][trace][gc,age      ] GC(6) - age   3:    2874248 bytes,   11649944 total
[2024-01-26T14:06:01.551+0000][40068][trace][gc,age      ] GC(6) - age   4:    5987664 bytes,   17637608 total
[2024-01-26T14:06:01.551+0000][40068][trace][gc,age      ] GC(6) - age   5:    2237104 bytes,   19874712 total
[2024-01-26T14:06:01.551+0000][40068][info ][gc,heap     ] GC(6) Eden regions: 45->0(405)
[2024-01-26T14:06:01.551+0000][40068][info ][gc,heap     ] GC(6) Survivor regions: 5->6(26)
[2024-01-26T14:06:01.551+0000][40068][info ][gc,heap     ] GC(6) Old regions: 3->3
[2024-01-26T14:06:01.551+0000][40068][info ][gc,heap     ] GC(6) Humongous regions: 0->0
[2024-01-26T14:06:01.551+0000][40068][info ][gc,metaspace] GC(6) Metaspace: 35297K(36160K)->35297K(36160K) NonClass: 31330K(31808K)->31330K(31808K) Class: 3966K(4352K)->3966K(4352K)
[2024-01-26T14:06:01.551+0000][40068][info ][gc          ] GC(6) Pause Young (Concurrent Start) (Metadata GC Threshold) 210M->31M(3832M) 6.119ms
[2024-01-26T14:06:01.551+0000][40068][info ][gc,cpu      ] GC(6) User=0.05s Sys=0.00s Real=0.01s
[2024-01-26T14:06:01.551+0000][40068][info ][gc          ] GC(7) Concurrent Mark Cycle
[2024-01-26T14:06:01.551+0000][40068][info ][gc,marking  ] GC(7) Concurrent Scan Root Regions
[2024-01-26T14:06:01.551+0000][40068][info ][safepoint   ] Safepoint "CollectForMetadataAllocation", Time since last: 235410256 ns, Reaching safepoint: 3868 ns, Cleanup: 55327 ns, At safepoint: 6241067 ns, Total: 6300262 ns
[2024-01-26T14:06:01.555+0000][40068][info ][gc,marking  ] GC(7) Concurrent Scan Root Regions 3.893ms
[2024-01-26T14:06:01.555+0000][40068][info ][gc,marking  ] GC(7) Concurrent Mark
[2024-01-26T14:06:01.555+0000][40068][info ][gc,marking  ] GC(7) Concurrent Mark From Roots
[2024-01-26T14:06:01.555+0000][40068][info ][gc,task     ] GC(7) Using 2 workers of 2 for marking
[2024-01-26T14:06:01.565+0000][40068][info ][gc,marking  ] GC(7) Concurrent Mark From Roots 10.001ms
[2024-01-26T14:06:01.565+0000][40068][info ][gc,marking  ] GC(7) Concurrent Preclean
[2024-01-26T14:06:01.565+0000][40068][info ][gc,marking  ] GC(7) Concurrent Preclean 0.055ms
[2024-01-26T14:06:01.565+0000][40068][info ][gc,start    ] GC(7) Pause Remark
[2024-01-26T14:06:01.568+0000][40068][info ][gc          ] GC(7) Pause Remark 34M->34M(3832M) 3.621ms
[2024-01-26T14:06:01.568+0000][40068][info ][gc,cpu      ] GC(7) User=0.02s Sys=0.00s Real=0.01s
[2024-01-26T14:06:01.568+0000][40068][info ][safepoint   ] Safepoint "G1PauseRemark", Time since last: 14038718 ns, Reaching safepoint: 3818 ns, Cleanup: 2485 ns, At safepoint: 3700692 ns, Total: 3706995 ns
[2024-01-26T14:06:01.568+0000][40068][info ][gc,marking  ] GC(7) Concurrent Mark 13.851ms
[2024-01-26T14:06:01.568+0000][40068][info ][gc,marking  ] GC(7) Concurrent Rebuild Remembered Sets and Scrub Regions
[2024-01-26T14:06:01.572+0000][40068][info ][gc,marking  ] GC(7) Concurrent Rebuild Remembered Sets and Scrub Regions 3.365ms
[2024-01-26T14:06:01.572+0000][40068][info ][gc,start    ] GC(7) Pause Cleanup
[2024-01-26T14:06:01.572+0000][40068][info ][gc          ] GC(7) Pause Cleanup 34M->34M(3832M) 0.154ms
[2024-01-26T14:06:01.572+0000][40068][info ][gc,cpu      ] GC(7) User=0.00s Sys=0.00s Real=0.00s
[2024-01-26T14:06:01.572+0000][40068][info ][safepoint   ] Safepoint "G1PauseCleanup", Time since last: 3465673 ns, Reaching safepoint: 4355 ns, Cleanup: 9396 ns, At safepoint: 181895 ns, Total: 195646 ns
[2024-01-26T14:06:01.572+0000][40068][info ][gc,marking  ] GC(7) Concurrent Clear Claimed Marks
[2024-01-26T14:06:01.572+0000][40068][info ][gc,marking  ] GC(7) Concurrent Clear Claimed Marks 0.068ms
[2024-01-26T14:06:01.572+0000][40068][info ][gc,marking  ] GC(7) Concurrent Cleanup for Next Mark
[2024-01-26T14:06:01.575+0000][40068][info ][gc,marking  ] GC(7) Concurrent Cleanup for Next Mark 3.150ms
[2024-01-26T14:06:01.575+0000][40068][info ][gc          ] GC(7) Concurrent Mark Cycle 24.737ms
[2024-01-26T14:06:02.267+0000][40068][info ][safepoint   ] Safepoint "ICBufferFull", Time since last: 694777659 ns, Reaching safepoint: 6515 ns, Cleanup: 133090 ns, At safepoint: 3308 ns, Total: 142913 ns
[2024-01-26T14:06:02.920+0000][40068][info ][safepoint   ] Safepoint "ICBufferFull", Time since last: 652429628 ns, Reaching safepoint: 4253 ns, Cleanup: 104872 ns, At safepoint: 2375 ns, Total: 111500 ns
[2024-01-26T14:06:03.492+0000][40068][info ][gc,start    ] GC(8) Pause Young (Concurrent Start) (Metadata GC Threshold)
[2024-01-26T14:06:03.492+0000][40068][info ][gc,task     ] GC(8) Using 8 workers of 8 for evacuation
[2024-01-26T14:06:03.492+0000][40068][debug][gc,age      ] GC(8) Desired survivor size 109051904 bytes, new threshold 15 (max threshold 15)
[2024-01-26T14:06:03.502+0000][40068][info ][gc,phases   ] GC(8)   Pre Evacuate Collection Set: 0.2ms
[2024-01-26T14:06:03.502+0000][40068][info ][gc,phases   ] GC(8)   Merge Heap Roots: 0.1ms
[2024-01-26T14:06:03.502+0000][40068][info ][gc,phases   ] GC(8)   Evacuate Collection Set: 9.1ms
[2024-01-26T14:06:03.502+0000][40068][info ][gc,phases   ] GC(8)   Post Evacuate Collection Set: 0.9ms
[2024-01-26T14:06:03.502+0000][40068][info ][gc,phases   ] GC(8)   Other: 0.1ms
[2024-01-26T14:06:03.502+0000][40068][trace][gc,age      ] GC(8) Age table with threshold 15 (max threshold 15)
[2024-01-26T14:06:03.502+0000][40068][trace][gc,age      ] GC(8) - age   1:   10290576 bytes,   10290576 total
[2024-01-26T14:06:03.502+0000][40068][trace][gc,age      ] GC(8) - age   2:    3056808 bytes,   13347384 total
[2024-01-26T14:06:03.502+0000][40068][trace][gc,age      ] GC(8) - age   3:    5633320 bytes,   18980704 total
[2024-01-26T14:06:03.502+0000][40068][trace][gc,age      ] GC(8) - age   4:    2869632 bytes,   21850336 total
[2024-01-26T14:06:03.502+0000][40068][trace][gc,age      ] GC(8) - age   5:    5969504 bytes,   27819840 total
[2024-01-26T14:06:03.502+0000][40068][trace][gc,age      ] GC(8) - age   6:    2232912 bytes,   30052752 total
[2024-01-26T14:06:03.502+0000][40068][info ][gc,heap     ] GC(8) Eden regions: 202->0(322)
[2024-01-26T14:06:03.502+0000][40068][info ][gc,heap     ] GC(8) Survivor regions: 6->8(52)
[2024-01-26T14:06:03.502+0000][40068][info ][gc,heap     ] GC(8) Old regions: 3->3
[2024-01-26T14:06:03.502+0000][40068][info ][gc,heap     ] GC(8) Humongous regions: 0->0
[2024-01-26T14:06:03.502+0000][40068][info ][gc,metaspace] GC(8) Metaspace: 59316K(60480K)->59316K(60480K) NonClass: 52038K(52736K)->52038K(52736K) Class: 7277K(7744K)->7277K(7744K)
[2024-01-26T14:06:03.502+0000][40068][info ][gc          ] GC(8) Pause Young (Concurrent Start) (Metadata GC Threshold) 837M->42M(3832M) 10.529ms
[2024-01-26T14:06:03.502+0000][40068][info ][gc,cpu      ] GC(8) User=0.07s Sys=0.00s Real=0.01s
[2024-01-26T14:06:03.502+0000][40068][info ][gc          ] GC(9) Concurrent Mark Cycle
[2024-01-26T14:06:03.502+0000][40068][info ][gc,marking  ] GC(9) Concurrent Scan Root Regions
[2024-01-26T14:06:03.502+0000][40068][info ][safepoint   ] Safepoint "CollectForMetadataAllocation", Time since last: 571854850 ns, Reaching safepoint: 70839 ns, Cleanup: 67871 ns, At safepoint: 10634325 ns, Total: 10773035 ns
[2024-01-26T14:06:03.510+0000][40068][info ][gc,marking  ] GC(9) Concurrent Scan Root Regions 8.052ms
[2024-01-26T14:06:03.510+0000][40068][info ][gc,marking  ] GC(9) Concurrent Mark
[2024-01-26T14:06:03.510+0000][40068][info ][gc,marking  ] GC(9) Concurrent Mark From Roots
[2024-01-26T14:06:03.510+0000][40068][info ][gc,task     ] GC(9) Using 2 workers of 2 for marking
[2024-01-26T14:06:03.517+0000][40068][info ][safepoint   ] Safepoint "CollectForMetadataAllocation", Time since last: 15200060 ns, Reaching safepoint: 30718 ns, Cleanup: 8252 ns, At safepoint: 40822 ns, Total: 79792 ns
[2024-01-26T14:06:03.520+0000][40068][info ][gc,marking  ] GC(9) Concurrent Mark From Roots 9.405ms
[2024-01-26T14:06:03.520+0000][40068][info ][gc,marking  ] GC(9) Concurrent Preclean
[2024-01-26T14:06:03.520+0000][40068][info ][gc,marking  ] GC(9) Concurrent Preclean 0.082ms
[2024-01-26T14:06:03.520+0000][40068][info ][gc,start    ] GC(9) Pause Remark
[2024-01-26T14:06:03.523+0000][40068][info ][gc          ] GC(9) Pause Remark 46M->46M(3832M) 3.550ms
[2024-01-26T14:06:03.524+0000][40068][info ][gc,cpu      ] GC(9) User=0.01s Sys=0.00s Real=0.00s
[2024-01-26T14:06:03.524+0000][40068][info ][safepoint   ] Safepoint "G1PauseRemark", Time since last: 2380397 ns, Reaching safepoint: 72862 ns, Cleanup: 2612 ns, At safepoint: 3625856 ns, Total: 3701330 ns
[2024-01-26T14:06:03.524+0000][40068][info ][gc,marking  ] GC(9) Concurrent Mark 13.308ms
[2024-01-26T14:06:03.524+0000][40068][info ][gc,marking  ] GC(9) Concurrent Rebuild Remembered Sets and Scrub Regions
[2024-01-26T14:06:03.527+0000][40068][info ][gc,marking  ] GC(9) Concurrent Rebuild Remembered Sets and Scrub Regions 3.506ms
[2024-01-26T14:06:03.527+0000][40068][info ][gc,start    ] GC(9) Pause Cleanup
[2024-01-26T14:06:03.528+0000][40068][info ][gc          ] GC(9) Pause Cleanup 46M->46M(3832M) 0.167ms
[2024-01-26T14:06:03.528+0000][40068][info ][gc,cpu      ] GC(9) User=0.00s Sys=0.00s Real=0.00s
[2024-01-26T14:06:03.528+0000][40068][info ][safepoint   ] Safepoint "G1PauseCleanup", Time since last: 3733332 ns, Reaching safepoint: 70896 ns, Cleanup: 11446 ns, At safepoint: 208707 ns, Total: 291049 ns
[2024-01-26T14:06:03.528+0000][40068][info ][gc,marking  ] GC(9) Concurrent Clear Claimed Marks
[2024-01-26T14:06:03.528+0000][40068][info ][gc,marking  ] GC(9) Concurrent Clear Claimed Marks 0.091ms
[2024-01-26T14:06:03.528+0000][40068][info ][gc,marking  ] GC(9) Concurrent Cleanup for Next Mark
[2024-01-26T14:06:03.532+0000][40068][info ][gc,marking  ] GC(9) Concurrent Cleanup for Next Mark 4.031ms
[2024-01-26T14:06:03.532+0000][40068][info ][gc          ] GC(9) Concurrent Mark Cycle 29.656ms
[2024-01-26T14:06:04.777+0000][40068][info ][safepoint   ] Safepoint "Cleanup", Time since last: 1249581164 ns, Reaching safepoint: 75643 ns, Cleanup: 151292 ns, At safepoint: 4806 ns, Total: 231741 ns
[2024-01-26T14:06:05.466+0000][40068][info ][safepoint   ] Safepoint "ICBufferFull", Time since last: 688902525 ns, Reaching safepoint: 5378 ns, Cleanup: 106322 ns, At safepoint: 2877 ns, Total: 114577 ns
[2024-01-26T14:06:06.467+0000][40068][info ][safepoint   ] Safepoint "Cleanup", Time since last: 1000132846 ns, Reaching safepoint: 77463 ns, Cleanup: 86289 ns, At safepoint: 2875 ns, Total: 166627 ns
[2024-01-26T14:06:07.257+0000][40068][info ][safepoint   ] Safepoint "ICBufferFull", Time since last: 790367790 ns, Reaching safepoint: 5949 ns, Cleanup: 126925 ns, At safepoint: 2012 ns, Total: 134886 ns
[2024-01-26T14:06:08.299+0000][40068][info ][safepoint   ] Safepoint "ICBufferFull", Time since last: 1041772344 ns, Reaching safepoint: 3789 ns, Cleanup: 101378 ns, At safepoint: 2130 ns, Total: 107297 ns
[2024-01-26T14:06:09.042+0000][40068][info ][gc,start    ] GC(10) Pause Young (Concurrent Start) (Metadata GC Threshold)
[2024-01-26T14:06:09.042+0000][40068][info ][gc,task     ] GC(10) Using 8 workers of 8 for evacuation
[2024-01-26T14:06:09.042+0000][40068][debug][gc,age      ] GC(10) Desired survivor size 88080384 bytes, new threshold 15 (max threshold 15)
[2024-01-26T14:06:09.079+0000][40068][info ][gc,phases   ] GC(10)   Pre Evacuate Collection Set: 0.2ms
[2024-01-26T14:06:09.079+0000][40068][info ][gc,phases   ] GC(10)   Merge Heap Roots: 0.1ms
[2024-01-26T14:06:09.079+0000][40068][info ][gc,phases   ] GC(10)   Evacuate Collection Set: 33.4ms
[2024-01-26T14:06:09.079+0000][40068][info ][gc,phases   ] GC(10)   Post Evacuate Collection Set: 3.5ms
[2024-01-26T14:06:09.079+0000][40068][info ][gc,phases   ] GC(10)   Other: 0.1ms
[2024-01-26T14:06:09.079+0000][40068][trace][gc,age      ] GC(10) Age table with threshold 15 (max threshold 15)
[2024-01-26T14:06:09.079+0000][40068][trace][gc,age      ] GC(10) - age   1:   30341672 bytes,   30341672 total
[2024-01-26T14:06:09.079+0000][40068][trace][gc,age      ] GC(10) - age   2:    9678632 bytes,   40020304 total
[2024-01-26T14:06:09.079+0000][40068][trace][gc,age      ] GC(10) - age   3:    3041792 bytes,   43062096 total
[2024-01-26T14:06:09.079+0000][40068][trace][gc,age      ] GC(10) - age   4:    5599120 bytes,   48661216 total
[2024-01-26T14:06:09.079+0000][40068][trace][gc,age      ] GC(10) - age   5:    2846376 bytes,   51507592 total
[2024-01-26T14:06:09.079+0000][40068][trace][gc,age      ] GC(10) - age   6:    5935824 bytes,   57443416 total
[2024-01-26T14:06:09.079+0000][40068][trace][gc,age      ] GC(10) - age   7:    2223488 bytes,   59666904 total
[2024-01-26T14:06:09.079+0000][40068][info ][gc,heap     ] GC(10) Eden regions: 238->0(327)
[2024-01-26T14:06:09.079+0000][40068][info ][gc,heap     ] GC(10) Survivor regions: 8->16(42)
[2024-01-26T14:06:09.079+0000][40068][info ][gc,heap     ] GC(10) Old regions: 3->3
[2024-01-26T14:06:09.079+0000][40068][info ][gc,heap     ] GC(10) Humongous regions: 0->0
[2024-01-26T14:06:09.079+0000][40068][info ][gc,metaspace] GC(10) Metaspace: 99547K(101440K)->99547K(101440K) NonClass: 86507K(87616K)->86507K(87616K) Class: 13040K(13824K)->13040K(13824K)
[2024-01-26T14:06:09.079+0000][40068][info ][gc          ] GC(10) Pause Young (Concurrent Start) (Metadata GC Threshold) 992M->71M(3832M) 37.419ms
[2024-01-26T14:06:09.079+0000][40068][info ][gc,cpu      ] GC(10) User=0.14s Sys=0.00s Real=0.04s
[2024-01-26T14:06:09.079+0000][40068][info ][gc          ] GC(11) Concurrent Mark Cycle
[2024-01-26T14:06:09.079+0000][40068][info ][gc,marking  ] GC(11) Concurrent Scan Root Regions
[2024-01-26T14:06:09.079+0000][40068][info ][safepoint   ] Safepoint "CollectForMetadataAllocation", Time since last: 742669532 ns, Reaching safepoint: 5175 ns, Cleanup: 74766 ns, At safepoint: 37517613 ns, Total: 37597554 ns
[2024-01-26T14:06:09.101+0000][40068][info ][gc,marking  ] GC(11) Concurrent Scan Root Regions 21.187ms
[2024-01-26T14:06:09.101+0000][40068][info ][gc,marking  ] GC(11) Concurrent Mark
[2024-01-26T14:06:09.101+0000][40068][info ][gc,marking  ] GC(11) Concurrent Mark From Roots
[2024-01-26T14:06:09.101+0000][40068][info ][gc,task     ] GC(11) Using 2 workers of 2 for marking
[2024-01-26T14:06:09.104+0000][40068][info ][safepoint   ] Safepoint "CollectForMetadataAllocation", Time since last: 24437342 ns, Reaching safepoint: 24419 ns, Cleanup: 12295 ns, At safepoint: 53578 ns, Total: 90292 ns
[2024-01-26T14:06:09.109+0000][40068][info ][gc,marking  ] GC(11) Concurrent Mark From Roots 8.623ms
[2024-01-26T14:06:09.109+0000][40068][info ][gc,marking  ] GC(11) Concurrent Preclean
[2024-01-26T14:06:09.109+0000][40068][info ][gc,marking  ] GC(11) Concurrent Preclean 0.070ms
[2024-01-26T14:06:09.110+0000][40068][info ][gc,start    ] GC(11) Pause Remark
[2024-01-26T14:06:09.115+0000][40068][info ][gc          ] GC(11) Pause Remark 75M->75M(3832M) 4.832ms
[2024-01-26T14:06:09.115+0000][40068][info ][gc,cpu      ] GC(11) User=0.03s Sys=0.01s Real=0.00s
[2024-01-26T14:06:09.115+0000][40068][info ][safepoint   ] Safepoint "G1PauseRemark", Time since last: 5451570 ns, Reaching safepoint: 325130 ns, Cleanup: 8764 ns, At safepoint: 4908402 ns, Total: 5242296 ns
[2024-01-26T14:06:09.115+0000][40068][info ][gc,marking  ] GC(11) Concurrent Mark 14.094ms
[2024-01-26T14:06:09.115+0000][40068][info ][gc,marking  ] GC(11) Concurrent Rebuild Remembered Sets and Scrub Regions
[2024-01-26T14:06:09.117+0000][40068][info ][gc,marking  ] GC(11) Concurrent Rebuild Remembered Sets and Scrub Regions 2.746ms
[2024-01-26T14:06:09.118+0000][40068][info ][gc,start    ] GC(11) Pause Cleanup
[2024-01-26T14:06:09.118+0000][40068][info ][gc          ] GC(11) Pause Cleanup 75M->75M(3832M) 0.156ms
[2024-01-26T14:06:09.118+0000][40068][info ][gc,cpu      ] GC(11) User=0.00s Sys=0.00s Real=0.00s
[2024-01-26T14:06:09.118+0000][40068][info ][safepoint   ] Safepoint "G1PauseCleanup", Time since last: 2906165 ns, Reaching safepoint: 69086 ns, Cleanup: 7468 ns, At safepoint: 187493 ns, Total: 264047 ns
[2024-01-26T14:06:09.118+0000][40068][info ][gc,marking  ] GC(11) Concurrent Clear Claimed Marks
[2024-01-26T14:06:09.118+0000][40068][info ][gc,marking  ] GC(11) Concurrent Clear Claimed Marks 0.115ms
[2024-01-26T14:06:09.118+0000][40068][info ][gc,marking  ] GC(11) Concurrent Cleanup for Next Mark
[2024-01-26T14:06:09.121+0000][40068][info ][gc,marking  ] GC(11) Concurrent Cleanup for Next Mark 3.062ms
[2024-01-26T14:06:09.121+0000][40068][info ][gc          ] GC(11) Concurrent Mark Cycle 41.710ms
[2024-01-26T14:06:09.778+0000][40068][info ][safepoint   ] Safepoint "ICBufferFull", Time since last: 660251945 ns, Reaching safepoint: 4891 ns, Cleanup: 109861 ns, At safepoint: 1834 ns, Total: 116586 ns
[2024-01-26T14:06:10.812+0000][40068][info ][safepoint   ] Safepoint "Cleanup", Time since last: 1033461347 ns, Reaching safepoint: 74886 ns, Cleanup: 121117 ns, At safepoint: 4092 ns, Total: 200095 ns
[2024-01-26T14:06:11.162+0000][40068][info ][safepoint   ] Safepoint "ICBufferFull", Time since last: 349818255 ns, Reaching safepoint: 272425 ns, Cleanup: 92808 ns, At safepoint: 20160 ns, Total: 385393 ns
[2024-01-26T14:06:12.162+0000][40068][info ][safepoint   ] Safepoint "Cleanup", Time since last: 1000113155 ns, Reaching safepoint: 8445 ns, Cleanup: 59621 ns, At safepoint: 3312 ns, Total: 71378 ns
[2024-01-26T14:06:12.660+0000][40068][info ][safepoint   ] Safepoint "ICBufferFull", Time since last: 497323842 ns, Reaching safepoint: 9874 ns, Cleanup: 107939 ns, At safepoint: 3610 ns, Total: 121423 ns
[2024-01-26T14:06:13.900+0000][40068][info ][safepoint   ] Safepoint "Cleanup", Time since last: 1239988283 ns, Reaching safepoint: 10373 ns, Cleanup: 78309 ns, At safepoint: 5280 ns, Total: 93962 ns
[2024-01-26T14:06:15.900+0000][40068][info ][safepoint   ] Safepoint "Cleanup", Time since last: 2000281732 ns, Reaching safepoint: 17670 ns, Cleanup: 12943 ns, At safepoint: 2938 ns, Total: 33551 ns
[2024-01-26T14:06:16.900+0000][40068][info ][safepoint   ] Safepoint "Cleanup", Time since last: 1000245867 ns, Reaching safepoint: 20248 ns, Cleanup: 51415 ns, At safepoint: 7808 ns, Total: 79471 ns
[2024-01-26T14:06:19.901+0000][40068][info ][safepoint   ] Safepoint "Cleanup", Time since last: 3000694206 ns, Reaching safepoint: 14192 ns, Cleanup: 20657 ns, At safepoint: 5477 ns, Total: 40326 ns
[2024-01-26T14:06:20.901+0000][40068][info ][safepoint   ] Safepoint "Cleanup", Time since last: 1000276446 ns, Reaching safepoint: 13681 ns, Cleanup: 16308 ns, At safepoint: 5578 ns, Total: 35567 ns
[2024-01-26T14:06:21.902+0000][40068][info ][safepoint   ] Safepoint "Cleanup", Time since last: 1000165210 ns, Reaching safepoint: 13964 ns, Cleanup: 17362 ns, At safepoint: 4701 ns, Total: 36027 ns
[2024-01-26T14:06:27.902+0000][40068][info ][safepoint   ] Safepoint "Cleanup", Time since last: 6000738271 ns, Reaching safepoint: 10560 ns, Cleanup: 10732 ns, At safepoint: 2675 ns, Total: 23967 ns
[2024-01-26T14:06:30.903+0000][40068][info ][safepoint   ] Safepoint "Cleanup", Time since last: 3000296360 ns, Reaching safepoint: 11891 ns, Cleanup: 12388 ns, At safepoint: 3943 ns, Total: 28222 ns
[2024-01-26T14:06:31.903+0000][40068][info ][safepoint   ] Safepoint "Cleanup", Time since last: 1000156750 ns, Reaching safepoint: 15047 ns, Cleanup: 18950 ns, At safepoint: 5993 ns, Total: 39990 ns
[2024-01-26T14:06:36.904+0000][40068][info ][safepoint   ] Safepoint "Cleanup", Time since last: 5001014634 ns, Reaching safepoint: 55561 ns, Cleanup: 17935 ns, At safepoint: 6057 ns, Total: 79553 ns
[2024-01-26T14:06:39.905+0000][40068][info ][safepoint   ] Safepoint "Cleanup", Time since last: 3000683527 ns, Reaching safepoint: 51007 ns, Cleanup: 18391 ns, At safepoint: 6025 ns, Total: 75423 ns
[2024-01-26T14:06:40.905+0000][40068][info ][safepoint   ] Safepoint "Cleanup", Time since last: 1000239090 ns, Reaching safepoint: 14473 ns, Cleanup: 17032 ns, At safepoint: 5369 ns, Total: 36874 ns
[2024-01-26T14:06:41.905+0000][40068][info ][safepoint   ] Safepoint "Cleanup", Time since last: 1000153601 ns, Reaching safepoint: 87301 ns, Cleanup: 72459 ns, At safepoint: 7209 ns, Total: 166969 ns
[2024-01-26T14:06:42.913+0000][40068][info ][safepoint   ] Safepoint "Cleanup", Time since last: 1007172556 ns, Reaching safepoint: 7820 ns, Cleanup: 33025 ns, At safepoint: 4266 ns, Total: 45111 ns
[2024-01-26T14:06:43.914+0000][40068][info ][gc,heap,exit] Heap
[2024-01-26T14:06:43.914+0000][40068][info ][gc,heap,exit]  garbage-first heap   total 3923968K, used 466567K [0x0000000710800000, 0x0000000800000000)
[2024-01-26T14:06:43.914+0000][40068][info ][gc,heap,exit]   region size 4096K, 110 young (450560K), 16 survivors (65536K)
[2024-01-26T14:06:43.914+0000][40068][info ][gc,heap,exit]  Metaspace       used 133806K, committed 137536K, reserved 1179648K
[2024-01-26T14:06:43.914+0000][40068][info ][gc,heap,exit]   class space    used 18545K, committed 20352K, reserved 1048576K
