[2024-01-26T13:45:46.833+0000][35479][info][gc,init] CardTable entry size: 512
[2024-01-26T13:45:46.834+0000][35479][info][gc     ] Using G1
[2024-01-26T13:45:46.836+0000][35479][info][gc,init] Version: 21.0.1+12-29 (release)
[2024-01-26T13:45:46.836+0000][35479][info][gc,init] CPUs: 8 total, 8 available
[2024-01-26T13:45:46.836+0000][35479][info][gc,init] Memory: 7665M
[2024-01-26T13:45:46.836+0000][35479][info][gc,init] Large Page Support: Disabled
[2024-01-26T13:45:46.836+0000][35479][info][gc,init] NUMA Support: Disabled
[2024-01-26T13:45:46.836+0000][35479][info][gc,init] Compressed Oops: Enabled (32-bit)
[2024-01-26T13:45:46.836+0000][35479][info][gc,init] Heap Region Size: 1M
[2024-01-26T13:45:46.836+0000][35479][info][gc,init] Heap Min Capacity: 8M
[2024-01-26T13:45:46.836+0000][35479][info][gc,init] Heap Initial Capacity: 120M
[2024-01-26T13:45:46.836+0000][35479][info][gc,init] Heap Max Capacity: 1918M
[2024-01-26T13:45:46.836+0000][35479][info][gc,init] Pre-touch: Disabled
[2024-01-26T13:45:46.836+0000][35479][info][gc,init] Parallel Workers: 8
[2024-01-26T13:45:46.836+0000][35479][info][gc,init] Concurrent Workers: 2
[2024-01-26T13:45:46.836+0000][35479][info][gc,init] Concurrent Refinement Workers: 8
[2024-01-26T13:45:46.836+0000][35479][info][gc,init] Periodic GC: Disabled
[2024-01-26T13:45:46.843+0000][35479][info][gc,metaspace] CDS archive(s) mapped at: [0x00007efecb000000-0x00007efecbca5000-0x00007efecbca5000), size 13258752, SharedBaseAddress: 0x00007efecb000000, ArchiveRelocationMode: 1.
[2024-01-26T13:45:46.843+0000][35479][info][gc,metaspace] Compressed class space mapped at: 0x00007efecc000000-0x00007eff0c000000, reserved size: 1073741824
[2024-01-26T13:45:46.843+0000][35479][info][gc,metaspace] Narrow klass base: 0x00007efecb000000, Narrow klass shift: 0, Narrow klass range: 0x100000000
[2024-01-26T13:45:46.904+0000][35479][info][gc,heap,exit] Heap
[2024-01-26T13:45:46.904+0000][35479][info][gc,heap,exit]  garbage-first heap   total 124928K, used 3021K [0x0000000088200000, 0x0000000100000000)
[2024-01-26T13:45:46.904+0000][35479][info][gc,heap,exit]   region size 1024K, 2 young (2048K), 0 survivors (0K)
[2024-01-26T13:45:46.904+0000][35479][info][gc,heap,exit]  Metaspace       used 223K, committed 448K, reserved 1114112K
[2024-01-26T13:45:46.904+0000][35479][info][gc,heap,exit]   class space    used 6K, committed 128K, reserved 1048576K
